


ARM Macro Assembler    Page 1 


    1 00000000                 AREA             mainarea,CODE
    2 00000000                 EXPORT           process
    3 00000000         
    4 00000000         process
    5 00000000 E92D 41F0       STMFD            sp!, {r4-r8, lr}
    6 00000004         
    7 00000004 E890 00F0       LDMIA            r0, {r4-r7}
    8 00000008 442C            ADD              r4, r4, r5
    9 0000000A 6004            STR              r4, [r0]
   10 0000000C         
   11 0000000C 4638            MOV              r0, r7
   12 0000000E 47B0            BLX              r6
   13 00000010         
   14 00000010 E8BD 81F0       LDMFD            sp!, {r4-r8, pc}
   15 00000014         
   16 00000014                 END
Command Line: --debug --xref --diag_suppress=9931 --cpu=Cortex-M4.fp.sp --depen
d=.\objects\asm.d -o.\objects\asm.o -I.\RTE\_STM32F407_Flash -IC:\KEIL_V5\ARM\P
ACK\ARM\CMSIS\5.8.0\CMSIS\Core\Include -IC:\KEIL_V5\ARM\PACK\Keil\STM32F4xx_DFP
\2.15.0\Drivers\CMSIS\Device\ST\STM32F4xx\Include --predefine="__UVISION_VERSIO
N SETA 535" --predefine="_RTE_ SETA 1" --predefine="STM32F407xx SETA 1" --prede
fine="_RTE_ SETA 1" --list=.\listings\asm.lst asm\asm.s



ARM Macro Assembler    Page 1 Alphabetic symbol ordering
Relocatable symbols

mainarea 00000000

Symbol: mainarea
   Definitions
      At line 1 in file asm\asm.s
   Uses
      None
Comment: mainarea unused
process 00000000

Symbol: process
   Definitions
      At line 4 in file asm\asm.s
   Uses
      At line 2 in file asm\asm.s
Comment: process used once
2 symbols
336 symbols in table
