


ARM Macro Assembler    Page 1 


    1 00000000                 AREA             storage,DATA
    2 00000000         array
    3 00000000 00000003 
              00000007 
              0000001F 
              000000C1 
              00000002 
              FFFFFFFB 
              FFFFFF18         DCD              3, 7, 31, 193, 2, -5, -232
    4 0000001C         array_end
    5 0000001C         
    6 0000001C                 AREA             main,CODE
    7 00000000                 EXPORT           asm_main
    8 00000000         asm_main
    9 00000000 4808            LDR              r0, =array
   10 00000002 4909            LDR              r1, =array_end
   11 00000004 F04F 0200       MOV              r2, #0
   12 00000008         sum_loop
   13 00000008 4288            CMP              r0, r1
   14 0000000A D205            BHS              sum_loop_end
   15 0000000C         
   16 0000000C F850 3B04       LDR              r3, [r0], #4
   17 00000010 F000 F803       BL               mod
   18 00000014 441A            ADD              r2, r3
   19 00000016 E7F7            B                sum_loop
   20 00000018         sum_loop_end
   21 00000018         
   22 00000018 E7FE            B                .           ; Loop forever
   23 0000001A         
   24 0000001A         mod
   25 0000001A 2B00            CMP              r3, #0
   26 0000001C BFD8 425B       RSBLE            r3, r3, #0
   27 00000020 4770            BX               lr
   28 00000022         end_mod
   29 00000022         
   30 00000022 00 00           ALIGN
   31 00000024                 END
              00000000 
              00000000 
Command Line: --debug --xref --diag_suppress=9931,A1950W --cpu=Cortex-M4.fp.sp 
--depend=.\objects\main.d -o.\objects\main.o -I.\RTE\_STM32F407_Flash -IC:\User
s\Roman\AppData\Local\Arm\Packs\ARM\CMSIS\5.9.0\CMSIS\Core\Include -IC:\Users\R
oman\AppData\Local\Arm\Packs\Keil\STM32F4xx_DFP\2.17.1\Drivers\CMSIS\Device\ST\
STM32F4xx\Include --predefine="__EVAL SETA 1" --predefine="__UVISION_VERSION SE
TA 538" --predefine="_RTE_ SETA 1" --predefine="STM32F407xx SETA 1" --predefine
="_RTE_ SETA 1" --list=.\listings\main.lst asm\main.s



ARM Macro Assembler    Page 1 Alphabetic symbol ordering
Relocatable symbols

array 00000000

Symbol: array
   Definitions
      At line 2 in file asm\main.s
   Uses
      At line 9 in file asm\main.s
Comment: array used once
array_end 0000001C

Symbol: array_end
   Definitions
      At line 4 in file asm\main.s
   Uses
      At line 10 in file asm\main.s
Comment: array_end used once
storage 00000000

Symbol: storage
   Definitions
      At line 1 in file asm\main.s
   Uses
      None
Comment: storage unused
3 symbols



ARM Macro Assembler    Page 1 Alphabetic symbol ordering
Relocatable symbols

asm_main 00000000

Symbol: asm_main
   Definitions
      At line 8 in file asm\main.s
   Uses
      At line 7 in file asm\main.s
Comment: asm_main used once
end_mod 00000022

Symbol: end_mod
   Definitions
      At line 28 in file asm\main.s
   Uses
      None
Comment: end_mod unused
main 00000000

Symbol: main
   Definitions
      At line 6 in file asm\main.s
   Uses
      None
Comment: main unused
mod 0000001A

Symbol: mod
   Definitions
      At line 24 in file asm\main.s
   Uses
      At line 17 in file asm\main.s
Comment: mod used once
sum_loop 00000008

Symbol: sum_loop
   Definitions
      At line 12 in file asm\main.s
   Uses
      At line 19 in file asm\main.s
Comment: sum_loop used once
sum_loop_end 00000018

Symbol: sum_loop_end
   Definitions
      At line 20 in file asm\main.s
   Uses
      At line 14 in file asm\main.s
Comment: sum_loop_end used once
6 symbols
346 symbols in table
