


ARM Macro Assembler    Page 1 


    1 00000000                 AREA             mainarea,CODE
    2 00000000                 EXPORT           asm_main
    3 00000000         asm_main
    4 00000000         
    5 00000000 4601            MOV              r1, r0      ; copy original num
                                                            ber into r1
    6 00000002 EA4F 00C0       LSL              r0, r0, #3  ; multiply by 8 (sh
                                                            ift left by 3)
    7 00000006 EA4F 0181       LSL              r1, r1, #2  ; multiply by 4 (sh
                                                            ift left by 2)
    8 0000000A 4408            ADD              r0, r0, r1  ; add them -> 12x
    9 0000000C         
   10 0000000C EB00 0091       ADD              r0, r0, r1, LSR #2 ; add the 12
                                                            x with the original
                                                             number -> 13x
   11 00000010         
   12 00000010 E7FE            B                .           ; Loop forever
   13 00000012         
   14 00000012                 END
Command Line: --debug --xref --diag_suppress=9931 --cpu=Cortex-M4.fp.sp --depen
d=.\objects\main.d -o.\objects\main.o -I.\RTE\_STM32F407_Flash -IC:\KEIL_V5\ARM
\PACK\ARM\CMSIS\5.8.0\CMSIS\Core\Include -IC:\KEIL_V5\ARM\PACK\Keil\STM32F4xx_D
FP\2.15.0\Drivers\CMSIS\Device\ST\STM32F4xx\Include --predefine="__UVISION_VERS
ION SETA 535" --predefine="_RTE_ SETA 1" --predefine="STM32F407xx SETA 1" --pre
define="_RTE_ SETA 1" --list=.\listings\main.lst asm\main.s



ARM Macro Assembler    Page 1 Alphabetic symbol ordering
Relocatable symbols

asm_main 00000000

Symbol: asm_main
   Definitions
      At line 3 in file asm\main.s
   Uses
      At line 2 in file asm\main.s
Comment: asm_main used once
mainarea 00000000

Symbol: mainarea
   Definitions
      At line 1 in file asm\main.s
   Uses
      None
Comment: mainarea unused
2 symbols
336 symbols in table
