


ARM Macro Assembler    Page 1 


    1 00000000                 AREA             mainarea,CODE
    2 00000000                 EXPORT           asm_main
    3 00000000         asm_main
    4 00000000         
    5 00000000         ; Your instructions go here...
    6 00000000         
    7 00000000         ; multiply by 8 (LSL by 3)
    8 00000000         ; multiply by 4 (LSL by 2)
    9 00000000         ; add 1 instance of original number -> = 13x
   10 00000000         
   11 00000000 4601            MOV              r1, r0      ; copy original num
                                                            ber into r1
   12 00000002 EA4F 00C0       LSL              r0, r0, #3  ; multiply by 8 (sh
                                                            ift left by 3)
   13 00000006 EA4F 0181       LSL              r1, r1, #2  ; multiply by 4 (sh
                                                            ift left by 2)
   14 0000000A 4408            ADD              r0, r0, r1  ; add them -> 12x
   15 0000000C         
   16 0000000C EB00 0091       ADD              r0, r0, r1, LSR #2 ; add the 12
                                                            x with the original
                                                             number -> 13x
   17 00000010         
   18 00000010 E7FE            B                .           ; Loop forever
   19 00000012         
   20 00000012                 END
Command Line: --debug --xref --diag_suppress=9931,A1950W --cpu=Cortex-M4.fp.sp 
--depend=.\objects\main.d -o.\objects\main.o -I.\RTE\_STM32F407_Flash -IC:\User
s\Roman\AppData\Local\Arm\Packs\ARM\CMSIS\5.9.0\CMSIS\Core\Include -IC:\Users\R
oman\AppData\Local\Arm\Packs\Keil\STM32F4xx_DFP\2.17.1\Drivers\CMSIS\Device\ST\
STM32F4xx\Include --predefine="__EVAL SETA 1" --predefine="__UVISION_VERSION SE
TA 538" --predefine="_RTE_ SETA 1" --predefine="STM32F407xx SETA 1" --predefine
="_RTE_ SETA 1" --list=.\listings\main.lst asm\main.s



ARM Macro Assembler    Page 1 Alphabetic symbol ordering
Relocatable symbols

asm_main 00000000

Symbol: asm_main
   Definitions
      At line 3 in file asm\main.s
   Uses
      At line 2 in file asm\main.s
Comment: asm_main used once
mainarea 00000000

Symbol: mainarea
   Definitions
      At line 1 in file asm\main.s
   Uses
      None
Comment: mainarea unused
2 symbols
337 symbols in table
