


ARM Macro Assembler    Page 1 


    1 00000000                 AREA             utils, CODE, READONLY
    2 00000000                 EXPORT           getPSR
    3 00000000                 EXPORT           getCONTROL
    4 00000000         
    5 00000000         getPSR
    6 00000000 F3EF 8003       MRS              r0, xPSR
    7 00000004 4770            BX               lr
    8 00000006         
    9 00000006         getCONTROL
   10 00000006 F3EF 8014       MRS              r0, CONTROL
   11 0000000A 4770            BX               lr
   12 0000000C         
   13 0000000C                 ALIGN
   14 0000000C                 END
Command Line: --debug --xref --diag_suppress=9931 --cpu=Cortex-M4 --fpu=SoftVFP
 --depend=.\objects\mode_utils_asm.d -o.\objects\mode_utils_asm.o -I.\RTE\_STM3
2F407_Flash -IC:\KEIL_V5\ARM\PACK\ARM\CMSIS\5.8.0\CMSIS\Core\Include -IC:\KEIL_
V5\ARM\PACK\Keil\STM32F4xx_DFP\2.15.0\Drivers\CMSIS\Device\ST\STM32F4xx\Include
 --predefine="__UVISION_VERSION SETA 535" --predefine="_RTE_ SETA 1" --predefin
e="STM32F407xx SETA 1" --predefine="_RTE_ SETA 1" --list=.\listings\mode_utils_
asm.lst src\Mode_Utils\mode_utils_asm.s



ARM Macro Assembler    Page 1 Alphabetic symbol ordering
Relocatable symbols

getCONTROL 00000006

Symbol: getCONTROL
   Definitions
      At line 9 in file src\Mode_Utils\mode_utils_asm.s
   Uses
      At line 3 in file src\Mode_Utils\mode_utils_asm.s
Comment: getCONTROL used once
getPSR 00000000

Symbol: getPSR
   Definitions
      At line 5 in file src\Mode_Utils\mode_utils_asm.s
   Uses
      At line 2 in file src\Mode_Utils\mode_utils_asm.s
Comment: getPSR used once
utils 00000000

Symbol: utils
   Definitions
      At line 1 in file src\Mode_Utils\mode_utils_asm.s
   Uses
      None
Comment: utils unused
3 symbols
336 symbols in table
