Component: ARM Compiler 6.16 Tool: armlink [5dfeaa00]

==============================================================================

Section Cross References

    main.o(.text.main) refers to utils.o(.text.configClock) for configClock
    main.o(.text.main) refers to utils.o(.text.configUSART2) for configUSART2
    main.o(.text.main) refers to rt_memclr_w.o(.text) for __aeabi_memclr4
    main.o(.text.main) refers to main.o(.rodata.str1.1) for .L.str
    main.o(.text.main) refers to puts.o(.text) for puts
    main.o(.text.main) refers to list.o(.text.list_insert) for list_insert
    main.o(.text.main) refers to list.o(.text.list_next) for list_next
    main.o(.text.main) refers to printf.o(.text) for printf
    main.o(.text.main) refers to list.o(.text.list_remove) for list_remove
    main.o(.ARM.exidx.text.main) refers to main.o(.text.main) for [Anonymous Symbol]
    list.o(.ARM.exidx.text.list_insert) refers to list.o(.text.list_insert) for [Anonymous Symbol]
    list.o(.ARM.exidx.text.list_remove) refers to list.o(.text.list_remove) for [Anonymous Symbol]
    list.o(.ARM.exidx.text.list_next) refers to list.o(.text.list_next) for [Anonymous Symbol]
    hardfault.o(.ARM.exidx.text.HardFault_HandlerC) refers to hardfault.o(.text.HardFault_HandlerC) for [Anonymous Symbol]
    hardfault.o(.text.HardFault_Handler) refers to hardfault.o(.text.HardFault_HandlerC) for HardFault_HandlerC
    hardfault.o(.ARM.exidx.text.HardFault_Handler) refers to hardfault.o(.text.HardFault_Handler) for [Anonymous Symbol]
    utils.o(.text) refers (Special) to use_no_semi_2.o(.text) for __use_no_semihosting
    utils.o(.text._sys_exit) refers (Special) to use_no_semi_2.o(.text) for __use_no_semihosting
    utils.o(.ARM.exidx.text._sys_exit) refers (Special) to use_no_semi_2.o(.text) for __use_no_semihosting
    utils.o(.ARM.exidx.text._sys_exit) refers to utils.o(.text._sys_exit) for [Anonymous Symbol]
    utils.o(.text._sys_command_string) refers (Special) to use_no_semi_2.o(.text) for __use_no_semihosting
    utils.o(.ARM.exidx.text._sys_command_string) refers (Special) to use_no_semi_2.o(.text) for __use_no_semihosting
    utils.o(.ARM.exidx.text._sys_command_string) refers to utils.o(.text._sys_command_string) for [Anonymous Symbol]
    utils.o(.text.ttywrch) refers (Special) to use_no_semi_2.o(.text) for __use_no_semihosting
    utils.o(.text.ttywrch) refers to utils.o(.text.stdout_putchar) for stdout_putchar
    utils.o(.ARM.exidx.text.ttywrch) refers (Special) to use_no_semi_2.o(.text) for __use_no_semihosting
    utils.o(.ARM.exidx.text.ttywrch) refers to utils.o(.text.ttywrch) for [Anonymous Symbol]
    utils.o(.text.stdout_putchar) refers (Special) to use_no_semi_2.o(.text) for __use_no_semihosting
    utils.o(.ARM.exidx.text.stdout_putchar) refers (Special) to use_no_semi_2.o(.text) for __use_no_semihosting
    utils.o(.ARM.exidx.text.stdout_putchar) refers to utils.o(.text.stdout_putchar) for [Anonymous Symbol]
    utils.o(.text.configClock) refers (Special) to use_no_semi_2.o(.text) for __use_no_semihosting
    utils.o(.text.configClock) refers to system_stm32f4xx.o(.text.SystemCoreClockUpdate) for SystemCoreClockUpdate
    utils.o(.ARM.exidx.text.configClock) refers (Special) to use_no_semi_2.o(.text) for __use_no_semihosting
    utils.o(.ARM.exidx.text.configClock) refers to utils.o(.text.configClock) for [Anonymous Symbol]
    utils.o(.text.configUSART2) refers (Special) to use_no_semi_2.o(.text) for __use_no_semihosting
    utils.o(.text.configUSART2) refers to system_stm32f4xx.o(.data.SystemCoreClock) for SystemCoreClock
    utils.o(.text.configUSART2) refers to utils.o(.data.configUSART2.hpre) for configUSART2.hpre
    utils.o(.text.configUSART2) refers to utils.o(.data.configUSART2.ppre1) for configUSART2.ppre1
    utils.o(.ARM.exidx.text.configUSART2) refers (Special) to use_no_semi_2.o(.text) for __use_no_semihosting
    utils.o(.ARM.exidx.text.configUSART2) refers to utils.o(.text.configUSART2) for [Anonymous Symbol]
    utils.o(.data.configUSART2.ppre1) refers (Special) to use_no_semi_2.o(.text) for __use_no_semihosting
    utils.o(.data.configUSART2.hpre) refers (Special) to use_no_semi_2.o(.text) for __use_no_semihosting
    retarget_io.o(.text._sys_open) refers to retarget_io.o(.rodata.str1.1) for .L.str
    retarget_io.o(.text._sys_open) refers to strcmpv7em.o(.text) for strcmp
    retarget_io.o(.ARM.exidx.text._sys_open) refers to retarget_io.o(.text._sys_open) for [Anonymous Symbol]
    retarget_io.o(.ARM.exidx.text._sys_close) refers to retarget_io.o(.text._sys_close) for [Anonymous Symbol]
    retarget_io.o(.text._sys_write) refers to utils.o(.text.stdout_putchar) for stdout_putchar
    retarget_io.o(.ARM.exidx.text._sys_write) refers to retarget_io.o(.text._sys_write) for [Anonymous Symbol]
    retarget_io.o(.ARM.exidx.text._sys_read) refers to retarget_io.o(.text._sys_read) for [Anonymous Symbol]
    retarget_io.o(.text._ttywrch) refers to utils.o(.text.ttywrch) for ttywrch
[...]
    .ARM.Collect$$_printf_percent$$00000017  0x08000288   Section        4  _printf_percent_end.o(.ARM.Collect$$_printf_percent$$00000017)
    .ARM.Collect$$libinit$$00000000          0x0800028c   Section        2  libinit.o(.ARM.Collect$$libinit$$00000000)
    .ARM.Collect$$libinit$$00000001          0x0800028e   Section        4  libinit2.o(.ARM.Collect$$libinit$$00000001)
    .ARM.Collect$$libinit$$00000004          0x08000292   Section        0  libinit2.o(.ARM.Collect$$libinit$$00000004)
    .ARM.Collect$$libinit$$00000005          0x08000292   Section        8  libinit2.o(.ARM.Collect$$libinit$$00000005)
    .ARM.Collect$$libinit$$0000000A          0x0800029a   Section        0  libinit2.o(.ARM.Collect$$libinit$$0000000A)
    .ARM.Collect$$libinit$$0000000C          0x0800029a   Section        0  libinit2.o(.ARM.Collect$$libinit$$0000000C)
    .ARM.Collect$$libinit$$0000000E          0x0800029a   Section        0  libinit2.o(.ARM.Collect$$libinit$$0000000E)
    .ARM.Collect$$libinit$$0000000F          0x0800029a   Section        6  libinit2.o(.ARM.Collect$$libinit$$0000000F)
    .ARM.Collect$$libinit$$00000011          0x080002a0   Section        0  libinit2.o(.ARM.Collect$$libinit$$00000011)
    .ARM.Collect$$libinit$$00000012          0x080002a0   Section       12  libinit2.o(.ARM.Collect$$libinit$$00000012)
    .ARM.Collect$$libinit$$00000013          0x080002ac   Section        0  libinit2.o(.ARM.Collect$$libinit$$00000013)
    .ARM.Collect$$libinit$$00000015          0x080002ac   Section        0  libinit2.o(.ARM.Collect$$libinit$$00000015)
    .ARM.Collect$$libinit$$00000016          0x080002ac   Section       10  libinit2.o(.ARM.Collect$$libinit$$00000016)
    .ARM.Collect$$libinit$$00000017          0x080002b6   Section        0  libinit2.o(.ARM.Collect$$libinit$$00000017)
    .ARM.Collect$$libinit$$00000019          0x080002b6   Section        0  libinit2.o(.ARM.Collect$$libinit$$00000019)
    .ARM.Collect$$libinit$$0000001B          0x080002b6   Section        0  libinit2.o(.ARM.Collect$$libinit$$0000001B)
    .ARM.Collect$$libinit$$0000001D          0x080002b6   Section        0  libinit2.o(.ARM.Collect$$libinit$$0000001D)
    .ARM.Collect$$libinit$$0000001F          0x080002b6   Section        0  libinit2.o(.ARM.Collect$$libinit$$0000001F)
    .ARM.Collect$$libinit$$00000021          0x080002b6   Section        0  libinit2.o(.ARM.Collect$$libinit$$00000021)
    .ARM.Collect$$libinit$$00000023          0x080002b6   Section        0  libinit2.o(.ARM.Collect$$libinit$$00000023)
    .ARM.Collect$$libinit$$00000024          0x080002b6   Section        4  libinit2.o(.ARM.Collect$$libinit$$00000024)
    .ARM.Collect$$libinit$$00000025          0x080002ba   Section        0  libinit2.o(.ARM.Collect$$libinit$$00000025)
    .ARM.Collect$$libinit$$0000002C          0x080002ba   Section        0  libinit2.o(.ARM.Collect$$libinit$$0000002C)
    .ARM.Collect$$libinit$$0000002E          0x080002ba   Section        0  libinit2.o(.ARM.Collect$$libinit$$0000002E)
    .ARM.Collect$$libinit$$00000030          0x080002ba   Section        0  libinit2.o(.ARM.Collect$$libinit$$00000030)
    .ARM.Collect$$libinit$$00000032          0x080002ba   Section        0  libinit2.o(.ARM.Collect$$libinit$$00000032)
    .ARM.Collect$$libinit$$00000033          0x080002ba   Section        2  libinit2.o(.ARM.Collect$$libinit$$00000033)
    .ARM.Collect$$libshutdown$$00000000      0x080002bc   Section        2  libshutdown.o(.ARM.Collect$$libshutdown$$00000000)
    .ARM.Collect$$libshutdown$$00000002      0x080002be   Section        0  libshutdown2.o(.ARM.Collect$$libshutdown$$00000002)
    .ARM.Collect$$libshutdown$$00000003      0x080002be   Section        4  libshutdown2.o(.ARM.Collect$$libshutdown$$00000003)
    .ARM.Collect$$libshutdown$$00000004      0x080002c2   Section        0  libshutdown2.o(.ARM.Collect$$libshutdown$$00000004)
    .ARM.Collect$$libshutdown$$00000007      0x080002c2   Section        0  libshutdown2.o(.ARM.Collect$$libshutdown$$00000007)
    .ARM.Collect$$libshutdown$$0000000A      0x080002c2   Section        0  libshutdown2.o(.ARM.Collect$$libshutdown$$0000000A)
    .ARM.Collect$$libshutdown$$0000000C      0x080002c2   Section        0  libshutdown2.o(.ARM.Collect$$libshutdown$$0000000C)
    .ARM.Collect$$libshutdown$$0000000F      0x080002c2   Section        0  libshutdown2.o(.ARM.Collect$$libshutdown$$0000000F)
    .ARM.Collect$$libshutdown$$00000010      0x080002c2   Section        2  libshutdown2.o(.ARM.Collect$$libshutdown$$00000010)
    .ARM.Collect$$rtentry$$00000000          0x080002c4   Section        0  __rtentry.o(.ARM.Collect$$rtentry$$00000000)
    .ARM.Collect$$rtentry$$00000002          0x080002c4   Section        0  __rtentry2.o(.ARM.Collect$$rtentry$$00000002)
    .ARM.Collect$$rtentry$$00000004          0x080002c4   Section        6  __rtentry4.o(.ARM.Collect$$rtentry$$00000004)
    .ARM.Collect$$rtentry$$00000009          0x080002ca   Section        0  __rtentry2.o(.ARM.Collect$$rtentry$$00000009)
    .ARM.Collect$$rtentry$$0000000A          0x080002ca   Section        4  __rtentry2.o(.ARM.Collect$$rtentry$$0000000A)
    .ARM.Collect$$rtentry$$0000000C          0x080002ce   Section        0  __rtentry2.o(.ARM.Collect$$rtentry$$0000000C)
    .ARM.Collect$$rtentry$$0000000D          0x080002ce   Section        8  __rtentry2.o(.ARM.Collect$$rtentry$$0000000D)
    .ARM.Collect$$rtexit$$00000000           0x080002d6   Section        2  rtexit.o(.ARM.Collect$$rtexit$$00000000)
    .ARM.Collect$$rtexit$$00000002           0x080002d8   Section        0  rtexit2.o(.ARM.Collect$$rtexit$$00000002)
    .ARM.Collect$$rtexit$$00000003           0x080002d8   Section        4  rtexit2.o(.ARM.Collect$$rtexit$$00000003)
    .ARM.Collect$$rtexit$$00000004           0x080002dc   Section        6  rtexit2.o(.ARM.Collect$$rtexit$$00000004)
    $v0                                      0x080002e4   Number         0  startup_stm32f407xx.o(.text)
    .text                                    0x080002e4   Section       64  startup_stm32f407xx.o(.text)
    .text                                    0x08000324   Section        2  use_no_semi_2.o(.text)
    .text                                    0x08000328   Section        0  printf.o(.text)
    .text                                    0x08000340   Section        0  puts.o(.text)
    .text                                    0x0800036c   Section       78  rt_memclr_w.o(.text)
    .text                                    0x080003c0   Section      124  strcmpv7em.o(.text)
    .text                                    0x0800043c   Section        0  heapauxi.o(.text)
    .text                                    0x08000442   Section        2  use_no_semi.o(.text)
    .text                                    0x08000444   Section        0  _printf_pad.o(.text)
    .text                                    0x08000492   Section        0  _printf_truncate.o(.text)
    .text                                    0x080004b6   Section        0  _printf_str.o(.text)
    .text                                    0x08000508   Section        0  _printf_dec.o(.text)
    .text                                    0x08000580   Section        0  _printf_charcount.o(.text)
    .text                                    0x080005a8   Section        0  _printf_char_file.o(.text)
    .text                                    0x080005cc   Section        0  _printf_wctomb.o(.text)
    .text                                    0x08000688   Section        0  _printf_longlong_dec.o(.text)
    _printf_longlong_oct_internal            0x08000705   Thumb Code     0  _printf_oct_int_ll.o(.text)
    .text                                    0x08000704   Section        0  _printf_oct_int_ll.o(.text)
    _printf_hex_common                       0x08000775   Thumb Code     0  _printf_hex_int_ll_ptr.o(.text)
    .text                                    0x08000774   Section        0  _printf_hex_int_ll_ptr.o(.text)
    .text                                    0x08000808   Section        0  __printf_flags_ss_wp.o(.text)
    .text                                    0x08000990   Section      138  lludiv10.o(.text)
    .text                                    0x08000a1a   Section        0  _printf_intcommon.o(.text)
    _fp_digits                               0x08000acd   Thumb Code   432  _printf_fp_dec.o(.text)
    .text                                    0x08000acc   Section        0  _printf_fp_dec.o(.text)
    .text                                    0x08000ee8   Section        0  _printf_fp_hex.o(.text)
    _printf_input_char                       0x080011e5   Thumb Code    10  _printf_char_common.o(.text)
    .text                                    0x080011e4   Section        0  _printf_char_common.o(.text)
    .text                                    0x08001214   Section        0  _printf_char.o(.text)
    .text                                    0x08001240   Section        0  _printf_wchar.o(.text)
    .text                                    0x0800126c   Section        0  ferror.o(.text)
    .text                                    0x08001274   Section        0  flsbuf.o(.text)
    .text                                    0x0800144c   Section        0  initio.o(.text)
    .text                                    0x08001584   Section        0  _c16rtomb.o(.text)
    .text                                    0x080015cc   Section       74  sys_stackheap_outer.o(.text)
    .text                                    0x08001618   Section       16  rt_ctype_table.o(.text)
    .text                                    0x08001628   Section        8  rt_locale_intlibspace.o(.text)
    .text                                    0x08001630   Section        0  h1_alloc.o(.text)
    .text                                    0x0800168e   Section        0  h1_free.o(.text)
    .text                                    0x080016dc   Section        0  _printf_fp_infnan.o(.text)
    .text                                    0x0800175c   Section        0  bigflt0.o(.text)
    .text                                    0x08001840   Section        0  setvbuf.o(.text)
    .text                                    0x08001888   Section        0  stdio.o(.text)
    _freopen_locked                          0x08001979   Thumb Code     0  fopen.o(.text)
    .text                                    0x08001978   Section        0  fopen.o(.text)
    .text                                    0x08001a68   Section        0  fclose.o(.text)
    .text                                    0x08001ab4   Section        0  exit.o(.text)
    .text                                    0x08001ac6   Section        0  defsig_rtred_outer.o(.text)
    .text                                    0x08001ad4   Section        8  libspace.o(.text)
    .text                                    0x08001adc   Section        8  rt_heap_descriptor_intlibspace.o(.text)
    .text                                    0x08001ae4   Section        0  hguard.o(.text)
    .text                                    0x08001ae8   Section        0  init_alloc.o(.text)
    .text                                    0x08001b72   Section        0  h1_init.o(.text)
    .text                                    0x08001b80   Section        0  fseek.o(.text)
    .text                                    0x08001c78   Section        0  defsig_exit.o(.text)
    .text                                    0x08001c84   Section        0  defsig_rtred_inner.o(.text)
    .text                                    0x08001cb8   Section        0  maybetermalloc1.o(.text)
    .text                                    0x08001cb8   Section        0  h1_extend.o(.text)
    .text                                    0x08001cec   Section        0  ftell.o(.text)
    .text                                    0x08001d2e   Section        0  defsig_general.o(.text)
    .text                                    0x08001d60   Section        0  defsig_rtmem_outer.o(.text)
    .text                                    0x08001d70   Section        8  rt_errno_addr_intlibspace.o(.text)
    .text                                    0x08001d78   Section        0  defsig_rtmem_inner.o(.text)
    [Anonymous Symbol]                       0x08001dc8   Section        0  hardfault.o(.text.HardFault_Handler)
    [Anonymous Symbol]                       0x08001ddc   Section        0  hardfault.o(.text.HardFault_HandlerC)
    [Anonymous Symbol]                       0x08001e60   Section        0  system_stm32f4xx.o(.text.SystemCoreClockUpdate)
    [Anonymous Symbol]                       0x08001f90   Section        0  system_stm32f4xx.o(.text.SystemInit)
    [Anonymous Symbol]                       0x08001fa4   Section        0  retarget_io.o(.text._sys_close)
    [Anonymous Symbol]                       0x08001ff0   Section        0  utils.o(.text._sys_exit)
    [Anonymous Symbol]                       0x08001ff8   Section        0  retarget_io.o(.text._sys_flen)
    [Anonymous Symbol]                       0x08002040   Section        0  retarget_io.o(.text._sys_istty)
    [Anonymous Symbol]                       0x08002088   Section        0  retarget_io.o(.text._sys_open)
    [Anonymous Symbol]                       0x0800210c   Section        0  retarget_io.o(.text._sys_seek)
    [Anonymous Symbol]                       0x08002160   Section        0  retarget_io.o(.text._sys_write)
    [Anonymous Symbol]                       0x080021d8   Section        0  retarget_io.o(.text._ttywrch)
    [Anonymous Symbol]                       0x080021e8   Section        0  utils.o(.text.configClock)
    [Anonymous Symbol]                       0x080022a4   Section        0  utils.o(.text.configUSART2)
    [Anonymous Symbol]                       0x08002364   Section        0  list.o(.text.list_insert)
    [Anonymous Symbol]                       0x080023ac   Section        0  list.o(.text.list_next)
    [Anonymous Symbol]                       0x080023c4   Section        0  list.o(.text.list_remove)
    [Anonymous Symbol]                       0x0800240c   Section        0  main.o(.text.main)
    [Anonymous Symbol]                       0x080025cc   Section        0  utils.o(.text.stdout_putchar)
    [Anonymous Symbol]                       0x080025f8   Section        0  utils.o(.text.ttywrch)
    CL$$btod_d2e                             0x08002608   Section       62  btod.o(CL$$btod_d2e)
    CL$$btod_d2e_denorm_low                  0x08002646   Section       70  btod.o(CL$$btod_d2e_denorm_low)
    CL$$btod_d2e_norm_op1                    0x0800268c   Section       96  btod.o(CL$$btod_d2e_norm_op1)
    CL$$btod_div_common                      0x080026ec   Section      824  btod.o(CL$$btod_div_common)
    CL$$btod_e2e                             0x08002a24   Section      220  btod.o(CL$$btod_e2e)
    CL$$btod_ediv                            0x08002b00   Section       42  btod.o(CL$$btod_ediv)
    CL$$btod_emul                            0x08002b2a   Section       42  btod.o(CL$$btod_emul)
    CL$$btod_mult_common                     0x08002b54   Section      580  btod.o(CL$$btod_mult_common)
    i.__ARM_fpclassify                       0x08002d98   Section        0  fpclassify.o(i.__ARM_fpclassify)
    i._is_digit                              0x08002dc8   Section        0  __printf_wp.o(i._is_digit)
    i.fputc                                  0x08002dd6   Section        0  fputc.o(i.fputc)
    locale$$code                             0x08002df0   Section       44  lc_numeric_c.o(locale$$code)
    locale$$code                             0x08002e1c   Section       44  lc_ctype_c.o(locale$$code)
    $v0                                      0x08002e48   Number         0  fpinit.o(x$fpl$fpinit)
    x$fpl$fpinit                             0x08002e48   Section       26  fpinit.o(x$fpl$fpinit)
    $v0                                      0x08002e62   Number         0  printf1.o(x$fpl$printf1)
    x$fpl$printf1                            0x08002e62   Section        4  printf1.o(x$fpl$printf1)
    $v0                                      0x08002e66   Number         0  printf2.o(x$fpl$printf2)
    x$fpl$printf2                            0x08002e66   Section        4  printf2.o(x$fpl$printf2)
    x$fpl$usenofp                            0x08002e6a   Section        0  usenofp.o(x$fpl$usenofp)
    initial_mbstate                          0x08002e6c   Data           8  _printf_wctomb.o(.constdata)
    .constdata                               0x08002e6c   Section        8  _printf_wctomb.o(.constdata)
    uc_hextab                                0x08002e74   Data          20  _printf_hex_int_ll_ptr.o(.constdata)
    .constdata                               0x08002e74   Section       40  _printf_hex_int_ll_ptr.o(.constdata)
    lc_hextab                                0x08002e88   Data          20  _printf_hex_int_ll_ptr.o(.constdata)
    maptable                                 0x08002e9c   Data          17  __printf_flags_ss_wp.o(.constdata)
    .constdata                               0x08002e9c   Section       17  __printf_flags_ss_wp.o(.constdata)
    lc_hextab                                0x08002ead   Data          19  _printf_fp_hex.o(.constdata)
    .constdata                               0x08002ead   Section       38  _printf_fp_hex.o(.constdata)
    uc_hextab                                0x08002ec0   Data          19  _printf_fp_hex.o(.constdata)
    tenpwrs_x                                0x08002ed4   Data          60  bigflt0.o(.constdata)
    .constdata                               0x08002ed4   Section      148  bigflt0.o(.constdata)
    tenpwrs_i                                0x08002f10   Data          64  bigflt0.o(.constdata)
    .L.str.8                                 0x08002f8f   Data          27  main.o(.rodata.str1.1)
    [Anonymous Symbol]                       0x08002f8f   Section        0  main.o(.rodata.str1.1)
    .L.str.9                                 0x08002faa   Data          26  main.o(.rodata.str1.1)
    .L.str.6                                 0x08002fc4   Data          25  main.o(.rodata.str1.1)
    .L.str.10                                0x08002fdd   Data          25  main.o(.rodata.str1.1)
    .L.str.7                                 0x08002ff6   Data          11  main.o(.rodata.str1.1)
    .L.str.1                                 0x08003001   Data           7  main.o(.rodata.str1.1)
    .L.str.2                                 0x08003008   Data           6  main.o(.rodata.str1.1)
    .L.str.4                                 0x0800300e   Data           6  main.o(.rodata.str1.1)
    .L.str.3                                 0x08003014   Data           7  main.o(.rodata.str1.1)
    .L.str.5                                 0x0800301b   Data           6  main.o(.rodata.str1.1)
    .L.str                                   0x08003021   Data           6  main.o(.rodata.str1.1)
    .L.str                                   0x08003027   Data           7  retarget_io.o(.rodata.str1.1)
    [Anonymous Symbol]                       0x08003027   Section        0  retarget_io.o(.rodata.str1.1)
    .L.str.2                                 0x0800302e   Data           8  retarget_io.o(.rodata.str1.1)
    .L.str.1                                 0x08003036   Data           8  retarget_io.o(.rodata.str1.1)
    locale$$data                             0x08003060   Section       28  lc_numeric_c.o(locale$$data)
    __lcnum_c_name                           0x08003064   Data           2  lc_numeric_c.o(locale$$data)
    __lcnum_c_start                          0x0800306c   Data           0  lc_numeric_c.o(locale$$data)
    __lcnum_c_point                          0x08003078   Data           0  lc_numeric_c.o(locale$$data)
    __lcnum_c_thousands                      0x0800307a   Data           0  lc_numeric_c.o(locale$$data)
    __lcnum_c_grouping                       0x0800307b   Data           0  lc_numeric_c.o(locale$$data)
    __lcnum_c_end                            0x0800307c   Data           0  lc_numeric_c.o(locale$$data)
    locale$$data                             0x0800307c   Section      272  lc_ctype_c.o(locale$$data)
    __lcctype_c_name                         0x08003080   Data           2  lc_ctype_c.o(locale$$data)
    __lcctype_c_start                        0x08003088   Data           0  lc_ctype_c.o(locale$$data)
    __lcctype_c_end                          0x0800318c   Data           0  lc_ctype_c.o(locale$$data)
    .data                                    0x20000000   Section        4  stdio_streams.o(.data)
    .data                                    0x20000004   Section        4  stdio_streams.o(.data)
    .data                                    0x20000008   Section        4  stdio_streams.o(.data)
    configUSART2.hpre                        0x20000010   Data          64  utils.o(.data.configUSART2.hpre)
    [Anonymous Symbol]                       0x20000010   Section        0  utils.o(.data.configUSART2.hpre)
    configUSART2.ppre1                       0x20000050   Data          32  utils.o(.data.configUSART2.ppre1)
    [Anonymous Symbol]                       0x20000050   Section        0  utils.o(.data.configUSART2.ppre1)
    .bss                                     0x20000070   Section       84  stdio_streams.o(.bss)
    .bss                                     0x200000c4   Section       84  stdio_streams.o(.bss)
    .bss                                     0x20000118   Section       84  stdio_streams.o(.bss)
    .bss                                     0x2000016c   Section       96  libspace.o(.bss)
    Heap_Mem                                 0x200001d0   Data         512  startup_stm32f407xx.o(HEAP)
    HEAP                                     0x200001d0   Section      512  startup_stm32f407xx.o(HEAP)
    Stack_Mem                                0x200003d0   Data        1024  startup_stm32f407xx.o(STACK)
    STACK                                    0x200003d0   Section     1024  startup_stm32f407xx.o(STACK)
    __initial_sp                             0x200007d0   Data           0  startup_stm32f407xx.o(STACK)

    Global Symbols

    Symbol Name                              Value     Ov Type        Size  Object(Section)

    BuildAttributes$$THM_ISAv4$E$P$D$K$B$S$7EM$VFPi3$EXTD16$VFPS$VFMA$PE$A:L22UL41UL21$X:L11$S22US41US21$IEEE1$IW$~IW$USESV6$~STKCKD$USESV7$~SHL$OTIME$ROPI$IEEEJ$EBA8$UX$STANDARDLIB$REQ8$PRES8$EABIv2 0x00000000   Number         0  anon$$obj.o ABSOLUTE
    _printf_flags                            0x00000000   Number         0  printf_stubs.o ABSOLUTE
    _printf_return_value                     0x00000000   Number         0  printf_stubs.o ABSOLUTE
    _printf_sizespec                         0x00000000   Number         0  printf_stubs.o ABSOLUTE
    _printf_widthprec                        0x00000000   Number         0  printf_stubs.o ABSOLUTE
    __ARM_exceptions_init                     - Undefined Weak Reference
    __alloca_initialize                       - Undefined Weak Reference
    __arm_preinit_                            - Undefined Weak Reference
    __cpp_initialize__aeabi_                  - Undefined Weak Reference
    __cxa_finalize                            - Undefined Weak Reference
    __sigvec_lookup                           - Undefined Weak Reference
    __user_heap_extent                        - Undefined Weak Reference
    _atexit_init                              - Undefined Weak Reference
    _call_atexit_fns                          - Undefined Weak Reference
    _clock_init                               - Undefined Weak Reference
    _fp_trap_init                             - Undefined Weak Reference
    _fp_trap_shutdown                         - Undefined Weak Reference
    _get_lc_collate                           - Undefined Weak Reference
    _get_lc_monetary                          - Undefined Weak Reference
    _get_lc_time                              - Undefined Weak Reference
    _getenv_init                              - Undefined Weak Reference
    _handle_redirection                       - Undefined Weak Reference
    _mutex_acquire                            - Undefined Weak Reference
    _mutex_free                               - Undefined Weak Reference
    _mutex_release                            - Undefined Weak Reference
    _printf_mbtowc                            - Undefined Weak Reference
    _printf_wc                                - Undefined Weak Reference
    _rand_init                                - Undefined Weak Reference
    _signal_finish                            - Undefined Weak Reference
    _signal_init                              - Undefined Weak Reference
    __Vectors_Size                           0x00000188   Number         0  startup_stm32f407xx.o ABSOLUTE
    __Vectors                                0x08000000   Data           4  startup_stm32f407xx.o(RESET)
    __Vectors_End                            0x08000188   Data           0  startup_stm32f407xx.o(RESET)
    __main                                   0x08000189   Thumb Code     8  __main.o(!!!main)
    __scatterload                            0x08000191   Thumb Code     0  __scatter.o(!!!scatter)
    __scatterload_rt2                        0x08000191   Thumb Code    44  __scatter.o(!!!scatter)
    __scatterload_rt2_thumb_only             0x08000191   Thumb Code     0  __scatter.o(!!!scatter)
    __scatterload_null                       0x0800019f   Thumb Code     0  __scatter.o(!!!scatter)
    __scatterload_copy                       0x080001c5   Thumb Code    26  __scatter_copy.o(!!handler_copy)
    __scatterload_zeroinit                   0x080001e1   Thumb Code    28  __scatter_zi.o(!!handler_zi)
    _printf_n                                0x080001fd   Thumb Code     0  _printf_n.o(.ARM.Collect$$_printf_percent$$00000001)
    _printf_percent                          0x080001fd   Thumb Code     0  _printf_percent.o(.ARM.Collect$$_printf_percent$$00000000)
    _printf_p                                0x08000203   Thumb Code     0  _printf_p.o(.ARM.Collect$$_printf_percent$$00000002)
    _printf_f                                0x08000209   Thumb Code     0  _printf_f.o(.ARM.Collect$$_printf_percent$$00000003)
    _printf_e                                0x0800020f   Thumb Code     0  _printf_e.o(.ARM.Collect$$_printf_percent$$00000004)
    _printf_g                                0x08000215   Thumb Code     0  _printf_g.o(.ARM.Collect$$_printf_percent$$00000005)
    _printf_a                                0x0800021b   Thumb Code     0  _printf_a.o(.ARM.Collect$$_printf_percent$$00000006)
    _printf_ll                               0x08000221   Thumb Code     0  _printf_ll.o(.ARM.Collect$$_printf_percent$$00000007)
    _printf_i                                0x0800022b   Thumb Code     0  _printf_i.o(.ARM.Collect$$_printf_percent$$00000008)
    _printf_d                                0x08000231   Thumb Code     0  _printf_d.o(.ARM.Collect$$_printf_percent$$00000009)
    _printf_u                                0x08000237   Thumb Code     0  _printf_u.o(.ARM.Collect$$_printf_percent$$0000000A)
    _printf_o                                0x0800023d   Thumb Code     0  _printf_o.o(.ARM.Collect$$_printf_percent$$0000000B)
    _printf_x                                0x08000243   Thumb Code     0  _printf_x.o(.ARM.Collect$$_printf_percent$$0000000C)
    _printf_lli                              0x08000249   Thumb Code     0  _printf_lli.o(.ARM.Collect$$_printf_percent$$0000000D)
    _printf_lld                              0x0800024f   Thumb Code     0  _printf_lld.o(.ARM.Collect$$_printf_percent$$0000000E)
    _printf_llu                              0x08000255   Thumb Code     0  _printf_llu.o(.ARM.Collect$$_printf_percent$$0000000F)
    _printf_llo                              0x0800025b   Thumb Code     0  _printf_llo.o(.ARM.Collect$$_printf_percent$$00000010)
    _printf_llx                              0x08000261   Thumb Code     0  _printf_llx.o(.ARM.Collect$$_printf_percent$$00000011)
    _printf_l                                0x08000267   Thumb Code     0  _printf_l.o(.ARM.Collect$$_printf_percent$$00000012)
    _printf_c                                0x08000271   Thumb Code     0  _printf_c.o(.ARM.Collect$$_printf_percent$$00000013)
    _printf_s                                0x08000277   Thumb Code     0  _printf_s.o(.ARM.Collect$$_printf_percent$$00000014)
    _printf_lc                               0x0800027d   Thumb Code     0  _printf_lc.o(.ARM.Collect$$_printf_percent$$00000015)
    _printf_ls                               0x08000283   Thumb Code     0  _printf_ls.o(.ARM.Collect$$_printf_percent$$00000016)
    _printf_percent_end                      0x08000289   Thumb Code     0  _printf_percent_end.o(.ARM.Collect$$_printf_percent$$00000017)
    __rt_lib_init                            0x0800028d   Thumb Code     0  libinit.o(.ARM.Collect$$libinit$$00000000)
    __rt_lib_init_fp_1                       0x0800028f   Thumb Code     0  libinit2.o(.ARM.Collect$$libinit$$00000001)
    __rt_lib_init_heap_2                     0x08000293   Thumb Code     0  libinit2.o(.ARM.Collect$$libinit$$00000005)
    __rt_lib_init_preinit_1                  0x08000293   Thumb Code     0  libinit2.o(.ARM.Collect$$libinit$$00000004)
    __rt_lib_init_heap_1                     0x0800029b   Thumb Code     0  libinit2.o(.ARM.Collect$$libinit$$0000000A)
    __rt_lib_init_lc_common                  0x0800029b   Thumb Code     0  libinit2.o(.ARM.Collect$$libinit$$0000000F)
    __rt_lib_init_rand_1                     0x0800029b   Thumb Code     0  libinit2.o(.ARM.Collect$$libinit$$0000000E)
    __rt_lib_init_user_alloc_1               0x0800029b   Thumb Code     0  libinit2.o(.ARM.Collect$$libinit$$0000000C)
    __rt_lib_init_lc_collate_1               0x080002a1   Thumb Code     0  libinit2.o(.ARM.Collect$$libinit$$00000011)
    __rt_lib_init_lc_ctype_2                 0x080002a1   Thumb Code     0  libinit2.o(.ARM.Collect$$libinit$$00000012)
    __rt_lib_init_lc_ctype_1                 0x080002ad   Thumb Code     0  libinit2.o(.ARM.Collect$$libinit$$00000013)
    __rt_lib_init_lc_monetary_1              0x080002ad   Thumb Code     0  libinit2.o(.ARM.Collect$$libinit$$00000015)
    __rt_lib_init_lc_numeric_2               0x080002ad   Thumb Code     0  libinit2.o(.ARM.Collect$$libinit$$00000016)
    __rt_lib_init_atexit_1                   0x080002b7   Thumb Code     0  libinit2.o(.ARM.Collect$$libinit$$0000001B)
    __rt_lib_init_clock_1                    0x080002b7   Thumb Code     0  libinit2.o(.ARM.Collect$$libinit$$00000021)
    __rt_lib_init_fp_trap_1                  0x080002b7   Thumb Code     0  libinit2.o(.ARM.Collect$$libinit$$0000001F)
    __rt_lib_init_getenv_1                   0x080002b7   Thumb Code     0  libinit2.o(.ARM.Collect$$libinit$$00000023)
    __rt_lib_init_lc_numeric_1               0x080002b7   Thumb Code     0  libinit2.o(.ARM.Collect$$libinit$$00000017)
    __rt_lib_init_lc_time_1                  0x080002b7   Thumb Code     0  libinit2.o(.ARM.Collect$$libinit$$00000019)
    __rt_lib_init_signal_1                   0x080002b7   Thumb Code     0  libinit2.o(.ARM.Collect$$libinit$$0000001D)
    __rt_lib_init_stdio_2                    0x080002b7   Thumb Code     0  libinit2.o(.ARM.Collect$$libinit$$00000024)
    __rt_lib_init_alloca_1                   0x080002bb   Thumb Code     0  libinit2.o(.ARM.Collect$$libinit$$0000002E)
    __rt_lib_init_argv_1                     0x080002bb   Thumb Code     0  libinit2.o(.ARM.Collect$$libinit$$0000002C)
    __rt_lib_init_cpp_1                      0x080002bb   Thumb Code     0  libinit2.o(.ARM.Collect$$libinit$$00000032)
    __rt_lib_init_exceptions_1               0x080002bb   Thumb Code     0  libinit2.o(.ARM.Collect$$libinit$$00000030)
    __rt_lib_init_return                     0x080002bb   Thumb Code     0  libinit2.o(.ARM.Collect$$libinit$$00000033)
    __rt_lib_init_stdio_1                    0x080002bb   Thumb Code     0  libinit2.o(.ARM.Collect$$libinit$$00000025)
    __rt_lib_shutdown                        0x080002bd   Thumb Code     0  libshutdown.o(.ARM.Collect$$libshutdown$$00000000)
    __rt_lib_shutdown_cpp_1                  0x080002bf   Thumb Code     0  libshutdown2.o(.ARM.Collect$$libshutdown$$00000002)
    __rt_lib_shutdown_stdio_2                0x080002bf   Thumb Code     0  libshutdown2.o(.ARM.Collect$$libshutdown$$00000003)
    __rt_lib_shutdown_fp_trap_1              0x080002c3   Thumb Code     0  libshutdown2.o(.ARM.Collect$$libshutdown$$00000007)
    __rt_lib_shutdown_heap_1                 0x080002c3   Thumb Code     0  libshutdown2.o(.ARM.Collect$$libshutdown$$0000000F)
    __rt_lib_shutdown_return                 0x080002c3   Thumb Code     0  libshutdown2.o(.ARM.Collect$$libshutdown$$00000010)
    __rt_lib_shutdown_signal_1               0x080002c3   Thumb Code     0  libshutdown2.o(.ARM.Collect$$libshutdown$$0000000A)
    __rt_lib_shutdown_stdio_1                0x080002c3   Thumb Code     0  libshutdown2.o(.ARM.Collect$$libshutdown$$00000004)
    __rt_lib_shutdown_user_alloc_1           0x080002c3   Thumb Code     0  libshutdown2.o(.ARM.Collect$$libshutdown$$0000000C)
    __rt_entry                               0x080002c5   Thumb Code     0  __rtentry.o(.ARM.Collect$$rtentry$$00000000)
    __rt_entry_presh_1                       0x080002c5   Thumb Code     0  __rtentry2.o(.ARM.Collect$$rtentry$$00000002)
    __rt_entry_sh                            0x080002c5   Thumb Code     0  __rtentry4.o(.ARM.Collect$$rtentry$$00000004)
    __rt_entry_li                            0x080002cb   Thumb Code     0  __rtentry2.o(.ARM.Collect$$rtentry$$0000000A)
    __rt_entry_postsh_1                      0x080002cb   Thumb Code     0  __rtentry2.o(.ARM.Collect$$rtentry$$00000009)
    __rt_entry_main                          0x080002cf   Thumb Code     0  __rtentry2.o(.ARM.Collect$$rtentry$$0000000D)
    __rt_entry_postli_1                      0x080002cf   Thumb Code     0  __rtentry2.o(.ARM.Collect$$rtentry$$0000000C)
    __rt_exit                                0x080002d7   Thumb Code     0  rtexit.o(.ARM.Collect$$rtexit$$00000000)
    __rt_exit_ls                             0x080002d9   Thumb Code     0  rtexit2.o(.ARM.Collect$$rtexit$$00000003)
    __rt_exit_prels_1                        0x080002d9   Thumb Code     0  rtexit2.o(.ARM.Collect$$rtexit$$00000002)
    __rt_exit_exit                           0x080002dd   Thumb Code     0  rtexit2.o(.ARM.Collect$$rtexit$$00000004)
    Reset_Handler                            0x080002e5   Thumb Code     8  startup_stm32f407xx.o(.text)
    NMI_Handler                              0x080002ed   Thumb Code     2  startup_stm32f407xx.o(.text)
    MemManage_Handler                        0x080002f1   Thumb Code     2  startup_stm32f407xx.o(.text)
    BusFault_Handler                         0x080002f3   Thumb Code     2  startup_stm32f407xx.o(.text)
    UsageFault_Handler                       0x080002f5   Thumb Code     2  startup_stm32f407xx.o(.text)
    SVC_Handler                              0x080002f7   Thumb Code     2  startup_stm32f407xx.o(.text)
    DebugMon_Handler                         0x080002f9   Thumb Code     2  startup_stm32f407xx.o(.text)
    PendSV_Handler                           0x080002fb   Thumb Code     2  startup_stm32f407xx.o(.text)
    SysTick_Handler                          0x080002fd   Thumb Code     2  startup_stm32f407xx.o(.text)
    ADC_IRQHandler                           0x080002ff   Thumb Code     0  startup_stm32f407xx.o(.text)
    CAN1_RX0_IRQHandler                      0x080002ff   Thumb Code     0  startup_stm32f407xx.o(.text)
    CAN1_RX1_IRQHandler                      0x080002ff   Thumb Code     0  startup_stm32f407xx.o(.text)
    CAN1_SCE_IRQHandler                      0x080002ff   Thumb Code     0  startup_stm32f407xx.o(.text)
    CAN1_TX_IRQHandler                       0x080002ff   Thumb Code     0  startup_stm32f407xx.o(.text)
    CAN2_RX0_IRQHandler                      0x080002ff   Thumb Code     0  startup_stm32f407xx.o(.text)
    CAN2_RX1_IRQHandler                      0x080002ff   Thumb Code     0  startup_stm32f407xx.o(.text)
    CAN2_SCE_IRQHandler                      0x080002ff   Thumb Code     0  startup_stm32f407xx.o(.text)
    CAN2_TX_IRQHandler                       0x080002ff   Thumb Code     0  startup_stm32f407xx.o(.text)
    DCMI_IRQHandler                          0x080002ff   Thumb Code     0  startup_stm32f407xx.o(.text)
    DMA1_Stream0_IRQHandler                  0x080002ff   Thumb Code     0  startup_stm32f407xx.o(.text)
    DMA1_Stream1_IRQHandler                  0x080002ff   Thumb Code     0  startup_stm32f407xx.o(.text)
    DMA1_Stream2_IRQHandler                  0x080002ff   Thumb Code     0  startup_stm32f407xx.o(.text)
    DMA1_Stream3_IRQHandler                  0x080002ff   Thumb Code     0  startup_stm32f407xx.o(.text)
    DMA1_Stream4_IRQHandler                  0x080002ff   Thumb Code     0  startup_stm32f407xx.o(.text)
    DMA1_Stream5_IRQHandler                  0x080002ff   Thumb Code     0  startup_stm32f407xx.o(.text)
    DMA1_Stream6_IRQHandler                  0x080002ff   Thumb Code     0  startup_stm32f407xx.o(.text)
    DMA1_Stream7_IRQHandler                  0x080002ff   Thumb Code     0  startup_stm32f407xx.o(.text)
    DMA2_Stream0_IRQHandler                  0x080002ff   Thumb Code     0  startup_stm32f407xx.o(.text)
    DMA2_Stream1_IRQHandler                  0x080002ff   Thumb Code     0  startup_stm32f407xx.o(.text)
    DMA2_Stream2_IRQHandler                  0x080002ff   Thumb Code     0  startup_stm32f407xx.o(.text)
    DMA2_Stream3_IRQHandler                  0x080002ff   Thumb Code     0  startup_stm32f407xx.o(.text)
    DMA2_Stream4_IRQHandler                  0x080002ff   Thumb Code     0  startup_stm32f407xx.o(.text)
    DMA2_Stream5_IRQHandler                  0x080002ff   Thumb Code     0  startup_stm32f407xx.o(.text)
    DMA2_Stream6_IRQHandler                  0x080002ff   Thumb Code     0  startup_stm32f407xx.o(.text)
    DMA2_Stream7_IRQHandler                  0x080002ff   Thumb Code     0  startup_stm32f407xx.o(.text)
    ETH_IRQHandler                           0x080002ff   Thumb Code     0  startup_stm32f407xx.o(.text)
    ETH_WKUP_IRQHandler                      0x080002ff   Thumb Code     0  startup_stm32f407xx.o(.text)
    EXTI0_IRQHandler                         0x080002ff   Thumb Code     0  startup_stm32f407xx.o(.text)
    EXTI15_10_IRQHandler                     0x080002ff   Thumb Code     0  startup_stm32f407xx.o(.text)
    EXTI1_IRQHandler                         0x080002ff   Thumb Code     0  startup_stm32f407xx.o(.text)
    EXTI2_IRQHandler                         0x080002ff   Thumb Code     0  startup_stm32f407xx.o(.text)
    EXTI3_IRQHandler                         0x080002ff   Thumb Code     0  startup_stm32f407xx.o(.text)
    EXTI4_IRQHandler                         0x080002ff   Thumb Code     0  startup_stm32f407xx.o(.text)
    EXTI9_5_IRQHandler                       0x080002ff   Thumb Code     0  startup_stm32f407xx.o(.text)
    FLASH_IRQHandler                         0x080002ff   Thumb Code     0  startup_stm32f407xx.o(.text)
    FMC_IRQHandler                           0x080002ff   Thumb Code     0  startup_stm32f407xx.o(.text)
    FPU_IRQHandler                           0x080002ff   Thumb Code     0  startup_stm32f407xx.o(.text)
    HASH_RNG_IRQHandler                      0x080002ff   Thumb Code     0  startup_stm32f407xx.o(.text)
    I2C1_ER_IRQHandler                       0x080002ff   Thumb Code     0  startup_stm32f407xx.o(.text)
    I2C1_EV_IRQHandler                       0x080002ff   Thumb Code     0  startup_stm32f407xx.o(.text)
    I2C2_ER_IRQHandler                       0x080002ff   Thumb Code     0  startup_stm32f407xx.o(.text)
    I2C2_EV_IRQHandler                       0x080002ff   Thumb Code     0  startup_stm32f407xx.o(.text)
    I2C3_ER_IRQHandler                       0x080002ff   Thumb Code     0  startup_stm32f407xx.o(.text)
    I2C3_EV_IRQHandler                       0x080002ff   Thumb Code     0  startup_stm32f407xx.o(.text)
    OTG_FS_IRQHandler                        0x080002ff   Thumb Code     0  startup_stm32f407xx.o(.text)
    OTG_FS_WKUP_IRQHandler                   0x080002ff   Thumb Code     0  startup_stm32f407xx.o(.text)
    OTG_HS_EP1_IN_IRQHandler                 0x080002ff   Thumb Code     0  startup_stm32f407xx.o(.text)
    OTG_HS_EP1_OUT_IRQHandler                0x080002ff   Thumb Code     0  startup_stm32f407xx.o(.text)
    OTG_HS_IRQHandler                        0x080002ff   Thumb Code     0  startup_stm32f407xx.o(.text)
    OTG_HS_WKUP_IRQHandler                   0x080002ff   Thumb Code     0  startup_stm32f407xx.o(.text)
    PVD_IRQHandler                           0x080002ff   Thumb Code     0  startup_stm32f407xx.o(.text)
    RCC_IRQHandler                           0x080002ff   Thumb Code     0  startup_stm32f407xx.o(.text)
    RTC_Alarm_IRQHandler                     0x080002ff   Thumb Code     0  startup_stm32f407xx.o(.text)
    RTC_WKUP_IRQHandler                      0x080002ff   Thumb Code     0  startup_stm32f407xx.o(.text)
    SDIO_IRQHandler                          0x080002ff   Thumb Code     0  startup_stm32f407xx.o(.text)
    SPI1_IRQHandler                          0x080002ff   Thumb Code     0  startup_stm32f407xx.o(.text)
    SPI2_IRQHandler                          0x080002ff   Thumb Code     0  startup_stm32f407xx.o(.text)
    SPI3_IRQHandler                          0x080002ff   Thumb Code     0  startup_stm32f407xx.o(.text)
    TAMP_STAMP_IRQHandler                    0x080002ff   Thumb Code     0  startup_stm32f407xx.o(.text)
    TIM1_BRK_TIM9_IRQHandler                 0x080002ff   Thumb Code     0  startup_stm32f407xx.o(.text)
    TIM1_CC_IRQHandler                       0x080002ff   Thumb Code     0  startup_stm32f407xx.o(.text)
    TIM1_TRG_COM_TIM11_IRQHandler            0x080002ff   Thumb Code     0  startup_stm32f407xx.o(.text)
    TIM1_UP_TIM10_IRQHandler                 0x080002ff   Thumb Code     0  startup_stm32f407xx.o(.text)
    TIM2_IRQHandler                          0x080002ff   Thumb Code     0  startup_stm32f407xx.o(.text)
    TIM3_IRQHandler                          0x080002ff   Thumb Code     0  startup_stm32f407xx.o(.text)
    TIM4_IRQHandler                          0x080002ff   Thumb Code     0  startup_stm32f407xx.o(.text)
    TIM5_IRQHandler                          0x080002ff   Thumb Code     0  startup_stm32f407xx.o(.text)
    TIM6_DAC_IRQHandler                      0x080002ff   Thumb Code     0  startup_stm32f407xx.o(.text)
    TIM7_IRQHandler                          0x080002ff   Thumb Code     0  startup_stm32f407xx.o(.text)
    TIM8_BRK_TIM12_IRQHandler                0x080002ff   Thumb Code     0  startup_stm32f407xx.o(.text)
    TIM8_CC_IRQHandler                       0x080002ff   Thumb Code     0  startup_stm32f407xx.o(.text)
    TIM8_TRG_COM_TIM14_IRQHandler            0x080002ff   Thumb Code     0  startup_stm32f407xx.o(.text)
    TIM8_UP_TIM13_IRQHandler                 0x080002ff   Thumb Code     0  startup_stm32f407xx.o(.text)
    UART4_IRQHandler                         0x080002ff   Thumb Code     0  startup_stm32f407xx.o(.text)
    UART5_IRQHandler                         0x080002ff   Thumb Code     0  startup_stm32f407xx.o(.text)
    USART1_IRQHandler                        0x080002ff   Thumb Code     0  startup_stm32f407xx.o(.text)
    USART2_IRQHandler                        0x080002ff   Thumb Code     0  startup_stm32f407xx.o(.text)
    USART3_IRQHandler                        0x080002ff   Thumb Code     0  startup_stm32f407xx.o(.text)
    USART6_IRQHandler                        0x080002ff   Thumb Code     0  startup_stm32f407xx.o(.text)
    WWDG_IRQHandler                          0x080002ff   Thumb Code     0  startup_stm32f407xx.o(.text)
    __user_initial_stackheap                 0x08000301   Thumb Code     0  startup_stm32f407xx.o(.text)
    __use_no_semihosting                     0x08000325   Thumb Code     2  use_no_semi_2.o(.text)
    printf                                   0x08000329   Thumb Code    20  printf.o(.text)
    puts                                     0x08000341   Thumb Code    40  puts.o(.text)
    __aeabi_memclr4                          0x0800036d   Thumb Code     0  rt_memclr_w.o(.text)
    __aeabi_memclr8                          0x0800036d   Thumb Code     0  rt_memclr_w.o(.text)
    __rt_memclr_w                            0x0800036d   Thumb Code     0  rt_memclr_w.o(.text)
    _memset_w                                0x08000371   Thumb Code    74  rt_memclr_w.o(.text)
    strcmp                                   0x080003c1   Thumb Code   124  strcmpv7em.o(.text)
    __use_two_region_memory                  0x0800043d   Thumb Code     2  heapauxi.o(.text)
    __rt_heap_escrow                         0x0800043f   Thumb Code     2  heapauxi.o(.text)
    __rt_heap_expand                         0x08000441   Thumb Code     2  heapauxi.o(.text)
    __semihosting$guard                      0x08000443   Thumb Code     0  use_no_semi.o(.text)
    __use_no_semihosting_swi                 0x08000443   Thumb Code     2  use_no_semi.o(.text)
    _printf_pre_padding                      0x08000445   Thumb Code    44  _printf_pad.o(.text)
    _printf_post_padding                     0x08000471   Thumb Code    34  _printf_pad.o(.text)
    _printf_truncate_signed                  0x08000493   Thumb Code    18  _printf_truncate.o(.text)
    _printf_truncate_unsigned                0x080004a5   Thumb Code    18  _printf_truncate.o(.text)
    _printf_str                              0x080004b7   Thumb Code    82  _printf_str.o(.text)
    _printf_int_dec                          0x08000509   Thumb Code   104  _printf_dec.o(.text)
    _printf_charcount                        0x08000581   Thumb Code    40  _printf_charcount.o(.text)
    _printf_char_file                        0x080005a9   Thumb Code    32  _printf_char_file.o(.text)
    _printf_wctomb                           0x080005cd   Thumb Code   182  _printf_wctomb.o(.text)
    _printf_longlong_dec                     0x08000689   Thumb Code   108  _printf_longlong_dec.o(.text)
    _printf_longlong_oct                     0x08000705   Thumb Code    68  _printf_oct_int_ll.o(.text)
    _printf_int_oct                          0x08000749   Thumb Code    24  _printf_oct_int_ll.o(.text)
    _printf_ll_oct                           0x08000761   Thumb Code    12  _printf_oct_int_ll.o(.text)
    _printf_longlong_hex                     0x08000775   Thumb Code    86  _printf_hex_int_ll_ptr.o(.text)
    _printf_int_hex                          0x080007cb   Thumb Code    28  _printf_hex_int_ll_ptr.o(.text)
    _printf_ll_hex                           0x080007e7   Thumb Code    12  _printf_hex_int_ll_ptr.o(.text)
    _printf_hex_ptr                          0x080007f3   Thumb Code    18  _printf_hex_int_ll_ptr.o(.text)
    __printf                                 0x08000809   Thumb Code   388  __printf_flags_ss_wp.o(.text)
    _ll_udiv10                               0x08000991   Thumb Code   138  lludiv10.o(.text)
    _printf_int_common                       0x08000a1b   Thumb Code   178  _printf_intcommon.o(.text)
    _printf_fp_dec_real                      0x08000c7d   Thumb Code   620  _printf_fp_dec.o(.text)
    _printf_fp_hex_real                      0x08000ee9   Thumb Code   756  _printf_fp_hex.o(.text)
    _printf_char_common                      0x080011ef   Thumb Code    32  _printf_char_common.o(.text)
    _printf_cs_common                        0x08001215   Thumb Code    20  _printf_char.o(.text)
    _printf_char                             0x08001229   Thumb Code    16  _printf_char.o(.text)
    _printf_string                           0x08001239   Thumb Code     8  _printf_char.o(.text)
    _printf_lcs_common                       0x08001241   Thumb Code    20  _printf_wchar.o(.text)
    _printf_wchar                            0x08001255   Thumb Code    16  _printf_wchar.o(.text)
    _printf_wstring                          0x08001265   Thumb Code     8  _printf_wchar.o(.text)
    ferror                                   0x0800126d   Thumb Code     8  ferror.o(.text)
    __flsbuf                                 0x08001275   Thumb Code   470  flsbuf.o(.text)
    __flsbuf_byte                            0x08001275   Thumb Code     0  flsbuf.o(.text)
    __flsbuf_wide                            0x08001275   Thumb Code     0  flsbuf.o(.text)
    _initio                                  0x0800144d   Thumb Code   210  initio.o(.text)
    _terminateio                             0x0800151f   Thumb Code    56  initio.o(.text)
    _c16rtomb                                0x08001585   Thumb Code    72  _c16rtomb.o(.text)
    _wcrtomb                                 0x08001585   Thumb Code     0  _c16rtomb.o(.text)
    __user_setup_stackheap                   0x080015cd   Thumb Code    74  sys_stackheap_outer.o(.text)
    __rt_ctype_table                         0x08001619   Thumb Code    16  rt_ctype_table.o(.text)
    __rt_locale                              0x08001629   Thumb Code     8  rt_locale_intlibspace.o(.text)
    malloc                                   0x08001631   Thumb Code    94  h1_alloc.o(.text)
    free                                     0x0800168f   Thumb Code    78  h1_free.o(.text)
    _printf_fp_infnan                        0x080016dd   Thumb Code   112  _printf_fp_infnan.o(.text)
    _btod_etento                             0x0800175d   Thumb Code   224  bigflt0.o(.text)
    setvbuf                                  0x08001841   Thumb Code    70  setvbuf.o(.text)
    _seterr                                  0x08001889   Thumb Code    20  stdio.o(.text)
    _writebuf                                0x0800189d   Thumb Code    84  stdio.o(.text)
    _fflush                                  0x080018f1   Thumb Code    70  stdio.o(.text)
    _deferredlazyseek                        0x08001937   Thumb Code    60  stdio.o(.text)
    freopen                                  0x08001979   Thumb Code   160  fopen.o(.text)
    fopen                                    0x08001a19   Thumb Code    74  fopen.o(.text)
    _fclose_internal                         0x08001a69   Thumb Code    76  fclose.o(.text)
    fclose                                   0x08001a69   Thumb Code     0  fclose.o(.text)
    exit                                     0x08001ab5   Thumb Code    18  exit.o(.text)
    __rt_SIGRTRED                            0x08001ac7   Thumb Code    14  defsig_rtred_outer.o(.text)
    __user_libspace                          0x08001ad5   Thumb Code     8  libspace.o(.text)
    __user_perproc_libspace                  0x08001ad5   Thumb Code     0  libspace.o(.text)
    __user_perthread_libspace                0x08001ad5   Thumb Code     0  libspace.o(.text)
    __rt_heap_descriptor                     0x08001add   Thumb Code     8  rt_heap_descriptor_intlibspace.o(.text)
    __use_no_heap                            0x08001ae5   Thumb Code     2  hguard.o(.text)
    __heap$guard                             0x08001ae7   Thumb Code     2  hguard.o(.text)
    _terminate_user_alloc                    0x08001ae9   Thumb Code     2  init_alloc.o(.text)
    _init_user_alloc                         0x08001aeb   Thumb Code     2  init_alloc.o(.text)
    __Heap_Full                              0x08001aed   Thumb Code    34  init_alloc.o(.text)
    __Heap_Broken                            0x08001b0f   Thumb Code     6  init_alloc.o(.text)
    _init_alloc                              0x08001b15   Thumb Code    94  init_alloc.o(.text)
    __Heap_Initialize                        0x08001b73   Thumb Code    10  h1_init.o(.text)
    __Heap_DescSize                          0x08001b7d   Thumb Code     4  h1_init.o(.text)
    _fseek                                   0x08001b81   Thumb Code   242  fseek.o(.text)
    fseek                                    0x08001b81   Thumb Code     0  fseek.o(.text)
    __sig_exit                               0x08001c79   Thumb Code    10  defsig_exit.o(.text)
    __rt_SIGRTRED_inner                      0x08001c85   Thumb Code    14  defsig_rtred_inner.o(.text)
    __Heap_ProvideMemory                     0x08001cb9   Thumb Code    52  h1_extend.o(.text)
    _maybe_terminate_alloc                   0x08001cb9   Thumb Code     0  maybetermalloc1.o(.text)
    _ftell_internal                          0x08001ced   Thumb Code    66  ftell.o(.text)
    ftell                                    0x08001ced   Thumb Code     0  ftell.o(.text)
    __default_signal_display                 0x08001d2f   Thumb Code    50  defsig_general.o(.text)
    __rt_SIGRTMEM                            0x08001d61   Thumb Code    14  defsig_rtmem_outer.o(.text)
    __aeabi_errno_addr                       0x08001d71   Thumb Code     8  rt_errno_addr_intlibspace.o(.text)
    __errno$intlibspace                      0x08001d71   Thumb Code     0  rt_errno_addr_intlibspace.o(.text)
    __rt_errno_addr$intlibspace              0x08001d71   Thumb Code     0  rt_errno_addr_intlibspace.o(.text)
    __rt_SIGRTMEM_inner                      0x08001d79   Thumb Code    22  defsig_rtmem_inner.o(.text)
    HardFault_Handler                        0x08001dc9   Thumb Code    18  hardfault.o(.text.HardFault_Handler)
    HardFault_HandlerC                       0x08001ddd   Thumb Code   130  hardfault.o(.text.HardFault_HandlerC)
    SystemCoreClockUpdate                    0x08001e61   Thumb Code   302  system_stm32f4xx.o(.text.SystemCoreClockUpdate)
    SystemInit                               0x08001f91   Thumb Code    18  system_stm32f4xx.o(.text.SystemInit)
    _sys_close                               0x08001fa5   Thumb Code    74  retarget_io.o(.text._sys_close)
    _sys_exit                                0x08001ff1   Thumb Code     8  utils.o(.text._sys_exit)
    _sys_flen                                0x08001ff9   Thumb Code    72  retarget_io.o(.text._sys_flen)
    _sys_istty                               0x08002041   Thumb Code    72  retarget_io.o(.text._sys_istty)
    _sys_open                                0x08002089   Thumb Code   132  retarget_io.o(.text._sys_open)
    _sys_seek                                0x0800210d   Thumb Code    82  retarget_io.o(.text._sys_seek)
    _sys_write                               0x08002161   Thumb Code   118  retarget_io.o(.text._sys_write)
    _ttywrch                                 0x080021d9   Thumb Code    16  retarget_io.o(.text._ttywrch)
    configClock                              0x080021e9   Thumb Code   188  utils.o(.text.configClock)
    configUSART2                             0x080022a5   Thumb Code   192  utils.o(.text.configUSART2)
    list_insert                              0x08002365   Thumb Code    72  list.o(.text.list_insert)
    list_next                                0x080023ad   Thumb Code    24  list.o(.text.list_next)
    list_remove                              0x080023c5   Thumb Code    70  list.o(.text.list_remove)
    main                                     0x0800240d   Thumb Code   446  main.o(.text.main)
    stdout_putchar                           0x080025cd   Thumb Code    42  utils.o(.text.stdout_putchar)
    ttywrch                                  0x080025f9   Thumb Code    16  utils.o(.text.ttywrch)
    _btod_d2e                                0x08002609   Thumb Code    62  btod.o(CL$$btod_d2e)
    _d2e_denorm_low                          0x08002647   Thumb Code    70  btod.o(CL$$btod_d2e_denorm_low)
    _d2e_norm_op1                            0x0800268d   Thumb Code    96  btod.o(CL$$btod_d2e_norm_op1)
    __btod_div_common                        0x080026ed   Thumb Code   696  btod.o(CL$$btod_div_common)
    _e2e                                     0x08002a25   Thumb Code   220  btod.o(CL$$btod_e2e)
    _btod_ediv                               0x08002b01   Thumb Code    42  btod.o(CL$$btod_ediv)
    _btod_emul                               0x08002b2b   Thumb Code    42  btod.o(CL$$btod_emul)
    __btod_mult_common                       0x08002b55   Thumb Code   580  btod.o(CL$$btod_mult_common)
    __ARM_fpclassify                         0x08002d99   Thumb Code    48  fpclassify.o(i.__ARM_fpclassify)
    _is_digit                                0x08002dc9   Thumb Code    14  __printf_wp.o(i._is_digit)
    fputc                                    0x08002dd7   Thumb Code    26  fputc.o(i.fputc)
    _get_lc_numeric                          0x08002df1   Thumb Code    44  lc_numeric_c.o(locale$$code)
    _get_lc_ctype                            0x08002e1d   Thumb Code    44  lc_ctype_c.o(locale$$code)
    _fp_init                                 0x08002e49   Thumb Code    26  fpinit.o(x$fpl$fpinit)
    __fplib_config_fpu_vfp                   0x08002e61   Thumb Code     0  fpinit.o(x$fpl$fpinit)
    __fplib_config_pureend_doubles           0x08002e61   Thumb Code     0  fpinit.o(x$fpl$fpinit)
    _printf_fp_dec                           0x08002e63   Thumb Code     4  printf1.o(x$fpl$printf1)
    _printf_fp_hex                           0x08002e67   Thumb Code     4  printf2.o(x$fpl$printf2)
    __I$use$fp                               0x08002e6a   Number         0  usenofp.o(x$fpl$usenofp)
    AHBPrescTable                            0x08002f68   Data          16  system_stm32f4xx.o(.rodata.AHBPrescTable)
    __stderr_name                            0x08002f78   Data           8  retarget_io.o(.rodata.__stderr_name)
    __stdin_name                             0x08002f80   Data           7  retarget_io.o(.rodata.__stdin_name)
    __stdout_name                            0x08002f87   Data           8  retarget_io.o(.rodata.__stdout_name)
    Region$$Table$$Base                      0x08003040   Number         0  anon$$obj.o(Region$$Table)
    Region$$Table$$Limit                     0x08003060   Number         0  anon$$obj.o(Region$$Table)
    __ctype                                  0x08003089   Data           0  lc_ctype_c.o(locale$$data)
    __aeabi_stdin                            0x20000000   Data           4  stdio_streams.o(.data)
    __aeabi_stdout                           0x20000004   Data           4  stdio_streams.o(.data)
    __aeabi_stderr                           0x20000008   Data           4  stdio_streams.o(.data)
    SystemCoreClock                          0x2000000c   Data           4  system_stm32f4xx.o(.data.SystemCoreClock)
    __stdin                                  0x20000070   Data          84  stdio_streams.o(.bss)
    __stdout                                 0x200000c4   Data          84  stdio_streams.o(.bss)
    __stderr                                 0x20000118   Data          84  stdio_streams.o(.bss)
    __libspace_start                         0x2000016c   Data          96  libspace.o(.bss)
    __temporary_stack_top$libspace           0x200001cc   Data           0  libspace.o(.bss)



==============================================================================

Memory Map of the image

  Image Entry point : 0x08000189

  Load Region LR_IROM1 (Base: 0x08000000, Size: 0x00003200, Max: 0x00100000, ABSOLUTE)

    Execution Region ER_IROM1 (Exec base: 0x08000000, Load base: 0x08000000, Size: 0x0000318c, Max: 0x00100000, ABSOLUTE)

    Exec Addr    Load Addr    Size         Type   Attr      Idx    E Section Name        Object

    0x08000000   0x08000000   0x00000188   Data   RO           85    RESET               startup_stm32f407xx.o
    0x08000188   0x08000188   0x00000008   Code   RO          120  * !!!main             c_w.l(__main.o)
    0x08000190   0x08000190   0x00000034   Code   RO          616    !!!scatter          c_w.l(__scatter.o)
    0x080001c4   0x080001c4   0x0000001a   Code   RO          618    !!handler_copy      c_w.l(__scatter_copy.o)
    0x080001de   0x080001de   0x00000002   PAD
    0x080001e0   0x080001e0   0x0000001c   Code   RO          620    !!handler_zi        c_w.l(__scatter_zi.o)
    0x080001fc   0x080001fc   0x00000000   Code   RO          204    .ARM.Collect$$_printf_percent$$00000000  c_w.l(_printf_percent.o)
    0x080001fc   0x080001fc   0x00000006   Code   RO          193    .ARM.Collect$$_printf_percent$$00000001  c_w.l(_printf_n.o)
    0x08000202   0x08000202   0x00000006   Code   RO          195    .ARM.Collect$$_printf_percent$$00000002  c_w.l(_printf_p.o)
    0x08000208   0x08000208   0x00000006   Code   RO          200    .ARM.Collect$$_printf_percent$$00000003  c_w.l(_printf_f.o)
    0x0800020e   0x0800020e   0x00000006   Code   RO          201    .ARM.Collect$$_printf_percent$$00000004  c_w.l(_printf_e.o)
    0x08000214   0x08000214   0x00000006   Code   RO          202    .ARM.Collect$$_printf_percent$$00000005  c_w.l(_printf_g.o)
    0x0800021a   0x0800021a   0x00000006   Code   RO          203    .ARM.Collect$$_printf_percent$$00000006  c_w.l(_printf_a.o)
    0x08000220   0x08000220   0x0000000a   Code   RO          208    .ARM.Collect$$_printf_percent$$00000007  c_w.l(_printf_ll.o)
    0x0800022a   0x0800022a   0x00000006   Code   RO          197    .ARM.Collect$$_printf_percent$$00000008  c_w.l(_printf_i.o)
    0x08000230   0x08000230   0x00000006   Code   RO          198    .ARM.Collect$$_printf_percent$$00000009  c_w.l(_printf_d.o)
    0x08000236   0x08000236   0x00000006   Code   RO          199    .ARM.Collect$$_printf_percent$$0000000A  c_w.l(_printf_u.o)
    0x0800023c   0x0800023c   0x00000006   Code   RO          196    .ARM.Collect$$_printf_percent$$0000000B  c_w.l(_printf_o.o)
    0x08000242   0x08000242   0x00000006   Code   RO          194    .ARM.Collect$$_printf_percent$$0000000C  c_w.l(_printf_x.o)
    0x08000248   0x08000248   0x00000006   Code   RO          205    .ARM.Collect$$_printf_percent$$0000000D  c_w.l(_printf_lli.o)
    0x0800024e   0x0800024e   0x00000006   Code   RO          206    .ARM.Collect$$_printf_percent$$0000000E  c_w.l(_printf_lld.o)
    0x08000254   0x08000254   0x00000006   Code   RO          207    .ARM.Collect$$_printf_percent$$0000000F  c_w.l(_printf_llu.o)
    0x0800025a   0x0800025a   0x00000006   Code   RO          212    .ARM.Collect$$_printf_percent$$00000010  c_w.l(_printf_llo.o)
    0x08000260   0x08000260   0x00000006   Code   RO          213    .ARM.Collect$$_printf_percent$$00000011  c_w.l(_printf_llx.o)
    0x08000266   0x08000266   0x0000000a   Code   RO          209    .ARM.Collect$$_printf_percent$$00000012  c_w.l(_printf_l.o)
    0x08000270   0x08000270   0x00000006   Code   RO          191    .ARM.Collect$$_printf_percent$$00000013  c_w.l(_printf_c.o)
    0x08000276   0x08000276   0x00000006   Code   RO          192    .ARM.Collect$$_printf_percent$$00000014  c_w.l(_printf_s.o)
    0x0800027c   0x0800027c   0x00000006   Code   RO          210    .ARM.Collect$$_printf_percent$$00000015  c_w.l(_printf_lc.o)
    0x08000282   0x08000282   0x00000006   Code   RO          211    .ARM.Collect$$_printf_percent$$00000016  c_w.l(_printf_ls.o)
    0x08000288   0x08000288   0x00000004   Code   RO          266    .ARM.Collect$$_printf_percent$$00000017  c_w.l(_printf_percent_end.o)
    0x0800028c   0x0800028c   0x00000002   Code   RO          422    .ARM.Collect$$libinit$$00000000  c_w.l(libinit.o)
    0x0800028e   0x0800028e   0x00000004   Code   RO          423    .ARM.Collect$$libinit$$00000001  c_w.l(libinit2.o)
    0x08000292   0x08000292   0x00000000   Code   RO          426    .ARM.Collect$$libinit$$00000004  c_w.l(libinit2.o)
    0x08000292   0x08000292   0x00000008   Code   RO          427    .ARM.Collect$$libinit$$00000005  c_w.l(libinit2.o)
    0x0800029a   0x0800029a   0x00000000   Code   RO          429    .ARM.Collect$$libinit$$0000000A  c_w.l(libinit2.o)
    0x0800029a   0x0800029a   0x00000000   Code   RO          431    .ARM.Collect$$libinit$$0000000C  c_w.l(libinit2.o)
    0x0800029a   0x0800029a   0x00000000   Code   RO          433    .ARM.Collect$$libinit$$0000000E  c_w.l(libinit2.o)
    0x0800029a   0x0800029a   0x00000006   Code   RO          434    .ARM.Collect$$libinit$$0000000F  c_w.l(libinit2.o)
    0x080002a0   0x080002a0   0x00000000   Code   RO          436    .ARM.Collect$$libinit$$00000011  c_w.l(libinit2.o)
    0x080002a0   0x080002a0   0x0000000c   Code   RO          437    .ARM.Collect$$libinit$$00000012  c_w.l(libinit2.o)
    0x080002ac   0x080002ac   0x00000000   Code   RO          438    .ARM.Collect$$libinit$$00000013  c_w.l(libinit2.o)
    0x080002ac   0x080002ac   0x00000000   Code   RO          440    .ARM.Collect$$libinit$$00000015  c_w.l(libinit2.o)
    0x080002ac   0x080002ac   0x0000000a   Code   RO          441    .ARM.Collect$$libinit$$00000016  c_w.l(libinit2.o)
    0x080002b6   0x080002b6   0x00000000   Code   RO          442    .ARM.Collect$$libinit$$00000017  c_w.l(libinit2.o)
    0x080002b6   0x080002b6   0x00000000   Code   RO          444    .ARM.Collect$$libinit$$00000019  c_w.l(libinit2.o)
    0x080002b6   0x080002b6   0x00000000   Code   RO          446    .ARM.Collect$$libinit$$0000001B  c_w.l(libinit2.o)
    0x080002b6   0x080002b6   0x00000000   Code   RO          448    .ARM.Collect$$libinit$$0000001D  c_w.l(libinit2.o)
    0x080002b6   0x080002b6   0x00000000   Code   RO          450    .ARM.Collect$$libinit$$0000001F  c_w.l(libinit2.o)
    0x080002b6   0x080002b6   0x00000000   Code   RO          452    .ARM.Collect$$libinit$$00000021  c_w.l(libinit2.o)
    0x080002b6   0x080002b6   0x00000000   Code   RO          454    .ARM.Collect$$libinit$$00000023  c_w.l(libinit2.o)
    0x080002b6   0x080002b6   0x00000004   Code   RO          455    .ARM.Collect$$libinit$$00000024  c_w.l(libinit2.o)
    0x080002ba   0x080002ba   0x00000000   Code   RO          456    .ARM.Collect$$libinit$$00000025  c_w.l(libinit2.o)
    0x080002ba   0x080002ba   0x00000000   Code   RO          460    .ARM.Collect$$libinit$$0000002C  c_w.l(libinit2.o)
    0x080002ba   0x080002ba   0x00000000   Code   RO          462    .ARM.Collect$$libinit$$0000002E  c_w.l(libinit2.o)
    0x080002ba   0x080002ba   0x00000000   Code   RO          464    .ARM.Collect$$libinit$$00000030  c_w.l(libinit2.o)
    0x080002ba   0x080002ba   0x00000000   Code   RO          466    .ARM.Collect$$libinit$$00000032  c_w.l(libinit2.o)
    0x080002ba   0x080002ba   0x00000002   Code   RO          467    .ARM.Collect$$libinit$$00000033  c_w.l(libinit2.o)
    0x080002bc   0x080002bc   0x00000002   Code   RO          595    .ARM.Collect$$libshutdown$$00000000  c_w.l(libshutdown.o)
    0x080002be   0x080002be   0x00000000   Code   RO          469    .ARM.Collect$$libshutdown$$00000002  c_w.l(libshutdown2.o)
    0x080002be   0x080002be   0x00000004   Code   RO          470    .ARM.Collect$$libshutdown$$00000003  c_w.l(libshutdown2.o)
    0x080002c2   0x080002c2   0x00000000   Code   RO          471    .ARM.Collect$$libshutdown$$00000004  c_w.l(libshutdown2.o)
    0x080002c2   0x080002c2   0x00000000   Code   RO          474    .ARM.Collect$$libshutdown$$00000007  c_w.l(libshutdown2.o)
    0x080002c2   0x080002c2   0x00000000   Code   RO          477    .ARM.Collect$$libshutdown$$0000000A  c_w.l(libshutdown2.o)
    0x080002c2   0x080002c2   0x00000000   Code   RO          479    .ARM.Collect$$libshutdown$$0000000C  c_w.l(libshutdown2.o)
    0x080002c2   0x080002c2   0x00000000   Code   RO          482    .ARM.Collect$$libshutdown$$0000000F  c_w.l(libshutdown2.o)
    0x080002c2   0x080002c2   0x00000002   Code   RO          483    .ARM.Collect$$libshutdown$$00000010  c_w.l(libshutdown2.o)
    0x080002c4   0x080002c4   0x00000000   Code   RO          124    .ARM.Collect$$rtentry$$00000000  c_w.l(__rtentry.o)
    0x080002c4   0x080002c4   0x00000000   Code   RO          235    .ARM.Collect$$rtentry$$00000002  c_w.l(__rtentry2.o)
    0x080002c4   0x080002c4   0x00000006   Code   RO          247    .ARM.Collect$$rtentry$$00000004  c_w.l(__rtentry4.o)
    0x080002ca   0x080002ca   0x00000000   Code   RO          237    .ARM.Collect$$rtentry$$00000009  c_w.l(__rtentry2.o)
    0x080002ca   0x080002ca   0x00000004   Code   RO          238    .ARM.Collect$$rtentry$$0000000A  c_w.l(__rtentry2.o)
    0x080002ce   0x080002ce   0x00000000   Code   RO          240    .ARM.Collect$$rtentry$$0000000C  c_w.l(__rtentry2.o)
    0x080002ce   0x080002ce   0x00000008   Code   RO          241    .ARM.Collect$$rtentry$$0000000D  c_w.l(__rtentry2.o)
    0x080002d6   0x080002d6   0x00000002   Code   RO          492    .ARM.Collect$$rtexit$$00000000  c_w.l(rtexit.o)
    0x080002d8   0x080002d8   0x00000000   Code   RO          549    .ARM.Collect$$rtexit$$00000002  c_w.l(rtexit2.o)
    0x080002d8   0x080002d8   0x00000004   Code   RO          550    .ARM.Collect$$rtexit$$00000003  c_w.l(rtexit2.o)
    0x080002dc   0x080002dc   0x00000006   Code   RO          551    .ARM.Collect$$rtexit$$00000004  c_w.l(rtexit2.o)
    0x080002e2   0x080002e2   0x00000002   PAD
    0x080002e4   0x080002e4   0x00000040   Code   RO           86    .text               startup_stm32f407xx.o
    0x08000324   0x08000324   0x00000002   Code   RO          108    .text               c_w.l(use_no_semi_2.o)
    0x08000326   0x08000326   0x00000002   PAD
    0x08000328   0x08000328   0x00000018   Code   RO          110    .text               c_w.l(printf.o)
    0x08000340   0x08000340   0x0000002c   Code   RO          112    .text               c_w.l(puts.o)
    0x0800036c   0x0800036c   0x0000004e   Code   RO          114    .text               c_w.l(rt_memclr_w.o)
    0x080003ba   0x080003ba   0x00000006   PAD
    0x080003c0   0x080003c0   0x0000007c   Code   RO          116    .text               c_w.l(strcmpv7em.o)
    0x0800043c   0x0800043c   0x00000006   Code   RO          118    .text               c_w.l(heapauxi.o)
    0x08000442   0x08000442   0x00000002   Code   RO          122    .text               c_w.l(use_no_semi.o)
    0x08000444   0x08000444   0x0000004e   Code   RO          127    .text               c_w.l(_printf_pad.o)
    0x08000492   0x08000492   0x00000024   Code   RO          129    .text               c_w.l(_printf_truncate.o)
    0x080004b6   0x080004b6   0x00000052   Code   RO          131    .text               c_w.l(_printf_str.o)
    0x08000508   0x08000508   0x00000078   Code   RO          133    .text               c_w.l(_printf_dec.o)
    0x08000580   0x08000580   0x00000028   Code   RO          135    .text               c_w.l(_printf_charcount.o)
    0x080005a8   0x080005a8   0x00000024   Code   RO          137    .text               c_w.l(_printf_char_file.o)
    0x080005cc   0x080005cc   0x000000bc   Code   RO          139    .text               c_w.l(_printf_wctomb.o)
    0x08000688   0x08000688   0x0000007c   Code   RO          142    .text               c_w.l(_printf_longlong_dec.o)
    0x08000704   0x08000704   0x00000070   Code   RO          148    .text               c_w.l(_printf_oct_int_ll.o)
    0x08000774   0x08000774   0x00000094   Code   RO          168    .text               c_w.l(_printf_hex_int_ll_ptr.o)
    0x08000808   0x08000808   0x00000188   Code   RO          188    .text               c_w.l(__printf_flags_ss_wp.o)
    0x08000990   0x08000990   0x0000008a   Code   RO          249    .text               c_w.l(lludiv10.o)
    0x08000a1a   0x08000a1a   0x000000b2   Code   RO          251    .text               c_w.l(_printf_intcommon.o)
    0x08000acc   0x08000acc   0x0000041c   Code   RO          253    .text               c_w.l(_printf_fp_dec.o)
    0x08000ee8   0x08000ee8   0x000002fc   Code   RO          257    .text               c_w.l(_printf_fp_hex.o)
    0x080011e4   0x080011e4   0x00000030   Code   RO          260    .text               c_w.l(_printf_char_common.o)
    0x08001214   0x08001214   0x0000002c   Code   RO          262    .text               c_w.l(_printf_char.o)
    0x08001240   0x08001240   0x0000002c   Code   RO          264    .text               c_w.l(_printf_wchar.o)
    0x0800126c   0x0800126c   0x00000008   Code   RO          267    .text               c_w.l(ferror.o)
    0x08001274   0x08001274   0x000001d6   Code   RO          269    .text               c_w.l(flsbuf.o)
    0x0800144a   0x0800144a   0x00000002   PAD
    0x0800144c   0x0800144c   0x00000138   Code   RO          271    .text               c_w.l(initio.o)
    0x08001584   0x08001584   0x00000048   Code   RO          277    .text               c_w.l(_c16rtomb.o)
    0x080015cc   0x080015cc   0x0000004a   Code   RO          283    .text               c_w.l(sys_stackheap_outer.o)
    0x08001616   0x08001616   0x00000002   PAD
    0x08001618   0x08001618   0x00000010   Code   RO          285    .text               c_w.l(rt_ctype_table.o)
    0x08001628   0x08001628   0x00000008   Code   RO          290    .text               c_w.l(rt_locale_intlibspace.o)
    0x08001630   0x08001630   0x0000005e   Code   RO          296    .text               c_w.l(h1_alloc.o)
    0x0800168e   0x0800168e   0x0000004e   Code   RO          298    .text               c_w.l(h1_free.o)
    0x080016dc   0x080016dc   0x00000080   Code   RO          354    .text               c_w.l(_printf_fp_infnan.o)
    0x0800175c   0x0800175c   0x000000e4   Code   RO          360    .text               c_w.l(bigflt0.o)
    0x08001840   0x08001840   0x00000046   Code   RO          387    .text               c_w.l(setvbuf.o)
    0x08001886   0x08001886   0x00000002   PAD
    0x08001888   0x08001888   0x000000f0   Code   RO          389    .text               c_w.l(stdio.o)
    0x08001978   0x08001978   0x000000f0   Code   RO          394    .text               c_w.l(fopen.o)
    0x08001a68   0x08001a68   0x0000004c   Code   RO          396    .text               c_w.l(fclose.o)
    0x08001ab4   0x08001ab4   0x00000012   Code   RO          409    .text               c_w.l(exit.o)
    0x08001ac6   0x08001ac6   0x0000000e   Code   RO          411    .text               c_w.l(defsig_rtred_outer.o)
    0x08001ad4   0x08001ad4   0x00000008   Code   RO          489    .text               c_w.l(libspace.o)
    0x08001adc   0x08001adc   0x00000008   Code   RO          499    .text               c_w.l(rt_heap_descriptor_intlibspace.o)
    0x08001ae4   0x08001ae4   0x00000004   Code   RO          501    .text               c_w.l(hguard.o)
    0x08001ae8   0x08001ae8   0x0000008a   Code   RO          503    .text               c_w.l(init_alloc.o)
    0x08001b72   0x08001b72   0x0000000e   Code   RO          507    .text               c_w.l(h1_init.o)
    0x08001b80   0x08001b80   0x000000f8   Code   RO          525    .text               c_w.l(fseek.o)
    0x08001c78   0x08001c78   0x0000000a   Code   RO          534    .text               c_w.l(defsig_exit.o)
    0x08001c82   0x08001c82   0x00000002   PAD
    0x08001c84   0x08001c84   0x00000034   Code   RO          536    .text               c_w.l(defsig_rtred_inner.o)
    0x08001cb8   0x08001cb8   0x00000000   Code   RO          557    .text               c_w.l(maybetermalloc1.o)
    0x08001cb8   0x08001cb8   0x00000034   Code   RO          559    .text               c_w.l(h1_extend.o)
    0x08001cec   0x08001cec   0x00000042   Code   RO          565    .text               c_w.l(ftell.o)
    0x08001d2e   0x08001d2e   0x00000032   Code   RO          569    .text               c_w.l(defsig_general.o)
    0x08001d60   0x08001d60   0x0000000e   Code   RO          571    .text               c_w.l(defsig_rtmem_outer.o)
    0x08001d6e   0x08001d6e   0x00000002   PAD
    0x08001d70   0x08001d70   0x00000008   Code   RO          585    .text               c_w.l(rt_errno_addr_intlibspace.o)
    0x08001d78   0x08001d78   0x00000050   Code   RO          589    .text               c_w.l(defsig_rtmem_inner.o)
    0x08001dc8   0x08001dc8   0x00000012   Code   RO           27    .text.HardFault_Handler  hardfault.o
    0x08001dda   0x08001dda   0x00000002   PAD
    0x08001ddc   0x08001ddc   0x00000082   Code   RO           25    .text.HardFault_HandlerC  hardfault.o
    0x08001e5e   0x08001e5e   0x00000002   PAD
    0x08001e60   0x08001e60   0x0000012e   Code   RO           95    .text.SystemCoreClockUpdate  system_stm32f4xx.o
    0x08001f8e   0x08001f8e   0x00000002   PAD
    0x08001f90   0x08001f90   0x00000012   Code   RO           93    .text.SystemInit    system_stm32f4xx.o
    0x08001fa2   0x08001fa2   0x00000002   PAD
    0x08001fa4   0x08001fa4   0x0000004a   Code   RO           59    .text._sys_close    retarget_io.o
    0x08001fee   0x08001fee   0x00000002   PAD
    0x08001ff0   0x08001ff0   0x00000008   Code   RO           36    .text._sys_exit     utils.o
    0x08001ff8   0x08001ff8   0x00000048   Code   RO           71    .text._sys_flen     retarget_io.o
    0x08002040   0x08002040   0x00000048   Code   RO           67    .text._sys_istty    retarget_io.o
    0x08002088   0x08002088   0x00000084   Code   RO           57    .text._sys_open     retarget_io.o
    0x0800210c   0x0800210c   0x00000052   Code   RO           69    .text._sys_seek     retarget_io.o
    0x0800215e   0x0800215e   0x00000002   PAD
    0x08002160   0x08002160   0x00000076   Code   RO           61    .text._sys_write    retarget_io.o
    0x080021d6   0x080021d6   0x00000002   PAD
    0x080021d8   0x080021d8   0x00000010   Code   RO           65    .text._ttywrch      retarget_io.o
    0x080021e8   0x080021e8   0x000000bc   Code   RO           44    .text.configClock   utils.o
    0x080022a4   0x080022a4   0x000000c0   Code   RO           46    .text.configUSART2  utils.o
    0x08002364   0x08002364   0x00000048   Code   RO           12    .text.list_insert   list.o
    0x080023ac   0x080023ac   0x00000018   Code   RO           16    .text.list_next     list.o
    0x080023c4   0x080023c4   0x00000046   Code   RO           14    .text.list_remove   list.o
    0x0800240a   0x0800240a   0x00000002   PAD
    0x0800240c   0x0800240c   0x000001be   Code   RO            2    .text.main          main.o
    0x080025ca   0x080025ca   0x00000002   PAD
    0x080025cc   0x080025cc   0x0000002a   Code   RO           42    .text.stdout_putchar  utils.o
    0x080025f6   0x080025f6   0x00000002   PAD
    0x080025f8   0x080025f8   0x00000010   Code   RO           40    .text.ttywrch       utils.o
    0x08002608   0x08002608   0x0000003e   Code   RO          363    CL$$btod_d2e        c_w.l(btod.o)
    0x08002646   0x08002646   0x00000046   Code   RO          365    CL$$btod_d2e_denorm_low  c_w.l(btod.o)
    0x0800268c   0x0800268c   0x00000060   Code   RO          364    CL$$btod_d2e_norm_op1  c_w.l(btod.o)
    0x080026ec   0x080026ec   0x00000338   Code   RO          373    CL$$btod_div_common  c_w.l(btod.o)
    0x08002a24   0x08002a24   0x000000dc   Code   RO          370    CL$$btod_e2e        c_w.l(btod.o)
    0x08002b00   0x08002b00   0x0000002a   Code   RO          367    CL$$btod_ediv       c_w.l(btod.o)
    0x08002b2a   0x08002b2a   0x0000002a   Code   RO          366    CL$$btod_emul       c_w.l(btod.o)
    0x08002b54   0x08002b54   0x00000244   Code   RO          372    CL$$btod_mult_common  c_w.l(btod.o)
    0x08002d98   0x08002d98   0x00000030   Code   RO          487    i.__ARM_fpclassify  m_wm.l(fpclassify.o)
    0x08002dc8   0x08002dc8   0x0000000e   Code   RO          181    i._is_digit         c_w.l(__printf_wp.o)
    0x08002dd6   0x08002dd6   0x0000001a   Code   RO          215    i.fputc             c_w.l(fputc.o)
    0x08002df0   0x08002df0   0x0000002c   Code   RO          407    locale$$code        c_w.l(lc_numeric_c.o)
    0x08002e1c   0x08002e1c   0x0000002c   Code   RO          532    locale$$code        c_w.l(lc_ctype_c.o)
    0x08002e48   0x08002e48   0x0000001a   Code   RO          546    x$fpl$fpinit        fz_wm.l(fpinit.o)
    0x08002e62   0x08002e62   0x00000004   Code   RO          226    x$fpl$printf1       fz_wm.l(printf1.o)
    0x08002e66   0x08002e66   0x00000004   Code   RO          228    x$fpl$printf2       fz_wm.l(printf2.o)
    0x08002e6a   0x08002e6a   0x00000000   Code   RO          486    x$fpl$usenofp       fz_wm.l(usenofp.o)
    0x08002e6a   0x08002e6a   0x00000002   PAD
    0x08002e6c   0x08002e6c   0x00000008   Data   RO          140    .constdata          c_w.l(_printf_wctomb.o)
    0x08002e74   0x08002e74   0x00000028   Data   RO          169    .constdata          c_w.l(_printf_hex_int_ll_ptr.o)
    0x08002e9c   0x08002e9c   0x00000011   Data   RO          189    .constdata          c_w.l(__printf_flags_ss_wp.o)
    0x08002ead   0x08002ead   0x00000026   Data   RO          258    .constdata          c_w.l(_printf_fp_hex.o)
    0x08002ed3   0x08002ed3   0x00000001   PAD
    0x08002ed4   0x08002ed4   0x00000094   Data   RO          361    .constdata          c_w.l(bigflt0.o)
    0x08002f68   0x08002f68   0x00000010   Data   RO           98    .rodata.AHBPrescTable  system_stm32f4xx.o
    0x08002f78   0x08002f78   0x00000008   Data   RO           75    .rodata.__stderr_name  retarget_io.o
    0x08002f80   0x08002f80   0x00000007   Data   RO           73    .rodata.__stdin_name  retarget_io.o
    0x08002f87   0x08002f87   0x00000008   Data   RO           74    .rodata.__stdout_name  retarget_io.o
    0x08002f8f   0x08002f8f   0x00000098   Data   RO            4    .rodata.str1.1      main.o
    0x08003027   0x08003027   0x00000017   Data   RO           76    .rodata.str1.1      retarget_io.o
    0x0800303e   0x0800303e   0x00000002   PAD
    0x08003040   0x08003040   0x00000020   Data   RO          615    Region$$Table       anon$$obj.o
    0x08003060   0x08003060   0x0000001c   Data   RO          406    locale$$data        c_w.l(lc_numeric_c.o)
    0x0800307c   0x0800307c   0x00000110   Data   RO          531    locale$$data        c_w.l(lc_ctype_c.o)


    Execution Region RW_IRAM1 (Exec base: 0x20000000, Load base: 0x08003190, Size: 0x000007d0, Max: 0x00020000, ABSOLUTE)

    Exec Addr    Load Addr    Size         Type   Attr      Idx    E Section Name        Object

    0x20000000   0x08003190   0x00000004   Data   RW          221    .data               c_w.l(stdio_streams.o)
    0x20000004   0x08003194   0x00000004   Data   RW          222    .data               c_w.l(stdio_streams.o)
    0x20000008   0x08003198   0x00000004   Data   RW          223    .data               c_w.l(stdio_streams.o)
    0x2000000c   0x0800319c   0x00000004   Data   RW           97    .data.SystemCoreClock  system_stm32f4xx.o
    0x20000010   0x080031a0   0x00000040   Data   RW           49    .data.configUSART2.hpre  utils.o
    0x20000050   0x080031e0   0x00000020   Data   RW           48    .data.configUSART2.ppre1  utils.o
    0x20000070        -       0x00000054   Zero   RW          218    .bss                c_w.l(stdio_streams.o)
    0x200000c4        -       0x00000054   Zero   RW          219    .bss                c_w.l(stdio_streams.o)
    0x20000118        -       0x00000054   Zero   RW          220    .bss                c_w.l(stdio_streams.o)
    0x2000016c        -       0x00000060   Zero   RW          490    .bss                c_w.l(libspace.o)
    0x200001cc   0x08003200   0x00000004   PAD
    0x200001d0        -       0x00000200   Zero   RW           84    HEAP                startup_stm32f407xx.o
    0x200003d0        -       0x00000400   Zero   RW           83    STACK               startup_stm32f407xx.o


==============================================================================

Image component sizes


      Code (inc. data)   RO Data    RW Data    ZI Data      Debug   Object Name

       148          0          0          0          0       1139   hardfault.o
       166          0          0          0          0       1134   list.o
       446          0        152          0          0       1130   main.o
       566          0         46          0          0       2418   retarget_io.o
        64         26        392          0       1536        900   startup_stm32f407xx.o
       320          0         16          4          0       2620   system_stm32f4xx.o
       446          0          0         96          0       2957   utils.o

    ----------------------------------------------------------------------
      2176         26        640        100       1536      12298   Object Totals
         0          0         32          0          0          0   (incl. Generated)
        20          0          2          0          0          0   (incl. Padding)

    ----------------------------------------------------------------------

      Code (inc. data)   RO Data    RW Data    ZI Data      Debug   Library Member Name

         8          0          0          0          0         68   __main.o
       392          4         17          0          0         92   __printf_flags_ss_wp.o
        14          0          0          0          0         68   __printf_wp.o
         0          0          0          0          0          0   __rtentry.o
        12          0          0          0          0          0   __rtentry2.o
         6          0          0          0          0          0   __rtentry4.o
        52          8          0          0          0          0   __scatter.o
        26          0          0          0          0          0   __scatter_copy.o
        28          0          0          0          0          0   __scatter_zi.o
        72          0          0          0          0         96   _c16rtomb.o
         6          0          0          0          0          0   _printf_a.o
         6          0          0          0          0          0   _printf_c.o
        44          0          0          0          0        108   _printf_char.o
        48          6          0          0          0         96   _printf_char_common.o
        36          4          0          0          0         80   _printf_char_file.o
        40          0          0          0          0         68   _printf_charcount.o
         6          0          0          0          0          0   _printf_d.o
       120         16          0          0          0         92   _printf_dec.o
         6          0          0          0          0          0   _printf_e.o
         6          0          0          0          0          0   _printf_f.o
      1052          0          0          0          0        148   _printf_fp_dec.o
       764          8         38          0          0        100   _printf_fp_hex.o
       128         16          0          0          0         84   _printf_fp_infnan.o
         6          0          0          0          0          0   _printf_g.o
       148          4         40          0          0        160   _printf_hex_int_ll_ptr.o
         6          0          0          0          0          0   _printf_i.o
       178          0          0          0          0         88   _printf_intcommon.o
        10          0          0          0          0          0   _printf_l.o
         6          0          0          0          0          0   _printf_lc.o
        10          0          0          0          0          0   _printf_ll.o
         6          0          0          0          0          0   _printf_lld.o
         6          0          0          0          0          0   _printf_lli.o
         6          0          0          0          0          0   _printf_llo.o
         6          0          0          0          0          0   _printf_llu.o
         6          0          0          0          0          0   _printf_llx.o
       124         16          0          0          0         92   _printf_longlong_dec.o
         6          0          0          0          0          0   _printf_ls.o
         6          0          0          0          0          0   _printf_n.o
         6          0          0          0          0          0   _printf_o.o
       112          8          0          0          0        124   _printf_oct_int_ll.o
         6          0          0          0          0          0   _printf_p.o
        78          0          0          0          0        108   _printf_pad.o
         0          0          0          0          0          0   _printf_percent.o
         4          0          0          0          0          0   _printf_percent_end.o
         6          0          0          0          0          0   _printf_s.o
        82          0          0          0          0         80   _printf_str.o
        36          0          0          0          0         84   _printf_truncate.o
         6          0          0          0          0          0   _printf_u.o
        44          0          0          0          0        108   _printf_wchar.o
       188          6          8          0          0         92   _printf_wctomb.o
         6          0          0          0          0          0   _printf_x.o
       228          4        148          0          0         96   bigflt0.o
      1936        128          0          0          0        668   btod.o
        10          0          0          0          0         68   defsig_exit.o
        50          0          0          0          0         88   defsig_general.o
        80         58          0          0          0         76   defsig_rtmem_inner.o
        14          0          0          0          0         80   defsig_rtmem_outer.o
        52         38          0          0          0         76   defsig_rtred_inner.o
        14          0          0          0          0         80   defsig_rtred_outer.o
        18          0          0          0          0         80   exit.o
        76          0          0          0          0         88   fclose.o
         8          0          0          0          0         68   ferror.o
       470          0          0          0          0         88   flsbuf.o
       240          6          0          0          0        128   fopen.o
        26          0          0          0          0         68   fputc.o
       248          6          0          0          0         84   fseek.o
        66          0          0          0          0         76   ftell.o
        94          0          0          0          0         80   h1_alloc.o
        52          0          0          0          0         68   h1_extend.o
        78          0          0          0          0         80   h1_free.o
        14          0          0          0          0         84   h1_init.o
         6          0          0          0          0        152   heapauxi.o
         4          0          0          0          0        136   hguard.o
       138          0          0          0          0        168   init_alloc.o
       312         46          0          0          0        112   initio.o
        44         10        272          0          0         76   lc_ctype_c.o
        44         10         28          0          0         76   lc_numeric_c.o
         2          0          0          0          0          0   libinit.o
        46          0          0          0          0          0   libinit2.o
         2          0          0          0          0          0   libshutdown.o
         6          0          0          0          0          0   libshutdown2.o
         8          4          0          0         96         68   libspace.o
       138          0          0          0          0         80   lludiv10.o
         0          0          0          0          0          0   maybetermalloc1.o
        24          4          0          0          0         84   printf.o
        44          4          0          0          0         84   puts.o
        16          4          0          0          0         76   rt_ctype_table.o
         8          4          0          0          0         68   rt_errno_addr_intlibspace.o
         8          4          0          0          0         68   rt_heap_descriptor_intlibspace.o
         8          4          0          0          0         68   rt_locale_intlibspace.o
        78          0          0          0          0         80   rt_memclr_w.o
         2          0          0          0          0          0   rtexit.o
        10          0          0          0          0          0   rtexit2.o
        70          0          0          0          0         80   setvbuf.o
       240          6          0          0          0        156   stdio.o
         0          0          0         12        252          0   stdio_streams.o
       124          0          0          0          0         88   strcmpv7em.o
        74          0          0          0          0         80   sys_stackheap_outer.o
         2          0          0          0          0         68   use_no_semi.o
         2          0          0          0          0         68   use_no_semi_2.o
        26          0          0          0          0        116   fpinit.o
         4          0          0          0          0        116   printf1.o
         4          0          0          0          0        116   printf2.o
         0          0          0          0          0          0   usenofp.o
        48          0          0          0          0        124   fpclassify.o

    ----------------------------------------------------------------------
      9316        436        552         12        352       6668   Library Totals
        24          0          1          0          4          0   (incl. Padding)

    ----------------------------------------------------------------------

      Code (inc. data)   RO Data    RW Data    ZI Data      Debug   Library Name

      9210        436        551         12        348       6196   c_w.l
        34          0          0          0          0        348   fz_wm.l
        48          0          0          0          0        124   m_wm.l

    ----------------------------------------------------------------------
      9316        436        552         12        352       6668   Library Totals

    ----------------------------------------------------------------------

==============================================================================


      Code (inc. data)   RO Data    RW Data    ZI Data      Debug   

     11492        462       1192        112       1888      15234   Grand Totals
     11492        462       1192        112       1888      15234   ELF Image Totals
     11492        462       1192        112          0          0   ROM Totals

==============================================================================

    Total RO  Size (Code + RO Data)                12684 (  12.39kB)
    Total RW  Size (RW Data + ZI Data)              2000 (   1.95kB)
    Total ROM Size (Code + RO Data + RW Data)      12796 (  12.50kB)

==============================================================================

