


ARM Macro Assembler    Page 1 


    1 00000000                 AREA             storage,DATA
    2 00000000         array
    3 00000000 00 00 00 
              00 00 00 
              00 00 00 
              00 00 00 
              00 00 00 
              00 00 00 
              00 00 00 
              00 00 00 
              00 00 00 
              00 00 00 
              00 00 00 
              00 00 00 
              00 00 00 
              00 00 00 
              00 00 00 
              00 00 00 
              00 00 00 
              00 00 00 
              00 00 00 
              00 00 00 
              00 00 00 
              00 00 00 
              00 00 00 
              00 00 00 
              00 00 00 
              00 00 00 
              00 00 00 
              00 00 00 
              00 00 00 
              00 00 00 
              00 00 00 
              00 00 00 
              00 00 00 
              00               SPACE            4*25        ; Declares a 20-wor
                                                            d storage area
    4 00000064         array_end
    5 00000064         
    6 00000064                 AREA             mainarea,CODE
    7 00000000                 EXPORT           asm_main
    8 00000000         
    9 00000000         asm_main
   10 00000000 480B            LDR              r0, =array  ;
   11 00000002 490C            LDR              r1, =array_end
   12 00000004         
   13 00000004 F04F 0201       MOV              r2, #1
   14 00000008 F04F 0301       MOV              r3, #1
   15 0000000C         
   16 0000000C F000 F801       BL               loop
   17 00000010         
   18 00000010 E7FE            B                .           ; Loop forever
   19 00000012         
   20 00000012         loop
   21 00000012 F840 2B04       STR              r2, [r0], #4
   22 00000016 4288            CMP              r0, r1
   23 00000018 BF28 4770       BXHS             lr          ; branch to link re
                                                            g
   24 0000001C         



ARM Macro Assembler    Page 2 


   25 0000001C F840 3B04       STR              r3, [r0], #4
   26 00000020 4288            CMP              r0, r1
   27 00000022 BF28 4770       BXHS             lr
   28 00000026         
   29 00000026 441A            ADD              r2, r2, r3
   30 00000028 4413            ADD              r3, r3, r2
   31 0000002A         
   32 0000002A E7F2            B                loop
   33 0000002C         end_loop
   34 0000002C         
   35 0000002C         
   36 0000002C         ; Single digit fibonacci
   37 0000002C         
   38 0000002C         ; LDR r0, =array
   39 0000002C         ; LDR r1, =array_end
   40 0000002C         ; 
   41 0000002C         ; MOV r2, #1
   42 0000002C         ; MOV r3, #1
   43 0000002C         
   44 0000002C         ;loop
   45 0000002C         ; CMP r0, r1
   46 0000002C         ; BHS end_loop  ; branch to end if r0 >= r1
   47 0000002C         
   48 0000002C         ; STR r2, [r0], #4 ; 1,   1, 2,  1, 2, 3, 1, 2, 3, 5,  1
                       , 2, 3, 5, 8,  1, 2, 3, 5, 8, 13,    .....
   49 0000002C         ; MOV r4, r2   ; r4 = 1 r4 = 2 r4 = 3  r4 = 5   r4 = 8  
                         r4 = 13
   50 0000002C         ; ADD r2, r3   ; r2 = 2 r2 = 3 r2 = 5  r2 = 8   r2 = 13 
                          r2 = 21
   51 0000002C         ; MOV r3, r4   ; r3 = 1 r3 = 2 r3 = 3  r3 = 5   r3 = 8  
                         r3 = 13
   52 0000002C         ; 
   53 0000002C         ; B loop
   54 0000002C         ;end_loop
   55 0000002C         
   56 0000002C E7FE            B                .           ; Loop forever
   57 0000002E         
   58 0000002E 00 00           ALIGN
   59 00000030                 END
              00000000 
              00000000 
Command Line: --debug --xref --diag_suppress=9931,A1950W --cpu=Cortex-M4.fp.sp 
--depend=.\objects\main.d -o.\objects\main.o -I.\RTE\_STM32F407_Flash -IC:\User
s\Roman\AppData\Local\Arm\Packs\ARM\CMSIS\5.9.0\CMSIS\Core\Include -IC:\Users\R
oman\AppData\Local\Arm\Packs\Keil\STM32F4xx_DFP\2.17.1\Drivers\CMSIS\Device\ST\
STM32F4xx\Include --predefine="__EVAL SETA 1" --predefine="__UVISION_VERSION SE
TA 538" --predefine="_RTE_ SETA 1" --predefine="STM32F407xx SETA 1" --predefine
="_RTE_ SETA 1" --list=.\listings\main.lst asm\main.s



ARM Macro Assembler    Page 1 Alphabetic symbol ordering
Relocatable symbols

array 00000000

Symbol: array
   Definitions
      At line 2 in file asm\main.s
   Uses
      At line 10 in file asm\main.s
Comment: array used once
array_end 00000064

Symbol: array_end
   Definitions
      At line 4 in file asm\main.s
   Uses
      At line 11 in file asm\main.s
Comment: array_end used once
storage 00000000

Symbol: storage
   Definitions
      At line 1 in file asm\main.s
   Uses
      None
Comment: storage unused
3 symbols



ARM Macro Assembler    Page 1 Alphabetic symbol ordering
Relocatable symbols

asm_main 00000000

Symbol: asm_main
   Definitions
      At line 9 in file asm\main.s
   Uses
      At line 7 in file asm\main.s
Comment: asm_main used once
end_loop 0000002C

Symbol: end_loop
   Definitions
      At line 33 in file asm\main.s
   Uses
      None
Comment: end_loop unused
loop 00000012

Symbol: loop
   Definitions
      At line 20 in file asm\main.s
   Uses
      At line 16 in file asm\main.s
      At line 32 in file asm\main.s

mainarea 00000000

Symbol: mainarea
   Definitions
      At line 6 in file asm\main.s
   Uses
      None
Comment: mainarea unused
4 symbols
344 symbols in table
