Component: ARM Compiler 6.16 Tool: armlink [5dfeaa00]

==============================================================================

Section Cross References

    main.o(.text.main) refers to utils.o(.text.configClock) for configClock
    main.o(.text.main) refers to utils.o(.text.configUSART2) for configUSART2
    main.o(.text.main) refers to main.o(.rodata.str1.1) for .L.str
    main.o(.text.main) refers to printf.o(.text) for printf
    main.o(.text.main) refers to main.o(.bss.main.stack1) for main.stack1
    main.o(.text.main) refers to main.o(.bss.main.TCB1) for main.TCB1
    main.o(.text.main) refers to main.o(.text.task1) for task1
    main.o(.text.main) refers to scheduler.o(.text.OS_initialiseTCB) for OS_initialiseTCB
    main.o(.text.main) refers to main.o(.bss.main.stack2) for main.stack2
    main.o(.text.main) refers to main.o(.bss.main.TCB2) for main.TCB2
    main.o(.text.main) refers to main.o(.text.task2) for task2
    main.o(.text.main) refers to scheduler.o(.text.OS_addTask) for OS_addTask
    main.o(.text.main) refers to os.o(.text.OS_start) for OS_start
    main.o(.ARM.exidx.text.main) refers to main.o(.text.main) for [Anonymous Symbol]
    main.o(.text.task1) refers to sleep.o(.text.OS_sleep) for OS_sleep
    main.o(.text.task1) refers to main.o(.rodata.str1.1) for .L.str.1
    main.o(.text.task1) refers to printf.o(.text) for printf
    main.o(.ARM.exidx.text.task1) refers to main.o(.text.task1) for [Anonymous Symbol]
    main.o(.text.task2) refers to sleep.o(.text.OS_sleep) for OS_sleep
    main.o(.text.task2) refers to main.o(.rodata.str1.1) for .L.str.2
    main.o(.text.task2) refers to printf.o(.text) for printf
    main.o(.ARM.exidx.text.task2) refers to main.o(.text.task2) for [Anonymous Symbol]
    scheduler.o(.text._OS_schedule) refers to scheduler.o(.bss.task_list) for task_list
    scheduler.o(.text._OS_schedule) refers to os.o(.text.OS_elapsedTicks) for OS_elapsedTicks
    scheduler.o(.text._OS_schedule) refers to os.o(.rodata._OS_idleTCB_p) for _OS_idleTCB_p
    scheduler.o(.ARM.exidx.text._OS_schedule) refers to scheduler.o(.text._OS_schedule) for [Anonymous Symbol]
    scheduler.o(.text.OS_initialiseTCB) refers to rt_memclr_w.o(.text) for __aeabi_memclr4
    scheduler.o(.text.OS_initialiseTCB) refers to os.o(.text._OS_task_end) for _OS_task_end
    scheduler.o(.ARM.exidx.text.OS_initialiseTCB) refers to scheduler.o(.text.OS_initialiseTCB) for [Anonymous Symbol]
    scheduler.o(.text.OS_addTask) refers to scheduler.o(.bss.task_list) for task_list
    scheduler.o(.text.OS_addTask) refers to scheduler.o(.text.list_add) for list_add
    scheduler.o(.ARM.exidx.text.OS_addTask) refers to scheduler.o(.text.OS_addTask) for [Anonymous Symbol]
    scheduler.o(.ARM.exidx.text.list_add) refers to scheduler.o(.text.list_add) for [Anonymous Symbol]
    scheduler.o(.text._OS_taskExit_delegate) refers to os.o(.text.OS_currentTCB) for OS_currentTCB
    scheduler.o(.text._OS_taskExit_delegate) refers to scheduler.o(.bss.task_list) for task_list
    scheduler.o(.text._OS_taskExit_delegate) refers to scheduler.o(.text.list_remove) for list_remove
    scheduler.o(.ARM.exidx.text._OS_taskExit_delegate) refers to scheduler.o(.text._OS_taskExit_delegate) for [Anonymous Symbol]
    scheduler.o(.ARM.exidx.text.list_remove) refers to scheduler.o(.text.list_remove) for [Anonymous Symbol]
    os.o(.text.OS_currentTCB) refers to os.o(.bss._currentTCB) for _currentTCB
    os.o(.ARM.exidx.text.OS_currentTCB) refers to os.o(.text.OS_currentTCB) for [Anonymous Symbol]
    os.o(.text.OS_elapsedTicks) refers to os.o(.bss._ticks) for _ticks
    os.o(.ARM.exidx.text.OS_elapsedTicks) refers to os.o(.text.OS_elapsedTicks) for [Anonymous Symbol]
    os.o(.text.SysTick_Handler) refers to os.o(.bss._ticks) for _ticks
    os.o(.ARM.exidx.text.SysTick_Handler) refers to os.o(.text.SysTick_Handler) for [Anonymous Symbol]
    os.o(.text._OS_yield_delegate) refers to os.o(.bss._currentTCB) for _currentTCB
    os.o(.ARM.exidx.text._OS_yield_delegate) refers to os.o(.text._OS_yield_delegate) for [Anonymous Symbol]
    os.o(.ARM.exidx.text._OS_schedule_delegate) refers to os.o(.text._OS_schedule_delegate) for [Anonymous Symbol]
    os.o(.text.OS_start) refers to os.o(.data._OS_idleTCB) for _OS_idleTCB
    os.o(.text.OS_start) refers to os_asm.o(OS_func) for _task_init_switch
    os.o(.ARM.exidx.text.OS_start) refers to os.o(.text.OS_start) for [Anonymous Symbol]
    os.o(.text._OS_task_end) refers to os.o(.text._svc_0) for _svc_0
    os.o(.ARM.exidx.text._OS_task_end) refers to os.o(.text._OS_task_end) for [Anonymous Symbol]
    os.o(.ARM.exidx.text._svc_0) refers to os.o(.text._svc_0) for [Anonymous Symbol]
    os.o(.text._OS_enable_systick_delegate) refers to system_stm32f4xx.o(.text.SystemCoreClockUpdate) for SystemCoreClockUpdate
    os.o(.text._OS_enable_systick_delegate) refers to system_stm32f4xx.o(.data.SystemCoreClock) for SystemCoreClock
[...]
    .text                                    0x08000658   Section        0  _printf_longlong_dec.o(.text)
    _printf_longlong_oct_internal            0x080006d5   Thumb Code     0  _printf_oct_int_ll.o(.text)
    .text                                    0x080006d4   Section        0  _printf_oct_int_ll.o(.text)
    _printf_hex_common                       0x08000745   Thumb Code     0  _printf_hex_int_ll_ptr.o(.text)
    .text                                    0x08000744   Section        0  _printf_hex_int_ll_ptr.o(.text)
    .text                                    0x080007d8   Section        0  __printf_flags_ss_wp.o(.text)
    .text                                    0x08000960   Section      138  lludiv10.o(.text)
    .text                                    0x080009ea   Section        0  _printf_intcommon.o(.text)
    _fp_digits                               0x08000a9d   Thumb Code   432  _printf_fp_dec.o(.text)
    .text                                    0x08000a9c   Section        0  _printf_fp_dec.o(.text)
    .text                                    0x08000eb8   Section        0  _printf_fp_hex.o(.text)
    _printf_input_char                       0x080011b5   Thumb Code    10  _printf_char_common.o(.text)
    .text                                    0x080011b4   Section        0  _printf_char_common.o(.text)
    .text                                    0x080011e4   Section        0  _printf_char.o(.text)
    .text                                    0x08001210   Section        0  _printf_wchar.o(.text)
    .text                                    0x0800123c   Section        0  ferror.o(.text)
    .text                                    0x08001244   Section        0  initio.o(.text)
    .text                                    0x0800137c   Section        0  _c16rtomb.o(.text)
    .text                                    0x080013c4   Section       74  sys_stackheap_outer.o(.text)
    .text                                    0x08001410   Section       16  rt_ctype_table.o(.text)
    .text                                    0x08001420   Section        8  rt_locale_intlibspace.o(.text)
    .text                                    0x08001428   Section        0  h1_free.o(.text)
    .text                                    0x08001478   Section        0  _printf_fp_infnan.o(.text)
    .text                                    0x080014f8   Section        0  bigflt0.o(.text)
    .text                                    0x080015dc   Section        0  flsbuf.o(.text)
    .text                                    0x080017b2   Section        0  setvbuf.o(.text)
    _freopen_locked                          0x080017f9   Thumb Code     0  fopen.o(.text)
    .text                                    0x080017f8   Section        0  fopen.o(.text)
    .text                                    0x080018e8   Section        0  fclose.o(.text)
    .text                                    0x08001934   Section        0  exit.o(.text)
    .text                                    0x08001946   Section        0  defsig_rtred_outer.o(.text)
    .text                                    0x08001954   Section        8  libspace.o(.text)
    .text                                    0x0800195c   Section        8  rt_heap_descriptor_intlibspace.o(.text)
    .text                                    0x08001964   Section        0  hguard.o(.text)
    .text                                    0x08001968   Section        0  init_alloc.o(.text)
    .text                                    0x080019f2   Section        0  h1_alloc.o(.text)
    .text                                    0x08001a50   Section        0  fseek.o(.text)
    .text                                    0x08001b48   Section        0  stdio.o(.text)
    .text                                    0x08001c38   Section        0  defsig_exit.o(.text)
    .text                                    0x08001c44   Section        0  defsig_rtred_inner.o(.text)
    .text                                    0x08001c78   Section        0  maybetermalloc1.o(.text)
    .text                                    0x08001c78   Section        0  h1_init.o(.text)
    .text                                    0x08001c86   Section        0  h1_extend.o(.text)
    .text                                    0x08001cba   Section        0  ftell.o(.text)
    .text                                    0x08001cfc   Section        0  defsig_general.o(.text)
    .text                                    0x08001d2e   Section        0  defsig_rtmem_outer.o(.text)
    .text                                    0x08001d3c   Section        8  rt_errno_addr_intlibspace.o(.text)
    .text                                    0x08001d44   Section        0  defsig_rtmem_inner.o(.text)
    [Anonymous Symbol]                       0x08001d94   Section        0  hardfault.o(.text.HardFault_Handler)
    [Anonymous Symbol]                       0x08001da8   Section        0  hardfault.o(.text.HardFault_HandlerC)
    [Anonymous Symbol]                       0x08001e2c   Section        0  scheduler.o(.text.OS_addTask)
    [Anonymous Symbol]                       0x08001e44   Section        0  os.o(.text.OS_currentTCB)
    [Anonymous Symbol]                       0x08001e50   Section        0  os.o(.text.OS_elapsedTicks)
    [Anonymous Symbol]                       0x08001e5c   Section        0  scheduler.o(.text.OS_initialiseTCB)
    [Anonymous Symbol]                       0x08001f04   Section        0  sleep.o(.text.OS_sleep)
    [Anonymous Symbol]                       0x08001f34   Section        0  os.o(.text.OS_start)
    SysTick_Config                           0x08001f45   Thumb Code    82  os.o(.text.SysTick_Config)
    [Anonymous Symbol]                       0x08001f44   Section        0  os.o(.text.SysTick_Config)
    [Anonymous Symbol]                       0x08001f98   Section        0  os.o(.text.SysTick_Handler)
    [Anonymous Symbol]                       0x08001fb8   Section        0  system_stm32f4xx.o(.text.SystemCoreClockUpdate)
    [Anonymous Symbol]                       0x080020e8   Section        0  system_stm32f4xx.o(.text.SystemInit)
    [Anonymous Symbol]                       0x080020ec   Section        0  os.o(.text._OS_enable_systick_delegate)
    [Anonymous Symbol]                       0x0800211c   Section        0  scheduler.o(.text._OS_schedule)
    [Anonymous Symbol]                       0x080021b8   Section        0  os.o(.text._OS_schedule_delegate)
    [Anonymous Symbol]                       0x080021c8   Section        0  scheduler.o(.text._OS_taskExit_delegate)
    [Anonymous Symbol]                       0x080021f4   Section        0  os.o(.text._OS_task_end)
    [Anonymous Symbol]                       0x08002200   Section        0  os.o(.text._OS_yield_delegate)
    __NVIC_SetPriority                       0x08002225   Thumb Code    66  os.o(.text.__NVIC_SetPriority)
    [Anonymous Symbol]                       0x08002224   Section        0  os.o(.text.__NVIC_SetPriority)
    _svc_0                                   0x08002269   Thumb Code    22  os.o(.text._svc_0)
    [Anonymous Symbol]                       0x08002268   Section        0  os.o(.text._svc_0)
    _svc_0                                   0x08002281   Thumb Code    22  sleep.o(.text._svc_0)
    [Anonymous Symbol]                       0x08002280   Section        0  sleep.o(.text._svc_0)
    [Anonymous Symbol]                       0x08002298   Section        0  retarget_io.o(.text._sys_close)
    [Anonymous Symbol]                       0x080022e4   Section        0  utils.o(.text._sys_exit)
    [Anonymous Symbol]                       0x080022ec   Section        0  retarget_io.o(.text._sys_flen)
    [Anonymous Symbol]                       0x08002334   Section        0  retarget_io.o(.text._sys_istty)
    [Anonymous Symbol]                       0x0800237c   Section        0  retarget_io.o(.text._sys_open)
    [Anonymous Symbol]                       0x08002400   Section        0  retarget_io.o(.text._sys_seek)
    [Anonymous Symbol]                       0x08002454   Section        0  retarget_io.o(.text._sys_write)
    [Anonymous Symbol]                       0x080024cc   Section        0  retarget_io.o(.text._ttywrch)
    [Anonymous Symbol]                       0x080024dc   Section        0  utils.o(.text.configClock)
    [Anonymous Symbol]                       0x08002598   Section        0  utils.o(.text.configUSART2)
    list_add                                 0x08002659   Thumb Code    68  scheduler.o(.text.list_add)
    [Anonymous Symbol]                       0x08002658   Section        0  scheduler.o(.text.list_add)
    list_remove                              0x0800269d   Thumb Code    70  scheduler.o(.text.list_remove)
    [Anonymous Symbol]                       0x0800269c   Section        0  scheduler.o(.text.list_remove)
    [Anonymous Symbol]                       0x080026e4   Section        0  main.o(.text.main)
    [Anonymous Symbol]                       0x08002760   Section        0  utils.o(.text.stdout_putchar)
    task1                                    0x0800278d   Thumb Code    26  main.o(.text.task1)
    [Anonymous Symbol]                       0x0800278c   Section        0  main.o(.text.task1)
    task2                                    0x080027a9   Thumb Code    26  main.o(.text.task2)
    [Anonymous Symbol]                       0x080027a8   Section        0  main.o(.text.task2)
    [Anonymous Symbol]                       0x080027c4   Section        0  utils.o(.text.ttywrch)
    CL$$btod_d2e                             0x080027d4   Section       62  btod.o(CL$$btod_d2e)
    CL$$btod_d2e_denorm_low                  0x08002812   Section       70  btod.o(CL$$btod_d2e_denorm_low)
    CL$$btod_d2e_norm_op1                    0x08002858   Section       96  btod.o(CL$$btod_d2e_norm_op1)
    CL$$btod_div_common                      0x080028b8   Section      824  btod.o(CL$$btod_div_common)
    CL$$btod_e2e                             0x08002bf0   Section      220  btod.o(CL$$btod_e2e)
    CL$$btod_ediv                            0x08002ccc   Section       42  btod.o(CL$$btod_ediv)
    CL$$btod_emul                            0x08002cf6   Section       42  btod.o(CL$$btod_emul)
    CL$$btod_mult_common                     0x08002d20   Section      580  btod.o(CL$$btod_mult_common)
    OS_func                                  0x08002f64   Section      136  os_asm.o(OS_func)
    SVC_tableStart                           0x08002f80   Data           0  os_asm.o(OS_func)
    i.__ARM_fpclassify                       0x08002fec   Section        0  fpclassify.o(i.__ARM_fpclassify)
    i._is_digit                              0x08003014   Section        0  __printf_wp.o(i._is_digit)
    i.fputc                                  0x08003022   Section        0  fputc.o(i.fputc)
    locale$$code                             0x0800303c   Section       44  lc_numeric_c.o(locale$$code)
    locale$$code                             0x08003068   Section       44  lc_ctype_c.o(locale$$code)
    x$fpl$printf1                            0x08003094   Section        4  printf1.o(x$fpl$printf1)
    x$fpl$printf2                            0x08003098   Section        4  printf2.o(x$fpl$printf2)
    initial_mbstate                          0x0800309c   Data           8  _printf_wctomb.o(.constdata)
    .constdata                               0x0800309c   Section        8  _printf_wctomb.o(.constdata)
    x$fpl$usenofp                            0x0800309c   Section        0  usenofp.o(x$fpl$usenofp)
    uc_hextab                                0x080030a4   Data          20  _printf_hex_int_ll_ptr.o(.constdata)
    .constdata                               0x080030a4   Section       40  _printf_hex_int_ll_ptr.o(.constdata)
    lc_hextab                                0x080030b8   Data          20  _printf_hex_int_ll_ptr.o(.constdata)
    maptable                                 0x080030cc   Data          17  __printf_flags_ss_wp.o(.constdata)
    .constdata                               0x080030cc   Section       17  __printf_flags_ss_wp.o(.constdata)
    lc_hextab                                0x080030dd   Data          19  _printf_fp_hex.o(.constdata)
    .constdata                               0x080030dd   Section       38  _printf_fp_hex.o(.constdata)
    uc_hextab                                0x080030f0   Data          19  _printf_fp_hex.o(.constdata)
    tenpwrs_x                                0x08003104   Data          60  bigflt0.o(.constdata)
    .constdata                               0x08003104   Section      148  bigflt0.o(.constdata)
    tenpwrs_i                                0x08003140   Data          64  bigflt0.o(.constdata)
    .L.str                                   0x080031c3   Data          12  main.o(.rodata.str1.1)
    [Anonymous Symbol]                       0x080031c3   Section        0  main.o(.rodata.str1.1)
    .L.str.1                                 0x080031cf   Data           9  main.o(.rodata.str1.1)
    .L.str.2                                 0x080031d8   Data           9  main.o(.rodata.str1.1)
    .L.str                                   0x080031e1   Data           7  retarget_io.o(.rodata.str1.1)
    [Anonymous Symbol]                       0x080031e1   Section        0  retarget_io.o(.rodata.str1.1)
    .L.str.2                                 0x080031e8   Data           8  retarget_io.o(.rodata.str1.1)
    .L.str.1                                 0x080031f0   Data           8  retarget_io.o(.rodata.str1.1)
    locale$$data                             0x08003218   Section       28  lc_numeric_c.o(locale$$data)
    __lcnum_c_name                           0x0800321c   Data           2  lc_numeric_c.o(locale$$data)
    __lcnum_c_start                          0x08003224   Data           0  lc_numeric_c.o(locale$$data)
    __lcnum_c_point                          0x08003230   Data           0  lc_numeric_c.o(locale$$data)
    __lcnum_c_thousands                      0x08003232   Data           0  lc_numeric_c.o(locale$$data)
    __lcnum_c_grouping                       0x08003233   Data           0  lc_numeric_c.o(locale$$data)
    __lcnum_c_end                            0x08003234   Data           0  lc_numeric_c.o(locale$$data)
    locale$$data                             0x08003234   Section      272  lc_ctype_c.o(locale$$data)
    __lcctype_c_name                         0x08003238   Data           2  lc_ctype_c.o(locale$$data)
    __lcctype_c_start                        0x08003240   Data           0  lc_ctype_c.o(locale$$data)
    __lcctype_c_end                          0x08003344   Data           0  lc_ctype_c.o(locale$$data)
    .data                                    0x20000000   Section        4  stdio_streams.o(.data)
    .data                                    0x20000004   Section        4  stdio_streams.o(.data)
    .data                                    0x20000008   Section        4  stdio_streams.o(.data)
    _OS_idleTCB                              0x20000010   Data          20  os.o(.data._OS_idleTCB)
    [Anonymous Symbol]                       0x20000010   Section        0  os.o(.data._OS_idleTCB)
    configUSART2.hpre                        0x20000024   Data          64  utils.o(.data.configUSART2.hpre)
    [Anonymous Symbol]                       0x20000024   Section        0  utils.o(.data.configUSART2.hpre)
    configUSART2.ppre1                       0x20000064   Data          32  utils.o(.data.configUSART2.ppre1)
    [Anonymous Symbol]                       0x20000064   Section        0  utils.o(.data.configUSART2.ppre1)
    .bss                                     0x20000088   Section       84  stdio_streams.o(.bss)
    .bss                                     0x200000dc   Section       84  stdio_streams.o(.bss)
    .bss                                     0x20000130   Section       84  stdio_streams.o(.bss)
    .bss                                     0x20000184   Section       96  libspace.o(.bss)
    _idleTaskSF                              0x200001e8   Data          64  os.o(.bss._idleTaskSF)
    [Anonymous Symbol]                       0x200001e8   Section        0  os.o(.bss._idleTaskSF)
    _ticks                                   0x20000228   Data           4  os.o(.bss._ticks)
    [Anonymous Symbol]                       0x20000228   Section        0  os.o(.bss._ticks)
    main.TCB1                                0x2000022c   Data          20  main.o(.bss.main.TCB1)
    [Anonymous Symbol]                       0x2000022c   Section        0  main.o(.bss.main.TCB1)
    main.TCB2                                0x20000240   Data          20  main.o(.bss.main.TCB2)
    [Anonymous Symbol]                       0x20000240   Section        0  main.o(.bss.main.TCB2)
    main.stack1                              0x20000258   Data         512  main.o(.bss.main.stack1)
    [Anonymous Symbol]                       0x20000258   Section        0  main.o(.bss.main.stack1)
    main.stack2                              0x20000458   Data         512  main.o(.bss.main.stack2)
    [Anonymous Symbol]                       0x20000458   Section        0  main.o(.bss.main.stack2)
    task_list                                0x20000658   Data           4  scheduler.o(.bss.task_list)
    [Anonymous Symbol]                       0x20000658   Section        0  scheduler.o(.bss.task_list)
    Heap_Mem                                 0x20000660   Data         512  startup_stm32f407xx.o(HEAP)
    HEAP                                     0x20000660   Section      512  startup_stm32f407xx.o(HEAP)
    Stack_Mem                                0x20000860   Data        1024  startup_stm32f407xx.o(STACK)
    STACK                                    0x20000860   Section     1024  startup_stm32f407xx.o(STACK)
    __initial_sp                             0x20000c60   Data           0  startup_stm32f407xx.o(STACK)

    Global Symbols

    Symbol Name                              Value     Ov Type        Size  Object(Section)

    BuildAttributes$$THM_ISAv4$E$P$D$K$B$S$7EM$PE$A:L22UL41UL21$X:L11$S22US41US21$IEEE1$IW$~IW$USESV6$~STKCKD$USESV7$~SHL$OTIME$ROPI$IEEEJ$EBA8$UX$STANDARDLIB$REQ8$PRES8$EABIv2 0x00000000   Number         0  anon$$obj.o ABSOLUTE
    __fp_init_empty                          0x00000000   Number         0  fpinit_empty.o ABSOLUTE
    _printf_flags                            0x00000000   Number         0  printf_stubs.o ABSOLUTE
    _printf_return_value                     0x00000000   Number         0  printf_stubs.o ABSOLUTE
    _printf_sizespec                         0x00000000   Number         0  printf_stubs.o ABSOLUTE
    _printf_widthprec                        0x00000000   Number         0  printf_stubs.o ABSOLUTE
    __ARM_exceptions_init                     - Undefined Weak Reference
    __alloca_initialize                       - Undefined Weak Reference
    __arm_preinit_                            - Undefined Weak Reference
    __cpp_initialize__aeabi_                  - Undefined Weak Reference
    __cxa_finalize                            - Undefined Weak Reference
    __sigvec_lookup                           - Undefined Weak Reference
    __user_heap_extent                        - Undefined Weak Reference
    _atexit_init                              - Undefined Weak Reference
    _call_atexit_fns                          - Undefined Weak Reference
    _clock_init                               - Undefined Weak Reference
    _fp_trap_init                             - Undefined Weak Reference
    _fp_trap_shutdown                         - Undefined Weak Reference
    _get_lc_collate                           - Undefined Weak Reference
    _get_lc_monetary                          - Undefined Weak Reference
    _get_lc_time                              - Undefined Weak Reference
    _getenv_init                              - Undefined Weak Reference
    _handle_redirection                       - Undefined Weak Reference
    _mutex_acquire                            - Undefined Weak Reference
    _mutex_free                               - Undefined Weak Reference
    _mutex_release                            - Undefined Weak Reference
    _printf_mbtowc                            - Undefined Weak Reference
    _printf_wc                                - Undefined Weak Reference
    _rand_init                                - Undefined Weak Reference
    _signal_finish                            - Undefined Weak Reference
    _signal_init                              - Undefined Weak Reference
    __Vectors_Size                           0x00000188   Number         0  startup_stm32f407xx.o ABSOLUTE
    __Vectors                                0x08000000   Data           4  startup_stm32f407xx.o(RESET)
    __Vectors_End                            0x08000188   Data           0  startup_stm32f407xx.o(RESET)
    __main                                   0x08000189   Thumb Code     8  __main.o(!!!main)
    __scatterload                            0x08000191   Thumb Code     0  __scatter.o(!!!scatter)
    __scatterload_rt2                        0x08000191   Thumb Code    44  __scatter.o(!!!scatter)
    __scatterload_rt2_thumb_only             0x08000191   Thumb Code     0  __scatter.o(!!!scatter)
    __scatterload_null                       0x0800019f   Thumb Code     0  __scatter.o(!!!scatter)
    __scatterload_copy                       0x080001c5   Thumb Code    26  __scatter_copy.o(!!handler_copy)
    __scatterload_zeroinit                   0x080001e1   Thumb Code    28  __scatter_zi.o(!!handler_zi)
    _printf_n                                0x080001fd   Thumb Code     0  _printf_n.o(.ARM.Collect$$_printf_percent$$00000001)
    _printf_percent                          0x080001fd   Thumb Code     0  _printf_percent.o(.ARM.Collect$$_printf_percent$$00000000)
    _printf_p                                0x08000203   Thumb Code     0  _printf_p.o(.ARM.Collect$$_printf_percent$$00000002)
    _printf_f                                0x08000209   Thumb Code     0  _printf_f.o(.ARM.Collect$$_printf_percent$$00000003)
    _printf_e                                0x0800020f   Thumb Code     0  _printf_e.o(.ARM.Collect$$_printf_percent$$00000004)
    _printf_g                                0x08000215   Thumb Code     0  _printf_g.o(.ARM.Collect$$_printf_percent$$00000005)
    _printf_a                                0x0800021b   Thumb Code     0  _printf_a.o(.ARM.Collect$$_printf_percent$$00000006)
    _printf_ll                               0x08000221   Thumb Code     0  _printf_ll.o(.ARM.Collect$$_printf_percent$$00000007)
    _printf_i                                0x0800022b   Thumb Code     0  _printf_i.o(.ARM.Collect$$_printf_percent$$00000008)
    _printf_d                                0x08000231   Thumb Code     0  _printf_d.o(.ARM.Collect$$_printf_percent$$00000009)
    _printf_u                                0x08000237   Thumb Code     0  _printf_u.o(.ARM.Collect$$_printf_percent$$0000000A)
    _printf_o                                0x0800023d   Thumb Code     0  _printf_o.o(.ARM.Collect$$_printf_percent$$0000000B)
    _printf_x                                0x08000243   Thumb Code     0  _printf_x.o(.ARM.Collect$$_printf_percent$$0000000C)
    _printf_lli                              0x08000249   Thumb Code     0  _printf_lli.o(.ARM.Collect$$_printf_percent$$0000000D)
    _printf_lld                              0x0800024f   Thumb Code     0  _printf_lld.o(.ARM.Collect$$_printf_percent$$0000000E)
    _printf_llu                              0x08000255   Thumb Code     0  _printf_llu.o(.ARM.Collect$$_printf_percent$$0000000F)
    _printf_llo                              0x0800025b   Thumb Code     0  _printf_llo.o(.ARM.Collect$$_printf_percent$$00000010)
    _printf_llx                              0x08000261   Thumb Code     0  _printf_llx.o(.ARM.Collect$$_printf_percent$$00000011)
    _printf_l                                0x08000267   Thumb Code     0  _printf_l.o(.ARM.Collect$$_printf_percent$$00000012)
    _printf_c                                0x08000271   Thumb Code     0  _printf_c.o(.ARM.Collect$$_printf_percent$$00000013)
    _printf_s                                0x08000277   Thumb Code     0  _printf_s.o(.ARM.Collect$$_printf_percent$$00000014)
    _printf_lc                               0x0800027d   Thumb Code     0  _printf_lc.o(.ARM.Collect$$_printf_percent$$00000015)
    _printf_ls                               0x08000283   Thumb Code     0  _printf_ls.o(.ARM.Collect$$_printf_percent$$00000016)
    _printf_percent_end                      0x08000289   Thumb Code     0  _printf_percent_end.o(.ARM.Collect$$_printf_percent$$00000017)
    __rt_lib_init                            0x0800028d   Thumb Code     0  libinit.o(.ARM.Collect$$libinit$$00000000)
    __rt_lib_init_fp_1                       0x0800028f   Thumb Code     0  libinit2.o(.ARM.Collect$$libinit$$00000002)
    __rt_lib_init_heap_2                     0x0800028f   Thumb Code     0  libinit2.o(.ARM.Collect$$libinit$$00000005)
    __rt_lib_init_preinit_1                  0x0800028f   Thumb Code     0  libinit2.o(.ARM.Collect$$libinit$$00000004)
    __rt_lib_init_heap_1                     0x08000297   Thumb Code     0  libinit2.o(.ARM.Collect$$libinit$$0000000A)
    __rt_lib_init_lc_common                  0x08000297   Thumb Code     0  libinit2.o(.ARM.Collect$$libinit$$0000000F)
    __rt_lib_init_rand_1                     0x08000297   Thumb Code     0  libinit2.o(.ARM.Collect$$libinit$$0000000E)
    __rt_lib_init_user_alloc_1               0x08000297   Thumb Code     0  libinit2.o(.ARM.Collect$$libinit$$0000000C)
    __rt_lib_init_lc_collate_1               0x0800029d   Thumb Code     0  libinit2.o(.ARM.Collect$$libinit$$00000011)
    __rt_lib_init_lc_ctype_2                 0x0800029d   Thumb Code     0  libinit2.o(.ARM.Collect$$libinit$$00000012)
    __rt_lib_init_lc_ctype_1                 0x080002a9   Thumb Code     0  libinit2.o(.ARM.Collect$$libinit$$00000013)
    __rt_lib_init_lc_monetary_1              0x080002a9   Thumb Code     0  libinit2.o(.ARM.Collect$$libinit$$00000015)
    __rt_lib_init_lc_numeric_2               0x080002a9   Thumb Code     0  libinit2.o(.ARM.Collect$$libinit$$00000016)
    __rt_lib_init_atexit_1                   0x080002b3   Thumb Code     0  libinit2.o(.ARM.Collect$$libinit$$0000001B)
    __rt_lib_init_clock_1                    0x080002b3   Thumb Code     0  libinit2.o(.ARM.Collect$$libinit$$00000021)
    __rt_lib_init_fp_trap_1                  0x080002b3   Thumb Code     0  libinit2.o(.ARM.Collect$$libinit$$0000001F)
    __rt_lib_init_getenv_1                   0x080002b3   Thumb Code     0  libinit2.o(.ARM.Collect$$libinit$$00000023)
    __rt_lib_init_lc_numeric_1               0x080002b3   Thumb Code     0  libinit2.o(.ARM.Collect$$libinit$$00000017)
    __rt_lib_init_lc_time_1                  0x080002b3   Thumb Code     0  libinit2.o(.ARM.Collect$$libinit$$00000019)
    __rt_lib_init_signal_1                   0x080002b3   Thumb Code     0  libinit2.o(.ARM.Collect$$libinit$$0000001D)
    __rt_lib_init_stdio_2                    0x080002b3   Thumb Code     0  libinit2.o(.ARM.Collect$$libinit$$00000024)
    __rt_lib_init_alloca_1                   0x080002b7   Thumb Code     0  libinit2.o(.ARM.Collect$$libinit$$0000002E)
    __rt_lib_init_argv_1                     0x080002b7   Thumb Code     0  libinit2.o(.ARM.Collect$$libinit$$0000002C)
    __rt_lib_init_cpp_1                      0x080002b7   Thumb Code     0  libinit2.o(.ARM.Collect$$libinit$$00000032)
    __rt_lib_init_exceptions_1               0x080002b7   Thumb Code     0  libinit2.o(.ARM.Collect$$libinit$$00000030)
    __rt_lib_init_return                     0x080002b7   Thumb Code     0  libinit2.o(.ARM.Collect$$libinit$$00000033)
    __rt_lib_init_stdio_1                    0x080002b7   Thumb Code     0  libinit2.o(.ARM.Collect$$libinit$$00000025)
    __rt_lib_shutdown                        0x080002b9   Thumb Code     0  libshutdown.o(.ARM.Collect$$libshutdown$$00000000)
    __rt_lib_shutdown_cpp_1                  0x080002bb   Thumb Code     0  libshutdown2.o(.ARM.Collect$$libshutdown$$00000002)
    __rt_lib_shutdown_stdio_2                0x080002bb   Thumb Code     0  libshutdown2.o(.ARM.Collect$$libshutdown$$00000003)
    __rt_lib_shutdown_fp_trap_1              0x080002bf   Thumb Code     0  libshutdown2.o(.ARM.Collect$$libshutdown$$00000007)
    __rt_lib_shutdown_heap_1                 0x080002bf   Thumb Code     0  libshutdown2.o(.ARM.Collect$$libshutdown$$0000000F)
    __rt_lib_shutdown_return                 0x080002bf   Thumb Code     0  libshutdown2.o(.ARM.Collect$$libshutdown$$00000010)
    __rt_lib_shutdown_signal_1               0x080002bf   Thumb Code     0  libshutdown2.o(.ARM.Collect$$libshutdown$$0000000A)
    __rt_lib_shutdown_stdio_1                0x080002bf   Thumb Code     0  libshutdown2.o(.ARM.Collect$$libshutdown$$00000004)
    __rt_lib_shutdown_user_alloc_1           0x080002bf   Thumb Code     0  libshutdown2.o(.ARM.Collect$$libshutdown$$0000000C)
    __rt_entry                               0x080002c1   Thumb Code     0  __rtentry.o(.ARM.Collect$$rtentry$$00000000)
    __rt_entry_presh_1                       0x080002c1   Thumb Code     0  __rtentry2.o(.ARM.Collect$$rtentry$$00000002)
    __rt_entry_sh                            0x080002c1   Thumb Code     0  __rtentry4.o(.ARM.Collect$$rtentry$$00000004)
    __rt_entry_li                            0x080002c7   Thumb Code     0  __rtentry2.o(.ARM.Collect$$rtentry$$0000000A)
    __rt_entry_postsh_1                      0x080002c7   Thumb Code     0  __rtentry2.o(.ARM.Collect$$rtentry$$00000009)
    __rt_entry_main                          0x080002cb   Thumb Code     0  __rtentry2.o(.ARM.Collect$$rtentry$$0000000D)
    __rt_entry_postli_1                      0x080002cb   Thumb Code     0  __rtentry2.o(.ARM.Collect$$rtentry$$0000000C)
    __rt_exit                                0x080002d3   Thumb Code     0  rtexit.o(.ARM.Collect$$rtexit$$00000000)
    __rt_exit_ls                             0x080002d5   Thumb Code     0  rtexit2.o(.ARM.Collect$$rtexit$$00000003)
    __rt_exit_prels_1                        0x080002d5   Thumb Code     0  rtexit2.o(.ARM.Collect$$rtexit$$00000002)
    __rt_exit_exit                           0x080002d9   Thumb Code     0  rtexit2.o(.ARM.Collect$$rtexit$$00000004)
    Reset_Handler                            0x080002e1   Thumb Code     8  startup_stm32f407xx.o(.text)
    NMI_Handler                              0x080002e9   Thumb Code     2  startup_stm32f407xx.o(.text)
    MemManage_Handler                        0x080002ed   Thumb Code     2  startup_stm32f407xx.o(.text)
    BusFault_Handler                         0x080002ef   Thumb Code     2  startup_stm32f407xx.o(.text)
    UsageFault_Handler                       0x080002f1   Thumb Code     2  startup_stm32f407xx.o(.text)
    DebugMon_Handler                         0x080002f5   Thumb Code     2  startup_stm32f407xx.o(.text)
    ADC_IRQHandler                           0x080002fb   Thumb Code     0  startup_stm32f407xx.o(.text)
    CAN1_RX0_IRQHandler                      0x080002fb   Thumb Code     0  startup_stm32f407xx.o(.text)
    CAN1_RX1_IRQHandler                      0x080002fb   Thumb Code     0  startup_stm32f407xx.o(.text)
    CAN1_SCE_IRQHandler                      0x080002fb   Thumb Code     0  startup_stm32f407xx.o(.text)
    CAN1_TX_IRQHandler                       0x080002fb   Thumb Code     0  startup_stm32f407xx.o(.text)
    CAN2_RX0_IRQHandler                      0x080002fb   Thumb Code     0  startup_stm32f407xx.o(.text)
    CAN2_RX1_IRQHandler                      0x080002fb   Thumb Code     0  startup_stm32f407xx.o(.text)
    CAN2_SCE_IRQHandler                      0x080002fb   Thumb Code     0  startup_stm32f407xx.o(.text)
    CAN2_TX_IRQHandler                       0x080002fb   Thumb Code     0  startup_stm32f407xx.o(.text)
    DCMI_IRQHandler                          0x080002fb   Thumb Code     0  startup_stm32f407xx.o(.text)
    DMA1_Stream0_IRQHandler                  0x080002fb   Thumb Code     0  startup_stm32f407xx.o(.text)
    DMA1_Stream1_IRQHandler                  0x080002fb   Thumb Code     0  startup_stm32f407xx.o(.text)
    DMA1_Stream2_IRQHandler                  0x080002fb   Thumb Code     0  startup_stm32f407xx.o(.text)
    DMA1_Stream3_IRQHandler                  0x080002fb   Thumb Code     0  startup_stm32f407xx.o(.text)
    DMA1_Stream4_IRQHandler                  0x080002fb   Thumb Code     0  startup_stm32f407xx.o(.text)
    DMA1_Stream5_IRQHandler                  0x080002fb   Thumb Code     0  startup_stm32f407xx.o(.text)
    DMA1_Stream6_IRQHandler                  0x080002fb   Thumb Code     0  startup_stm32f407xx.o(.text)
    DMA1_Stream7_IRQHandler                  0x080002fb   Thumb Code     0  startup_stm32f407xx.o(.text)
    DMA2_Stream0_IRQHandler                  0x080002fb   Thumb Code     0  startup_stm32f407xx.o(.text)
    DMA2_Stream1_IRQHandler                  0x080002fb   Thumb Code     0  startup_stm32f407xx.o(.text)
    DMA2_Stream2_IRQHandler                  0x080002fb   Thumb Code     0  startup_stm32f407xx.o(.text)
    DMA2_Stream3_IRQHandler                  0x080002fb   Thumb Code     0  startup_stm32f407xx.o(.text)
    DMA2_Stream4_IRQHandler                  0x080002fb   Thumb Code     0  startup_stm32f407xx.o(.text)
    DMA2_Stream5_IRQHandler                  0x080002fb   Thumb Code     0  startup_stm32f407xx.o(.text)
    DMA2_Stream6_IRQHandler                  0x080002fb   Thumb Code     0  startup_stm32f407xx.o(.text)
    DMA2_Stream7_IRQHandler                  0x080002fb   Thumb Code     0  startup_stm32f407xx.o(.text)
    ETH_IRQHandler                           0x080002fb   Thumb Code     0  startup_stm32f407xx.o(.text)
    ETH_WKUP_IRQHandler                      0x080002fb   Thumb Code     0  startup_stm32f407xx.o(.text)
    EXTI0_IRQHandler                         0x080002fb   Thumb Code     0  startup_stm32f407xx.o(.text)
    EXTI15_10_IRQHandler                     0x080002fb   Thumb Code     0  startup_stm32f407xx.o(.text)
    EXTI1_IRQHandler                         0x080002fb   Thumb Code     0  startup_stm32f407xx.o(.text)
    EXTI2_IRQHandler                         0x080002fb   Thumb Code     0  startup_stm32f407xx.o(.text)
    EXTI3_IRQHandler                         0x080002fb   Thumb Code     0  startup_stm32f407xx.o(.text)
    EXTI4_IRQHandler                         0x080002fb   Thumb Code     0  startup_stm32f407xx.o(.text)
    EXTI9_5_IRQHandler                       0x080002fb   Thumb Code     0  startup_stm32f407xx.o(.text)
    FLASH_IRQHandler                         0x080002fb   Thumb Code     0  startup_stm32f407xx.o(.text)
    FMC_IRQHandler                           0x080002fb   Thumb Code     0  startup_stm32f407xx.o(.text)
    FPU_IRQHandler                           0x080002fb   Thumb Code     0  startup_stm32f407xx.o(.text)
    HASH_RNG_IRQHandler                      0x080002fb   Thumb Code     0  startup_stm32f407xx.o(.text)
    I2C1_ER_IRQHandler                       0x080002fb   Thumb Code     0  startup_stm32f407xx.o(.text)
    I2C1_EV_IRQHandler                       0x080002fb   Thumb Code     0  startup_stm32f407xx.o(.text)
    I2C2_ER_IRQHandler                       0x080002fb   Thumb Code     0  startup_stm32f407xx.o(.text)
    I2C2_EV_IRQHandler                       0x080002fb   Thumb Code     0  startup_stm32f407xx.o(.text)
    I2C3_ER_IRQHandler                       0x080002fb   Thumb Code     0  startup_stm32f407xx.o(.text)
    I2C3_EV_IRQHandler                       0x080002fb   Thumb Code     0  startup_stm32f407xx.o(.text)
    OTG_FS_IRQHandler                        0x080002fb   Thumb Code     0  startup_stm32f407xx.o(.text)
    OTG_FS_WKUP_IRQHandler                   0x080002fb   Thumb Code     0  startup_stm32f407xx.o(.text)
    OTG_HS_EP1_IN_IRQHandler                 0x080002fb   Thumb Code     0  startup_stm32f407xx.o(.text)
    OTG_HS_EP1_OUT_IRQHandler                0x080002fb   Thumb Code     0  startup_stm32f407xx.o(.text)
    OTG_HS_IRQHandler                        0x080002fb   Thumb Code     0  startup_stm32f407xx.o(.text)
    OTG_HS_WKUP_IRQHandler                   0x080002fb   Thumb Code     0  startup_stm32f407xx.o(.text)
    PVD_IRQHandler                           0x080002fb   Thumb Code     0  startup_stm32f407xx.o(.text)
    RCC_IRQHandler                           0x080002fb   Thumb Code     0  startup_stm32f407xx.o(.text)
    RTC_Alarm_IRQHandler                     0x080002fb   Thumb Code     0  startup_stm32f407xx.o(.text)
    RTC_WKUP_IRQHandler                      0x080002fb   Thumb Code     0  startup_stm32f407xx.o(.text)
    SDIO_IRQHandler                          0x080002fb   Thumb Code     0  startup_stm32f407xx.o(.text)
    SPI1_IRQHandler                          0x080002fb   Thumb Code     0  startup_stm32f407xx.o(.text)
    SPI2_IRQHandler                          0x080002fb   Thumb Code     0  startup_stm32f407xx.o(.text)
    SPI3_IRQHandler                          0x080002fb   Thumb Code     0  startup_stm32f407xx.o(.text)
    TAMP_STAMP_IRQHandler                    0x080002fb   Thumb Code     0  startup_stm32f407xx.o(.text)
    TIM1_BRK_TIM9_IRQHandler                 0x080002fb   Thumb Code     0  startup_stm32f407xx.o(.text)
    TIM1_CC_IRQHandler                       0x080002fb   Thumb Code     0  startup_stm32f407xx.o(.text)
    TIM1_TRG_COM_TIM11_IRQHandler            0x080002fb   Thumb Code     0  startup_stm32f407xx.o(.text)
    TIM1_UP_TIM10_IRQHandler                 0x080002fb   Thumb Code     0  startup_stm32f407xx.o(.text)
    TIM2_IRQHandler                          0x080002fb   Thumb Code     0  startup_stm32f407xx.o(.text)
    TIM3_IRQHandler                          0x080002fb   Thumb Code     0  startup_stm32f407xx.o(.text)
    TIM4_IRQHandler                          0x080002fb   Thumb Code     0  startup_stm32f407xx.o(.text)
    TIM5_IRQHandler                          0x080002fb   Thumb Code     0  startup_stm32f407xx.o(.text)
    TIM6_DAC_IRQHandler                      0x080002fb   Thumb Code     0  startup_stm32f407xx.o(.text)
    TIM7_IRQHandler                          0x080002fb   Thumb Code     0  startup_stm32f407xx.o(.text)
    TIM8_BRK_TIM12_IRQHandler                0x080002fb   Thumb Code     0  startup_stm32f407xx.o(.text)
    TIM8_CC_IRQHandler                       0x080002fb   Thumb Code     0  startup_stm32f407xx.o(.text)
    TIM8_TRG_COM_TIM14_IRQHandler            0x080002fb   Thumb Code     0  startup_stm32f407xx.o(.text)
    TIM8_UP_TIM13_IRQHandler                 0x080002fb   Thumb Code     0  startup_stm32f407xx.o(.text)
    UART4_IRQHandler                         0x080002fb   Thumb Code     0  startup_stm32f407xx.o(.text)
    UART5_IRQHandler                         0x080002fb   Thumb Code     0  startup_stm32f407xx.o(.text)
    USART1_IRQHandler                        0x080002fb   Thumb Code     0  startup_stm32f407xx.o(.text)
    USART2_IRQHandler                        0x080002fb   Thumb Code     0  startup_stm32f407xx.o(.text)
    USART3_IRQHandler                        0x080002fb   Thumb Code     0  startup_stm32f407xx.o(.text)
    USART6_IRQHandler                        0x080002fb   Thumb Code     0  startup_stm32f407xx.o(.text)
    WWDG_IRQHandler                          0x080002fb   Thumb Code     0  startup_stm32f407xx.o(.text)
    __user_initial_stackheap                 0x080002fd   Thumb Code     0  startup_stm32f407xx.o(.text)
    __use_no_semihosting                     0x08000321   Thumb Code     2  use_no_semi_2.o(.text)
    printf                                   0x08000325   Thumb Code    20  printf.o(.text)
    __aeabi_memclr4                          0x0800033d   Thumb Code     0  rt_memclr_w.o(.text)
    __aeabi_memclr8                          0x0800033d   Thumb Code     0  rt_memclr_w.o(.text)
    __rt_memclr_w                            0x0800033d   Thumb Code     0  rt_memclr_w.o(.text)
    _memset_w                                0x08000341   Thumb Code    74  rt_memclr_w.o(.text)
    strcmp                                   0x08000391   Thumb Code   124  strcmpv7em.o(.text)
    __use_two_region_memory                  0x0800040d   Thumb Code     2  heapauxi.o(.text)
    __rt_heap_escrow                         0x0800040f   Thumb Code     2  heapauxi.o(.text)
    __rt_heap_expand                         0x08000411   Thumb Code     2  heapauxi.o(.text)
    __semihosting$guard                      0x08000413   Thumb Code     0  use_no_semi.o(.text)
    __use_no_semihosting_swi                 0x08000413   Thumb Code     2  use_no_semi.o(.text)
    _printf_pre_padding                      0x08000415   Thumb Code    44  _printf_pad.o(.text)
    _printf_post_padding                     0x08000441   Thumb Code    34  _printf_pad.o(.text)
    _printf_truncate_signed                  0x08000463   Thumb Code    18  _printf_truncate.o(.text)
    _printf_truncate_unsigned                0x08000475   Thumb Code    18  _printf_truncate.o(.text)
    _printf_str                              0x08000487   Thumb Code    82  _printf_str.o(.text)
    _printf_int_dec                          0x080004d9   Thumb Code   104  _printf_dec.o(.text)
    _printf_charcount                        0x08000551   Thumb Code    40  _printf_charcount.o(.text)
    _printf_char_file                        0x08000579   Thumb Code    32  _printf_char_file.o(.text)
    _printf_wctomb                           0x0800059d   Thumb Code   182  _printf_wctomb.o(.text)
    _printf_longlong_dec                     0x08000659   Thumb Code   108  _printf_longlong_dec.o(.text)
    _printf_longlong_oct                     0x080006d5   Thumb Code    68  _printf_oct_int_ll.o(.text)
    _printf_int_oct                          0x08000719   Thumb Code    24  _printf_oct_int_ll.o(.text)
    _printf_ll_oct                           0x08000731   Thumb Code    12  _printf_oct_int_ll.o(.text)
    _printf_longlong_hex                     0x08000745   Thumb Code    86  _printf_hex_int_ll_ptr.o(.text)
    _printf_int_hex                          0x0800079b   Thumb Code    28  _printf_hex_int_ll_ptr.o(.text)
    _printf_ll_hex                           0x080007b7   Thumb Code    12  _printf_hex_int_ll_ptr.o(.text)
    _printf_hex_ptr                          0x080007c3   Thumb Code    18  _printf_hex_int_ll_ptr.o(.text)
    __printf                                 0x080007d9   Thumb Code   388  __printf_flags_ss_wp.o(.text)
    _ll_udiv10                               0x08000961   Thumb Code   138  lludiv10.o(.text)
    _printf_int_common                       0x080009eb   Thumb Code   178  _printf_intcommon.o(.text)
    _printf_fp_dec_real                      0x08000c4d   Thumb Code   620  _printf_fp_dec.o(.text)
    _printf_fp_hex_real                      0x08000eb9   Thumb Code   756  _printf_fp_hex.o(.text)
    _printf_char_common                      0x080011bf   Thumb Code    32  _printf_char_common.o(.text)
    _printf_cs_common                        0x080011e5   Thumb Code    20  _printf_char.o(.text)
    _printf_char                             0x080011f9   Thumb Code    16  _printf_char.o(.text)
    _printf_string                           0x08001209   Thumb Code     8  _printf_char.o(.text)
    _printf_lcs_common                       0x08001211   Thumb Code    20  _printf_wchar.o(.text)
    _printf_wchar                            0x08001225   Thumb Code    16  _printf_wchar.o(.text)
    _printf_wstring                          0x08001235   Thumb Code     8  _printf_wchar.o(.text)
    ferror                                   0x0800123d   Thumb Code     8  ferror.o(.text)
    _initio                                  0x08001245   Thumb Code   210  initio.o(.text)
    _terminateio                             0x08001317   Thumb Code    56  initio.o(.text)
    _c16rtomb                                0x0800137d   Thumb Code    72  _c16rtomb.o(.text)
    _wcrtomb                                 0x0800137d   Thumb Code     0  _c16rtomb.o(.text)
    __user_setup_stackheap                   0x080013c5   Thumb Code    74  sys_stackheap_outer.o(.text)
    __rt_ctype_table                         0x08001411   Thumb Code    16  rt_ctype_table.o(.text)
    __rt_locale                              0x08001421   Thumb Code     8  rt_locale_intlibspace.o(.text)
    free                                     0x08001429   Thumb Code    78  h1_free.o(.text)
    _printf_fp_infnan                        0x08001479   Thumb Code   112  _printf_fp_infnan.o(.text)
    _btod_etento                             0x080014f9   Thumb Code   224  bigflt0.o(.text)
    __flsbuf                                 0x080015dd   Thumb Code   470  flsbuf.o(.text)
    __flsbuf_byte                            0x080015dd   Thumb Code     0  flsbuf.o(.text)
    __flsbuf_wide                            0x080015dd   Thumb Code     0  flsbuf.o(.text)
    setvbuf                                  0x080017b3   Thumb Code    70  setvbuf.o(.text)
    freopen                                  0x080017f9   Thumb Code   160  fopen.o(.text)
    fopen                                    0x08001899   Thumb Code    74  fopen.o(.text)
    _fclose_internal                         0x080018e9   Thumb Code    76  fclose.o(.text)
    fclose                                   0x080018e9   Thumb Code     0  fclose.o(.text)
    exit                                     0x08001935   Thumb Code    18  exit.o(.text)
    __rt_SIGRTRED                            0x08001947   Thumb Code    14  defsig_rtred_outer.o(.text)
    __user_libspace                          0x08001955   Thumb Code     8  libspace.o(.text)
    __user_perproc_libspace                  0x08001955   Thumb Code     0  libspace.o(.text)
    __user_perthread_libspace                0x08001955   Thumb Code     0  libspace.o(.text)
    __rt_heap_descriptor                     0x0800195d   Thumb Code     8  rt_heap_descriptor_intlibspace.o(.text)
    __use_no_heap                            0x08001965   Thumb Code     2  hguard.o(.text)
    __heap$guard                             0x08001967   Thumb Code     2  hguard.o(.text)
    _terminate_user_alloc                    0x08001969   Thumb Code     2  init_alloc.o(.text)
    _init_user_alloc                         0x0800196b   Thumb Code     2  init_alloc.o(.text)
    __Heap_Full                              0x0800196d   Thumb Code    34  init_alloc.o(.text)
    __Heap_Broken                            0x0800198f   Thumb Code     6  init_alloc.o(.text)
    _init_alloc                              0x08001995   Thumb Code    94  init_alloc.o(.text)
    malloc                                   0x080019f3   Thumb Code    94  h1_alloc.o(.text)
    _fseek                                   0x08001a51   Thumb Code   242  fseek.o(.text)
    fseek                                    0x08001a51   Thumb Code     0  fseek.o(.text)
    _seterr                                  0x08001b49   Thumb Code    20  stdio.o(.text)
    _writebuf                                0x08001b5d   Thumb Code    84  stdio.o(.text)
    _fflush                                  0x08001bb1   Thumb Code    70  stdio.o(.text)
    _deferredlazyseek                        0x08001bf7   Thumb Code    60  stdio.o(.text)
    __sig_exit                               0x08001c39   Thumb Code    10  defsig_exit.o(.text)
    __rt_SIGRTRED_inner                      0x08001c45   Thumb Code    14  defsig_rtred_inner.o(.text)
    __Heap_Initialize                        0x08001c79   Thumb Code    10  h1_init.o(.text)
    _maybe_terminate_alloc                   0x08001c79   Thumb Code     0  maybetermalloc1.o(.text)
    __Heap_DescSize                          0x08001c83   Thumb Code     4  h1_init.o(.text)
    __Heap_ProvideMemory                     0x08001c87   Thumb Code    52  h1_extend.o(.text)
    _ftell_internal                          0x08001cbb   Thumb Code    66  ftell.o(.text)
    ftell                                    0x08001cbb   Thumb Code     0  ftell.o(.text)
    __default_signal_display                 0x08001cfd   Thumb Code    50  defsig_general.o(.text)
    __rt_SIGRTMEM                            0x08001d2f   Thumb Code    14  defsig_rtmem_outer.o(.text)
    __aeabi_errno_addr                       0x08001d3d   Thumb Code     8  rt_errno_addr_intlibspace.o(.text)
    __errno$intlibspace                      0x08001d3d   Thumb Code     0  rt_errno_addr_intlibspace.o(.text)
    __rt_errno_addr$intlibspace              0x08001d3d   Thumb Code     0  rt_errno_addr_intlibspace.o(.text)
    __rt_SIGRTMEM_inner                      0x08001d45   Thumb Code    22  defsig_rtmem_inner.o(.text)
    HardFault_Handler                        0x08001d95   Thumb Code    18  hardfault.o(.text.HardFault_Handler)
    HardFault_HandlerC                       0x08001da9   Thumb Code   130  hardfault.o(.text.HardFault_HandlerC)
    OS_addTask                               0x08001e2d   Thumb Code    24  scheduler.o(.text.OS_addTask)
    OS_currentTCB                            0x08001e45   Thumb Code    12  os.o(.text.OS_currentTCB)
    OS_elapsedTicks                          0x08001e51   Thumb Code    12  os.o(.text.OS_elapsedTicks)
    OS_initialiseTCB                         0x08001e5d   Thumb Code   166  scheduler.o(.text.OS_initialiseTCB)
    OS_sleep                                 0x08001f05   Thumb Code    48  sleep.o(.text.OS_sleep)
    OS_start                                 0x08001f35   Thumb Code    16  os.o(.text.OS_start)
    SysTick_Handler                          0x08001f99   Thumb Code    30  os.o(.text.SysTick_Handler)
    SystemCoreClockUpdate                    0x08001fb9   Thumb Code   302  system_stm32f4xx.o(.text.SystemCoreClockUpdate)
    SystemInit                               0x080020e9   Thumb Code     2  system_stm32f4xx.o(.text.SystemInit)
    _OS_enable_systick_delegate              0x080020ed   Thumb Code    46  os.o(.text._OS_enable_systick_delegate)
    _OS_schedule                             0x0800211d   Thumb Code   156  scheduler.o(.text._OS_schedule)
    _OS_schedule_delegate                    0x080021b9   Thumb Code    16  os.o(.text._OS_schedule_delegate)
    _OS_taskExit_delegate                    0x080021c9   Thumb Code    42  scheduler.o(.text._OS_taskExit_delegate)
    _OS_task_end                             0x080021f5   Thumb Code    10  os.o(.text._OS_task_end)
    _OS_yield_delegate                       0x08002201   Thumb Code    34  os.o(.text._OS_yield_delegate)
    _sys_close                               0x08002299   Thumb Code    74  retarget_io.o(.text._sys_close)
    _sys_exit                                0x080022e5   Thumb Code     8  utils.o(.text._sys_exit)
    _sys_flen                                0x080022ed   Thumb Code    72  retarget_io.o(.text._sys_flen)
    _sys_istty                               0x08002335   Thumb Code    72  retarget_io.o(.text._sys_istty)
    _sys_open                                0x0800237d   Thumb Code   132  retarget_io.o(.text._sys_open)
    _sys_seek                                0x08002401   Thumb Code    82  retarget_io.o(.text._sys_seek)
    _sys_write                               0x08002455   Thumb Code   118  retarget_io.o(.text._sys_write)
    _ttywrch                                 0x080024cd   Thumb Code    16  retarget_io.o(.text._ttywrch)
    configClock                              0x080024dd   Thumb Code   188  utils.o(.text.configClock)
    configUSART2                             0x08002599   Thumb Code   192  utils.o(.text.configUSART2)
    main                                     0x080026e5   Thumb Code   124  main.o(.text.main)
    stdout_putchar                           0x08002761   Thumb Code    42  utils.o(.text.stdout_putchar)
    ttywrch                                  0x080027c5   Thumb Code    16  utils.o(.text.ttywrch)
    _btod_d2e                                0x080027d5   Thumb Code    62  btod.o(CL$$btod_d2e)
    _d2e_denorm_low                          0x08002813   Thumb Code    70  btod.o(CL$$btod_d2e_denorm_low)
    _d2e_norm_op1                            0x08002859   Thumb Code    96  btod.o(CL$$btod_d2e_norm_op1)
    __btod_div_common                        0x080028b9   Thumb Code   696  btod.o(CL$$btod_div_common)
    _e2e                                     0x08002bf1   Thumb Code   220  btod.o(CL$$btod_e2e)
    _btod_ediv                               0x08002ccd   Thumb Code    42  btod.o(CL$$btod_ediv)
    _btod_emul                               0x08002cf7   Thumb Code    42  btod.o(CL$$btod_emul)
    __btod_mult_common                       0x08002d21   Thumb Code   580  btod.o(CL$$btod_mult_common)
    SVC_Handler                              0x08002f65   Thumb Code     0  os_asm.o(OS_func)
    PendSV_Handler                           0x08002f91   Thumb Code     0  os_asm.o(OS_func)
    _task_switch                             0x08002f9b   Thumb Code     0  os_asm.o(OS_func)
    _task_init_switch                        0x08002fc1   Thumb Code     0  os_asm.o(OS_func)
    __ARM_fpclassify                         0x08002fed   Thumb Code    40  fpclassify.o(i.__ARM_fpclassify)
    _is_digit                                0x08003015   Thumb Code    14  __printf_wp.o(i._is_digit)
    fputc                                    0x08003023   Thumb Code    26  fputc.o(i.fputc)
    _get_lc_numeric                          0x0800303d   Thumb Code    44  lc_numeric_c.o(locale$$code)
    _get_lc_ctype                            0x08003069   Thumb Code    44  lc_ctype_c.o(locale$$code)
    _printf_fp_dec                           0x08003095   Thumb Code     4  printf1.o(x$fpl$printf1)
    _printf_fp_hex                           0x08003099   Thumb Code     4  printf2.o(x$fpl$printf2)
    __I$use$fp                               0x0800309c   Number         0  usenofp.o(x$fpl$usenofp)
    AHBPrescTable                            0x08003198   Data          16  system_stm32f4xx.o(.rodata.AHBPrescTable)
    _OS_idleTCB_p                            0x080031a8   Data           4  os.o(.rodata._OS_idleTCB_p)
    __stderr_name                            0x080031ac   Data           8  retarget_io.o(.rodata.__stderr_name)
    __stdin_name                             0x080031b4   Data           7  retarget_io.o(.rodata.__stdin_name)
    __stdout_name                            0x080031bb   Data           8  retarget_io.o(.rodata.__stdout_name)
    Region$$Table$$Base                      0x080031f8   Number         0  anon$$obj.o(Region$$Table)
    Region$$Table$$Limit                     0x08003218   Number         0  anon$$obj.o(Region$$Table)
    __ctype                                  0x08003241   Data           0  lc_ctype_c.o(locale$$data)
    __aeabi_stdin                            0x20000000   Data           4  stdio_streams.o(.data)
    __aeabi_stdout                           0x20000004   Data           4  stdio_streams.o(.data)
    __aeabi_stderr                           0x20000008   Data           4  stdio_streams.o(.data)
    SystemCoreClock                          0x2000000c   Data           4  system_stm32f4xx.o(.data.SystemCoreClock)
    __stdin                                  0x20000088   Data          84  stdio_streams.o(.bss)
    __stdout                                 0x200000dc   Data          84  stdio_streams.o(.bss)
    __stderr                                 0x20000130   Data          84  stdio_streams.o(.bss)
    __libspace_start                         0x20000184   Data          96  libspace.o(.bss)
    __temporary_stack_top$libspace           0x200001e4   Data           0  libspace.o(.bss)
    _currentTCB                              0x200001e4   Data           4  os.o(.bss._currentTCB)



==============================================================================

Memory Map of the image

  Image Entry point : 0x08000189

  Load Region LR_IROM1 (Base: 0x08000000, Size: 0x000033d0, Max: 0x00100000, ABSOLUTE)

    Execution Region ER_IROM1 (Exec base: 0x08000000, Load base: 0x08000000, Size: 0x00003344, Max: 0x00100000, ABSOLUTE)

    Exec Addr    Load Addr    Size         Type   Attr      Idx    E Section Name        Object

    0x08000000   0x08000000   0x00000188   Data   RO          151    RESET               startup_stm32f407xx.o
    0x08000188   0x08000188   0x00000008   Code   RO          182  * !!!main             c_w.l(__main.o)
    0x08000190   0x08000190   0x00000034   Code   RO          676    !!!scatter          c_w.l(__scatter.o)
    0x080001c4   0x080001c4   0x0000001a   Code   RO          678    !!handler_copy      c_w.l(__scatter_copy.o)
    0x080001de   0x080001de   0x00000002   PAD
    0x080001e0   0x080001e0   0x0000001c   Code   RO          680    !!handler_zi        c_w.l(__scatter_zi.o)
    0x080001fc   0x080001fc   0x00000000   Code   RO          266    .ARM.Collect$$_printf_percent$$00000000  c_w.l(_printf_percent.o)
    0x080001fc   0x080001fc   0x00000006   Code   RO          255    .ARM.Collect$$_printf_percent$$00000001  c_w.l(_printf_n.o)
    0x08000202   0x08000202   0x00000006   Code   RO          257    .ARM.Collect$$_printf_percent$$00000002  c_w.l(_printf_p.o)
    0x08000208   0x08000208   0x00000006   Code   RO          262    .ARM.Collect$$_printf_percent$$00000003  c_w.l(_printf_f.o)
    0x0800020e   0x0800020e   0x00000006   Code   RO          263    .ARM.Collect$$_printf_percent$$00000004  c_w.l(_printf_e.o)
    0x08000214   0x08000214   0x00000006   Code   RO          264    .ARM.Collect$$_printf_percent$$00000005  c_w.l(_printf_g.o)
    0x0800021a   0x0800021a   0x00000006   Code   RO          265    .ARM.Collect$$_printf_percent$$00000006  c_w.l(_printf_a.o)
    0x08000220   0x08000220   0x0000000a   Code   RO          270    .ARM.Collect$$_printf_percent$$00000007  c_w.l(_printf_ll.o)
    0x0800022a   0x0800022a   0x00000006   Code   RO          259    .ARM.Collect$$_printf_percent$$00000008  c_w.l(_printf_i.o)
    0x08000230   0x08000230   0x00000006   Code   RO          260    .ARM.Collect$$_printf_percent$$00000009  c_w.l(_printf_d.o)
    0x08000236   0x08000236   0x00000006   Code   RO          261    .ARM.Collect$$_printf_percent$$0000000A  c_w.l(_printf_u.o)
    0x0800023c   0x0800023c   0x00000006   Code   RO          258    .ARM.Collect$$_printf_percent$$0000000B  c_w.l(_printf_o.o)
    0x08000242   0x08000242   0x00000006   Code   RO          256    .ARM.Collect$$_printf_percent$$0000000C  c_w.l(_printf_x.o)
    0x08000248   0x08000248   0x00000006   Code   RO          267    .ARM.Collect$$_printf_percent$$0000000D  c_w.l(_printf_lli.o)
    0x0800024e   0x0800024e   0x00000006   Code   RO          268    .ARM.Collect$$_printf_percent$$0000000E  c_w.l(_printf_lld.o)
    0x08000254   0x08000254   0x00000006   Code   RO          269    .ARM.Collect$$_printf_percent$$0000000F  c_w.l(_printf_llu.o)
    0x0800025a   0x0800025a   0x00000006   Code   RO          274    .ARM.Collect$$_printf_percent$$00000010  c_w.l(_printf_llo.o)
    0x08000260   0x08000260   0x00000006   Code   RO          275    .ARM.Collect$$_printf_percent$$00000011  c_w.l(_printf_llx.o)
    0x08000266   0x08000266   0x0000000a   Code   RO          271    .ARM.Collect$$_printf_percent$$00000012  c_w.l(_printf_l.o)
    0x08000270   0x08000270   0x00000006   Code   RO          253    .ARM.Collect$$_printf_percent$$00000013  c_w.l(_printf_c.o)
    0x08000276   0x08000276   0x00000006   Code   RO          254    .ARM.Collect$$_printf_percent$$00000014  c_w.l(_printf_s.o)
    0x0800027c   0x0800027c   0x00000006   Code   RO          272    .ARM.Collect$$_printf_percent$$00000015  c_w.l(_printf_lc.o)
    0x08000282   0x08000282   0x00000006   Code   RO          273    .ARM.Collect$$_printf_percent$$00000016  c_w.l(_printf_ls.o)
    0x08000288   0x08000288   0x00000004   Code   RO          322    .ARM.Collect$$_printf_percent$$00000017  c_w.l(_printf_percent_end.o)
    0x0800028c   0x0800028c   0x00000002   Code   RO          464    .ARM.Collect$$libinit$$00000000  c_w.l(libinit.o)
    0x0800028e   0x0800028e   0x00000000   Code   RO          466    .ARM.Collect$$libinit$$00000002  c_w.l(libinit2.o)
    0x0800028e   0x0800028e   0x00000000   Code   RO          468    .ARM.Collect$$libinit$$00000004  c_w.l(libinit2.o)
    0x0800028e   0x0800028e   0x00000008   Code   RO          469    .ARM.Collect$$libinit$$00000005  c_w.l(libinit2.o)
    0x08000296   0x08000296   0x00000000   Code   RO          471    .ARM.Collect$$libinit$$0000000A  c_w.l(libinit2.o)
    0x08000296   0x08000296   0x00000000   Code   RO          473    .ARM.Collect$$libinit$$0000000C  c_w.l(libinit2.o)
    0x08000296   0x08000296   0x00000000   Code   RO          475    .ARM.Collect$$libinit$$0000000E  c_w.l(libinit2.o)
    0x08000296   0x08000296   0x00000006   Code   RO          476    .ARM.Collect$$libinit$$0000000F  c_w.l(libinit2.o)
    0x0800029c   0x0800029c   0x00000000   Code   RO          478    .ARM.Collect$$libinit$$00000011  c_w.l(libinit2.o)
    0x0800029c   0x0800029c   0x0000000c   Code   RO          479    .ARM.Collect$$libinit$$00000012  c_w.l(libinit2.o)
    0x080002a8   0x080002a8   0x00000000   Code   RO          480    .ARM.Collect$$libinit$$00000013  c_w.l(libinit2.o)
    0x080002a8   0x080002a8   0x00000000   Code   RO          482    .ARM.Collect$$libinit$$00000015  c_w.l(libinit2.o)
    0x080002a8   0x080002a8   0x0000000a   Code   RO          483    .ARM.Collect$$libinit$$00000016  c_w.l(libinit2.o)
    0x080002b2   0x080002b2   0x00000000   Code   RO          484    .ARM.Collect$$libinit$$00000017  c_w.l(libinit2.o)
    0x080002b2   0x080002b2   0x00000000   Code   RO          486    .ARM.Collect$$libinit$$00000019  c_w.l(libinit2.o)
    0x080002b2   0x080002b2   0x00000000   Code   RO          488    .ARM.Collect$$libinit$$0000001B  c_w.l(libinit2.o)
    0x080002b2   0x080002b2   0x00000000   Code   RO          490    .ARM.Collect$$libinit$$0000001D  c_w.l(libinit2.o)
    0x080002b2   0x080002b2   0x00000000   Code   RO          492    .ARM.Collect$$libinit$$0000001F  c_w.l(libinit2.o)
    0x080002b2   0x080002b2   0x00000000   Code   RO          494    .ARM.Collect$$libinit$$00000021  c_w.l(libinit2.o)
    0x080002b2   0x080002b2   0x00000000   Code   RO          496    .ARM.Collect$$libinit$$00000023  c_w.l(libinit2.o)
    0x080002b2   0x080002b2   0x00000004   Code   RO          497    .ARM.Collect$$libinit$$00000024  c_w.l(libinit2.o)
    0x080002b6   0x080002b6   0x00000000   Code   RO          498    .ARM.Collect$$libinit$$00000025  c_w.l(libinit2.o)
    0x080002b6   0x080002b6   0x00000000   Code   RO          502    .ARM.Collect$$libinit$$0000002C  c_w.l(libinit2.o)
    0x080002b6   0x080002b6   0x00000000   Code   RO          504    .ARM.Collect$$libinit$$0000002E  c_w.l(libinit2.o)
    0x080002b6   0x080002b6   0x00000000   Code   RO          506    .ARM.Collect$$libinit$$00000030  c_w.l(libinit2.o)
    0x080002b6   0x080002b6   0x00000000   Code   RO          508    .ARM.Collect$$libinit$$00000032  c_w.l(libinit2.o)
    0x080002b6   0x080002b6   0x00000002   Code   RO          509    .ARM.Collect$$libinit$$00000033  c_w.l(libinit2.o)
    0x080002b8   0x080002b8   0x00000002   Code   RO          655    .ARM.Collect$$libshutdown$$00000000  c_w.l(libshutdown.o)
    0x080002ba   0x080002ba   0x00000000   Code   RO          511    .ARM.Collect$$libshutdown$$00000002  c_w.l(libshutdown2.o)
    0x080002ba   0x080002ba   0x00000004   Code   RO          512    .ARM.Collect$$libshutdown$$00000003  c_w.l(libshutdown2.o)
    0x080002be   0x080002be   0x00000000   Code   RO          513    .ARM.Collect$$libshutdown$$00000004  c_w.l(libshutdown2.o)
    0x080002be   0x080002be   0x00000000   Code   RO          516    .ARM.Collect$$libshutdown$$00000007  c_w.l(libshutdown2.o)
    0x080002be   0x080002be   0x00000000   Code   RO          519    .ARM.Collect$$libshutdown$$0000000A  c_w.l(libshutdown2.o)
    0x080002be   0x080002be   0x00000000   Code   RO          521    .ARM.Collect$$libshutdown$$0000000C  c_w.l(libshutdown2.o)
    0x080002be   0x080002be   0x00000000   Code   RO          524    .ARM.Collect$$libshutdown$$0000000F  c_w.l(libshutdown2.o)
    0x080002be   0x080002be   0x00000002   Code   RO          525    .ARM.Collect$$libshutdown$$00000010  c_w.l(libshutdown2.o)
    0x080002c0   0x080002c0   0x00000000   Code   RO          186    .ARM.Collect$$rtentry$$00000000  c_w.l(__rtentry.o)
    0x080002c0   0x080002c0   0x00000000   Code   RO          291    .ARM.Collect$$rtentry$$00000002  c_w.l(__rtentry2.o)
    0x080002c0   0x080002c0   0x00000006   Code   RO          303    .ARM.Collect$$rtentry$$00000004  c_w.l(__rtentry4.o)
    0x080002c6   0x080002c6   0x00000000   Code   RO          293    .ARM.Collect$$rtentry$$00000009  c_w.l(__rtentry2.o)
    0x080002c6   0x080002c6   0x00000004   Code   RO          294    .ARM.Collect$$rtentry$$0000000A  c_w.l(__rtentry2.o)
    0x080002ca   0x080002ca   0x00000000   Code   RO          296    .ARM.Collect$$rtentry$$0000000C  c_w.l(__rtentry2.o)
    0x080002ca   0x080002ca   0x00000008   Code   RO          297    .ARM.Collect$$rtentry$$0000000D  c_w.l(__rtentry2.o)
    0x080002d2   0x080002d2   0x00000002   Code   RO          536    .ARM.Collect$$rtexit$$00000000  c_w.l(rtexit.o)
    0x080002d4   0x080002d4   0x00000000   Code   RO          593    .ARM.Collect$$rtexit$$00000002  c_w.l(rtexit2.o)
    0x080002d4   0x080002d4   0x00000004   Code   RO          594    .ARM.Collect$$rtexit$$00000003  c_w.l(rtexit2.o)
    0x080002d8   0x080002d8   0x00000006   Code   RO          595    .ARM.Collect$$rtexit$$00000004  c_w.l(rtexit2.o)
    0x080002de   0x080002de   0x00000002   PAD
    0x080002e0   0x080002e0   0x00000040   Code   RO          152    .text               startup_stm32f407xx.o
    0x08000320   0x08000320   0x00000002   Code   RO          172    .text               c_w.l(use_no_semi_2.o)
    0x08000322   0x08000322   0x00000002   PAD
    0x08000324   0x08000324   0x00000018   Code   RO          174    .text               c_w.l(printf.o)
    0x0800033c   0x0800033c   0x0000004e   Code   RO          176    .text               c_w.l(rt_memclr_w.o)
    0x0800038a   0x0800038a   0x00000006   PAD
    0x08000390   0x08000390   0x0000007c   Code   RO          178    .text               c_w.l(strcmpv7em.o)
    0x0800040c   0x0800040c   0x00000006   Code   RO          180    .text               c_w.l(heapauxi.o)
    0x08000412   0x08000412   0x00000002   Code   RO          184    .text               c_w.l(use_no_semi.o)
    0x08000414   0x08000414   0x0000004e   Code   RO          189    .text               c_w.l(_printf_pad.o)
    0x08000462   0x08000462   0x00000024   Code   RO          191    .text               c_w.l(_printf_truncate.o)
    0x08000486   0x08000486   0x00000052   Code   RO          193    .text               c_w.l(_printf_str.o)
    0x080004d8   0x080004d8   0x00000078   Code   RO          195    .text               c_w.l(_printf_dec.o)
    0x08000550   0x08000550   0x00000028   Code   RO          197    .text               c_w.l(_printf_charcount.o)
    0x08000578   0x08000578   0x00000024   Code   RO          199    .text               c_w.l(_printf_char_file.o)
    0x0800059c   0x0800059c   0x000000bc   Code   RO          201    .text               c_w.l(_printf_wctomb.o)
    0x08000658   0x08000658   0x0000007c   Code   RO          204    .text               c_w.l(_printf_longlong_dec.o)
    0x080006d4   0x080006d4   0x00000070   Code   RO          210    .text               c_w.l(_printf_oct_int_ll.o)
    0x08000744   0x08000744   0x00000094   Code   RO          230    .text               c_w.l(_printf_hex_int_ll_ptr.o)
    0x080007d8   0x080007d8   0x00000188   Code   RO          250    .text               c_w.l(__printf_flags_ss_wp.o)
    0x08000960   0x08000960   0x0000008a   Code   RO          305    .text               c_w.l(lludiv10.o)
    0x080009ea   0x080009ea   0x000000b2   Code   RO          307    .text               c_w.l(_printf_intcommon.o)
    0x08000a9c   0x08000a9c   0x0000041c   Code   RO          309    .text               c_w.l(_printf_fp_dec.o)
    0x08000eb8   0x08000eb8   0x000002fc   Code   RO          313    .text               c_w.l(_printf_fp_hex.o)
    0x080011b4   0x080011b4   0x00000030   Code   RO          316    .text               c_w.l(_printf_char_common.o)
    0x080011e4   0x080011e4   0x0000002c   Code   RO          318    .text               c_w.l(_printf_char.o)
    0x08001210   0x08001210   0x0000002c   Code   RO          320    .text               c_w.l(_printf_wchar.o)
    0x0800123c   0x0800123c   0x00000008   Code   RO          323    .text               c_w.l(ferror.o)
    0x08001244   0x08001244   0x00000138   Code   RO          329    .text               c_w.l(initio.o)
    0x0800137c   0x0800137c   0x00000048   Code   RO          337    .text               c_w.l(_c16rtomb.o)
    0x080013c4   0x080013c4   0x0000004a   Code   RO          341    .text               c_w.l(sys_stackheap_outer.o)
    0x0800140e   0x0800140e   0x00000002   PAD
    0x08001410   0x08001410   0x00000010   Code   RO          343    .text               c_w.l(rt_ctype_table.o)
    0x08001420   0x08001420   0x00000008   Code   RO          348    .text               c_w.l(rt_locale_intlibspace.o)
    0x08001428   0x08001428   0x0000004e   Code   RO          352    .text               c_w.l(h1_free.o)
    0x08001476   0x08001476   0x00000002   PAD
    0x08001478   0x08001478   0x00000080   Code   RO          406    .text               c_w.l(_printf_fp_infnan.o)
    0x080014f8   0x080014f8   0x000000e4   Code   RO          410    .text               c_w.l(bigflt0.o)
    0x080015dc   0x080015dc   0x000001d6   Code   RO          437    .text               c_w.l(flsbuf.o)
    0x080017b2   0x080017b2   0x00000046   Code   RO          439    .text               c_w.l(setvbuf.o)
    0x080017f8   0x080017f8   0x000000f0   Code   RO          442    .text               c_w.l(fopen.o)
    0x080018e8   0x080018e8   0x0000004c   Code   RO          444    .text               c_w.l(fclose.o)
    0x08001934   0x08001934   0x00000012   Code   RO          453    .text               c_w.l(exit.o)
    0x08001946   0x08001946   0x0000000e   Code   RO          455    .text               c_w.l(defsig_rtred_outer.o)
    0x08001954   0x08001954   0x00000008   Code   RO          533    .text               c_w.l(libspace.o)
    0x0800195c   0x0800195c   0x00000008   Code   RO          543    .text               c_w.l(rt_heap_descriptor_intlibspace.o)
    0x08001964   0x08001964   0x00000004   Code   RO          545    .text               c_w.l(hguard.o)
    0x08001968   0x08001968   0x0000008a   Code   RO          547    .text               c_w.l(init_alloc.o)
    0x080019f2   0x080019f2   0x0000005e   Code   RO          553    .text               c_w.l(h1_alloc.o)
    0x08001a50   0x08001a50   0x000000f8   Code   RO          569    .text               c_w.l(fseek.o)
    0x08001b48   0x08001b48   0x000000f0   Code   RO          571    .text               c_w.l(stdio.o)
    0x08001c38   0x08001c38   0x0000000a   Code   RO          580    .text               c_w.l(defsig_exit.o)
    0x08001c42   0x08001c42   0x00000002   PAD
    0x08001c44   0x08001c44   0x00000034   Code   RO          582    .text               c_w.l(defsig_rtred_inner.o)
    0x08001c78   0x08001c78   0x00000000   Code   RO          599    .text               c_w.l(maybetermalloc1.o)
    0x08001c78   0x08001c78   0x0000000e   Code   RO          601    .text               c_w.l(h1_init.o)
    0x08001c86   0x08001c86   0x00000034   Code   RO          603    .text               c_w.l(h1_extend.o)
    0x08001cba   0x08001cba   0x00000042   Code   RO          615    .text               c_w.l(ftell.o)
    0x08001cfc   0x08001cfc   0x00000032   Code   RO          623    .text               c_w.l(defsig_general.o)
    0x08001d2e   0x08001d2e   0x0000000e   Code   RO          625    .text               c_w.l(defsig_rtmem_outer.o)
    0x08001d3c   0x08001d3c   0x00000008   Code   RO          643    .text               c_w.l(rt_errno_addr_intlibspace.o)
    0x08001d44   0x08001d44   0x00000050   Code   RO          649    .text               c_w.l(defsig_rtmem_inner.o)
    0x08001d94   0x08001d94   0x00000012   Code   RO           93    .text.HardFault_Handler  hardfault.o
    0x08001da6   0x08001da6   0x00000002   PAD
    0x08001da8   0x08001da8   0x00000082   Code   RO           91    .text.HardFault_HandlerC  hardfault.o
    0x08001e2a   0x08001e2a   0x00000002   PAD
    0x08001e2c   0x08001e2c   0x00000018   Code   RO           25    .text.OS_addTask    scheduler.o
    0x08001e44   0x08001e44   0x0000000c   Code   RO           41    .text.OS_currentTCB  os.o
    0x08001e50   0x08001e50   0x0000000c   Code   RO           43    .text.OS_elapsedTicks  os.o
    0x08001e5c   0x08001e5c   0x000000a6   Code   RO           23    .text.OS_initialiseTCB  scheduler.o
    0x08001f02   0x08001f02   0x00000002   PAD
    0x08001f04   0x08001f04   0x00000030   Code   RO           80    .text.OS_sleep      sleep.o
    0x08001f34   0x08001f34   0x00000010   Code   RO           51    .text.OS_start      os.o
    0x08001f44   0x08001f44   0x00000052   Code   RO           59    .text.SysTick_Config  os.o
    0x08001f96   0x08001f96   0x00000002   PAD
    0x08001f98   0x08001f98   0x0000001e   Code   RO           45    .text.SysTick_Handler  os.o
    0x08001fb6   0x08001fb6   0x00000002   PAD
    0x08001fb8   0x08001fb8   0x0000012e   Code   RO          159    .text.SystemCoreClockUpdate  system_stm32f4xx.o
    0x080020e6   0x080020e6   0x00000002   PAD
    0x080020e8   0x080020e8   0x00000002   Code   RO          157    .text.SystemInit    system_stm32f4xx.o
    0x080020ea   0x080020ea   0x00000002   PAD
    0x080020ec   0x080020ec   0x0000002e   Code   RO           57    .text._OS_enable_systick_delegate  os.o
    0x0800211a   0x0800211a   0x00000002   PAD
    0x0800211c   0x0800211c   0x0000009c   Code   RO           21    .text._OS_schedule  scheduler.o
    0x080021b8   0x080021b8   0x00000010   Code   RO           49    .text._OS_schedule_delegate  os.o
    0x080021c8   0x080021c8   0x0000002a   Code   RO           29    .text._OS_taskExit_delegate  scheduler.o
    0x080021f2   0x080021f2   0x00000002   PAD
    0x080021f4   0x080021f4   0x0000000a   Code   RO           53    .text._OS_task_end  os.o
    0x080021fe   0x080021fe   0x00000002   PAD
    0x08002200   0x08002200   0x00000022   Code   RO           47    .text._OS_yield_delegate  os.o
    0x08002222   0x08002222   0x00000002   PAD
    0x08002224   0x08002224   0x00000042   Code   RO           61    .text.__NVIC_SetPriority  os.o
    0x08002266   0x08002266   0x00000002   PAD
    0x08002268   0x08002268   0x00000016   Code   RO           55    .text._svc_0        os.o
    0x0800227e   0x0800227e   0x00000002   PAD
    0x08002280   0x08002280   0x00000016   Code   RO           82    .text._svc_0        sleep.o
    0x08002296   0x08002296   0x00000002   PAD
    0x08002298   0x08002298   0x0000004a   Code   RO          125    .text._sys_close    retarget_io.o
    0x080022e2   0x080022e2   0x00000002   PAD
    0x080022e4   0x080022e4   0x00000008   Code   RO          102    .text._sys_exit     utils.o
    0x080022ec   0x080022ec   0x00000048   Code   RO          137    .text._sys_flen     retarget_io.o
    0x08002334   0x08002334   0x00000048   Code   RO          133    .text._sys_istty    retarget_io.o
    0x0800237c   0x0800237c   0x00000084   Code   RO          123    .text._sys_open     retarget_io.o
    0x08002400   0x08002400   0x00000052   Code   RO          135    .text._sys_seek     retarget_io.o
    0x08002452   0x08002452   0x00000002   PAD
    0x08002454   0x08002454   0x00000076   Code   RO          127    .text._sys_write    retarget_io.o
    0x080024ca   0x080024ca   0x00000002   PAD
    0x080024cc   0x080024cc   0x00000010   Code   RO          131    .text._ttywrch      retarget_io.o
    0x080024dc   0x080024dc   0x000000bc   Code   RO          110    .text.configClock   utils.o
    0x08002598   0x08002598   0x000000c0   Code   RO          112    .text.configUSART2  utils.o
    0x08002658   0x08002658   0x00000044   Code   RO           27    .text.list_add      scheduler.o
    0x0800269c   0x0800269c   0x00000046   Code   RO           31    .text.list_remove   scheduler.o
    0x080026e2   0x080026e2   0x00000002   PAD
    0x080026e4   0x080026e4   0x0000007c   Code   RO            2    .text.main          main.o
    0x08002760   0x08002760   0x0000002a   Code   RO          108    .text.stdout_putchar  utils.o
    0x0800278a   0x0800278a   0x00000002   PAD
    0x0800278c   0x0800278c   0x0000001a   Code   RO            4    .text.task1         main.o
    0x080027a6   0x080027a6   0x00000002   PAD
    0x080027a8   0x080027a8   0x0000001a   Code   RO            6    .text.task2         main.o
    0x080027c2   0x080027c2   0x00000002   PAD
    0x080027c4   0x080027c4   0x00000010   Code   RO          106    .text.ttywrch       utils.o
    0x080027d4   0x080027d4   0x0000003e   Code   RO          413    CL$$btod_d2e        c_w.l(btod.o)
    0x08002812   0x08002812   0x00000046   Code   RO          415    CL$$btod_d2e_denorm_low  c_w.l(btod.o)
    0x08002858   0x08002858   0x00000060   Code   RO          414    CL$$btod_d2e_norm_op1  c_w.l(btod.o)
    0x080028b8   0x080028b8   0x00000338   Code   RO          423    CL$$btod_div_common  c_w.l(btod.o)
    0x08002bf0   0x08002bf0   0x000000dc   Code   RO          420    CL$$btod_e2e        c_w.l(btod.o)
    0x08002ccc   0x08002ccc   0x0000002a   Code   RO          417    CL$$btod_ediv       c_w.l(btod.o)
    0x08002cf6   0x08002cf6   0x0000002a   Code   RO          416    CL$$btod_emul       c_w.l(btod.o)
    0x08002d20   0x08002d20   0x00000244   Code   RO          422    CL$$btod_mult_common  c_w.l(btod.o)
    0x08002f64   0x08002f64   0x00000088   Code   RO           74    OS_func             os_asm.o
    0x08002fec   0x08002fec   0x00000028   Code   RO          531    i.__ARM_fpclassify  m_ws.l(fpclassify.o)
    0x08003014   0x08003014   0x0000000e   Code   RO          243    i._is_digit         c_w.l(__printf_wp.o)
    0x08003022   0x08003022   0x0000001a   Code   RO          326    i.fputc             c_w.l(fputc.o)
    0x0800303c   0x0800303c   0x0000002c   Code   RO          451    locale$$code        c_w.l(lc_numeric_c.o)
    0x08003068   0x08003068   0x0000002c   Code   RO          578    locale$$code        c_w.l(lc_ctype_c.o)
    0x08003094   0x08003094   0x00000004   Code   RO          282    x$fpl$printf1       fz_ws.l(printf1.o)
    0x08003098   0x08003098   0x00000004   Code   RO          284    x$fpl$printf2       fz_ws.l(printf2.o)
    0x0800309c   0x0800309c   0x00000000   Code   RO          530    x$fpl$usenofp       fz_ws.l(usenofp.o)
    0x0800309c   0x0800309c   0x00000008   Data   RO          202    .constdata          c_w.l(_printf_wctomb.o)
    0x080030a4   0x080030a4   0x00000028   Data   RO          231    .constdata          c_w.l(_printf_hex_int_ll_ptr.o)
    0x080030cc   0x080030cc   0x00000011   Data   RO          251    .constdata          c_w.l(__printf_flags_ss_wp.o)
    0x080030dd   0x080030dd   0x00000026   Data   RO          314    .constdata          c_w.l(_printf_fp_hex.o)
    0x08003103   0x08003103   0x00000001   PAD
    0x08003104   0x08003104   0x00000094   Data   RO          411    .constdata          c_w.l(bigflt0.o)
    0x08003198   0x08003198   0x00000010   Data   RO          162    .rodata.AHBPrescTable  system_stm32f4xx.o
    0x080031a8   0x080031a8   0x00000004   Data   RO           64    .rodata._OS_idleTCB_p  os.o
    0x080031ac   0x080031ac   0x00000008   Data   RO          141    .rodata.__stderr_name  retarget_io.o
    0x080031b4   0x080031b4   0x00000007   Data   RO          139    .rodata.__stdin_name  retarget_io.o
    0x080031bb   0x080031bb   0x00000008   Data   RO          140    .rodata.__stdout_name  retarget_io.o
    0x080031c3   0x080031c3   0x0000001e   Data   RO            8    .rodata.str1.1      main.o
    0x080031e1   0x080031e1   0x00000017   Data   RO          142    .rodata.str1.1      retarget_io.o
    0x080031f8   0x080031f8   0x00000020   Data   RO          675    Region$$Table       anon$$obj.o
    0x08003218   0x08003218   0x0000001c   Data   RO          450    locale$$data        c_w.l(lc_numeric_c.o)
    0x08003234   0x08003234   0x00000110   Data   RO          577    locale$$data        c_w.l(lc_ctype_c.o)


    Execution Region RW_IRAM1 (Exec base: 0x20000000, Load base: 0x08003348, Size: 0x00000c60, Max: 0x00020000, ABSOLUTE)

    Exec Addr    Load Addr    Size         Type   Attr      Idx    E Section Name        Object

    0x20000000   0x08003348   0x00000004   Data   RW          279    .data               c_w.l(stdio_streams.o)
    0x20000004   0x0800334c   0x00000004   Data   RW          280    .data               c_w.l(stdio_streams.o)
    0x20000008   0x08003350   0x00000004   Data   RW          281    .data               c_w.l(stdio_streams.o)
    0x2000000c   0x08003354   0x00000004   Data   RW          161    .data.SystemCoreClock  system_stm32f4xx.o
    0x20000010   0x08003358   0x00000014   Data   RW           63    .data._OS_idleTCB   os.o
    0x20000024   0x0800336c   0x00000040   Data   RW          115    .data.configUSART2.hpre  utils.o
    0x20000064   0x080033ac   0x00000020   Data   RW          114    .data.configUSART2.ppre1  utils.o
    0x20000084   0x080033cc   0x00000004   PAD
    0x20000088        -       0x00000054   Zero   RW          276    .bss                c_w.l(stdio_streams.o)
    0x200000dc        -       0x00000054   Zero   RW          277    .bss                c_w.l(stdio_streams.o)
    0x20000130        -       0x00000054   Zero   RW          278    .bss                c_w.l(stdio_streams.o)
    0x20000184        -       0x00000060   Zero   RW          534    .bss                c_w.l(libspace.o)
    0x200001e4        -       0x00000004   Zero   RW           65    .bss._currentTCB    os.o
    0x200001e8        -       0x00000040   Zero   RW           67    .bss._idleTaskSF    os.o
    0x20000228        -       0x00000004   Zero   RW           66    .bss._ticks         os.o
    0x2000022c        -       0x00000014   Zero   RW           11    .bss.main.TCB1      main.o
    0x20000240        -       0x00000014   Zero   RW           12    .bss.main.TCB2      main.o
    0x20000254   0x080033cc   0x00000004   PAD
    0x20000258        -       0x00000200   Zero   RW            9    .bss.main.stack1    main.o
    0x20000458        -       0x00000200   Zero   RW           10    .bss.main.stack2    main.o
    0x20000658        -       0x00000004   Zero   RW           33    .bss.task_list      scheduler.o
    0x2000065c   0x080033cc   0x00000004   PAD
    0x20000660        -       0x00000200   Zero   RW          150    HEAP                startup_stm32f407xx.o
    0x20000860        -       0x00000400   Zero   RW          149    STACK               startup_stm32f407xx.o


==============================================================================

Image component sizes


      Code (inc. data)   RO Data    RW Data    ZI Data      Debug   Object Name

       148          0          0          0          0       1107   hardfault.o
       176          0         30          0       1064       1152   main.o
       346          0          4         20         72       5784   os.o
       136         26          0          0          0        288   os_asm.o
       566          0         46          0          0       2388   retarget_io.o
       526          0          0          0          4       2941   scheduler.o
        70          0          0          0          0       1164   sleep.o
        64         26        392          0       1536        792   startup_stm32f407xx.o
       304          0         16          4          0       2044   system_stm32f4xx.o
       446          0          0         96          0       2927   utils.o

    ----------------------------------------------------------------------
      2824         52        520        120       2688      20587   Object Totals
         0          0         32          0          0          0   (incl. Generated)
        42          0          0          0         12          0   (incl. Padding)

    ----------------------------------------------------------------------

      Code (inc. data)   RO Data    RW Data    ZI Data      Debug   Library Member Name

         8          0          0          0          0         68   __main.o
       392          4         17          0          0         92   __printf_flags_ss_wp.o
        14          0          0          0          0         68   __printf_wp.o
         0          0          0          0          0          0   __rtentry.o
        12          0          0          0          0          0   __rtentry2.o
         6          0          0          0          0          0   __rtentry4.o
        52          8          0          0          0          0   __scatter.o
        26          0          0          0          0          0   __scatter_copy.o
        28          0          0          0          0          0   __scatter_zi.o
        72          0          0          0          0         96   _c16rtomb.o
         6          0          0          0          0          0   _printf_a.o
         6          0          0          0          0          0   _printf_c.o
        44          0          0          0          0        108   _printf_char.o
        48          6          0          0          0         96   _printf_char_common.o
        36          4          0          0          0         80   _printf_char_file.o
        40          0          0          0          0         68   _printf_charcount.o
         6          0          0          0          0          0   _printf_d.o
       120         16          0          0          0         92   _printf_dec.o
         6          0          0          0          0          0   _printf_e.o
         6          0          0          0          0          0   _printf_f.o
      1052          0          0          0          0        148   _printf_fp_dec.o
       764          8         38          0          0        100   _printf_fp_hex.o
       128         16          0          0          0         84   _printf_fp_infnan.o
         6          0          0          0          0          0   _printf_g.o
       148          4         40          0          0        160   _printf_hex_int_ll_ptr.o
         6          0          0          0          0          0   _printf_i.o
       178          0          0          0          0         88   _printf_intcommon.o
        10          0          0          0          0          0   _printf_l.o
         6          0          0          0          0          0   _printf_lc.o
        10          0          0          0          0          0   _printf_ll.o
         6          0          0          0          0          0   _printf_lld.o
         6          0          0          0          0          0   _printf_lli.o
         6          0          0          0          0          0   _printf_llo.o
         6          0          0          0          0          0   _printf_llu.o
         6          0          0          0          0          0   _printf_llx.o
       124         16          0          0          0         92   _printf_longlong_dec.o
         6          0          0          0          0          0   _printf_ls.o
         6          0          0          0          0          0   _printf_n.o
         6          0          0          0          0          0   _printf_o.o
       112          8          0          0          0        124   _printf_oct_int_ll.o
         6          0          0          0          0          0   _printf_p.o
        78          0          0          0          0        108   _printf_pad.o
         0          0          0          0          0          0   _printf_percent.o
         4          0          0          0          0          0   _printf_percent_end.o
         6          0          0          0          0          0   _printf_s.o
        82          0          0          0          0         80   _printf_str.o
        36          0          0          0          0         84   _printf_truncate.o
         6          0          0          0          0          0   _printf_u.o
        44          0          0          0          0        108   _printf_wchar.o
       188          6          8          0          0         92   _printf_wctomb.o
         6          0          0          0          0          0   _printf_x.o
       228          4        148          0          0         96   bigflt0.o
      1936        128          0          0          0        668   btod.o
        10          0          0          0          0         68   defsig_exit.o
        50          0          0          0          0         88   defsig_general.o
        80         58          0          0          0         76   defsig_rtmem_inner.o
        14          0          0          0          0         80   defsig_rtmem_outer.o
        52         38          0          0          0         76   defsig_rtred_inner.o
        14          0          0          0          0         80   defsig_rtred_outer.o
        18          0          0          0          0         80   exit.o
        76          0          0          0          0         88   fclose.o
         8          0          0          0          0         68   ferror.o
       470          0          0          0          0         88   flsbuf.o
       240          6          0          0          0        128   fopen.o
        26          0          0          0          0         68   fputc.o
       248          6          0          0          0         84   fseek.o
        66          0          0          0          0         76   ftell.o
        94          0          0          0          0         80   h1_alloc.o
        52          0          0          0          0         68   h1_extend.o
        78          0          0          0          0         80   h1_free.o
        14          0          0          0          0         84   h1_init.o
         6          0          0          0          0        152   heapauxi.o
         4          0          0          0          0        136   hguard.o
       138          0          0          0          0        168   init_alloc.o
       312         46          0          0          0        112   initio.o
        44         10        272          0          0         76   lc_ctype_c.o
        44         10         28          0          0         76   lc_numeric_c.o
         2          0          0          0          0          0   libinit.o
        42          0          0          0          0          0   libinit2.o
         2          0          0          0          0          0   libshutdown.o
         6          0          0          0          0          0   libshutdown2.o
         8          4          0          0         96         68   libspace.o
       138          0          0          0          0         80   lludiv10.o
         0          0          0          0          0          0   maybetermalloc1.o
        24          4          0          0          0         84   printf.o
        16          4          0          0          0         76   rt_ctype_table.o
         8          4          0          0          0         68   rt_errno_addr_intlibspace.o
         8          4          0          0          0         68   rt_heap_descriptor_intlibspace.o
         8          4          0          0          0         68   rt_locale_intlibspace.o
        78          0          0          0          0         80   rt_memclr_w.o
         2          0          0          0          0          0   rtexit.o
        10          0          0          0          0          0   rtexit2.o
        70          0          0          0          0         80   setvbuf.o
       240          6          0          0          0        156   stdio.o
         0          0          0         12        252          0   stdio_streams.o
       124          0          0          0          0         88   strcmpv7em.o
        74          0          0          0          0         80   sys_stackheap_outer.o
         2          0          0          0          0         68   use_no_semi.o
         2          0          0          0          0         68   use_no_semi_2.o
         4          0          0          0          0         68   printf1.o
         4          0          0          0          0         68   printf2.o
         0          0          0          0          0          0   usenofp.o
        40          0          0          0          0         68   fpclassify.o

    ----------------------------------------------------------------------
      9228        432        552         12        348       6316   Library Totals
        18          0          1          0          0          0   (incl. Padding)

    ----------------------------------------------------------------------

      Code (inc. data)   RO Data    RW Data    ZI Data      Debug   Library Name

      9162        432        551         12        348       6112   c_w.l
         8          0          0          0          0        136   fz_ws.l
        40          0          0          0          0         68   m_ws.l

    ----------------------------------------------------------------------
      9228        432        552         12        348       6316   Library Totals

    ----------------------------------------------------------------------

==============================================================================


      Code (inc. data)   RO Data    RW Data    ZI Data      Debug   

     12052        484       1072        132       3036      23275   Grand Totals
     12052        484       1072        132       3036      23275   ELF Image Totals
     12052        484       1072        132          0          0   ROM Totals

==============================================================================

    Total RO  Size (Code + RO Data)                13124 (  12.82kB)
    Total RW  Size (RW Data + ZI Data)              3168 (   3.09kB)
    Total ROM Size (Code + RO Data + RW Data)      13256 (  12.95kB)

==============================================================================

